 udp_comm_test_slrt

 Timestamp is 5c70d66f (Sat Feb 23 10:43:19 2019)

 Preferred load address is 10000000

 Start         Length     Name                   Class
 0001:00000000 0007edc5H .text$mn                CODE
 0001:0007edc5 00001085H .text$x                 CODE
 0002:00000000 00000104H .CRT$XCA                DATA
 0002:00000104 00000104H .CRT$XCZ                DATA
 0002:00000208 00000104H .CRT$XIA                DATA
 0002:0000030c 00000110H .CRT$XIC                DATA
 0002:0000041c 00000104H .CRT$XIZ                DATA
 0002:00000520 00000104H .CRT$XPA                DATA
 0002:00000624 0000010cH .CRT$XPX                DATA
 0002:00000730 00000104H .CRT$XPXA               DATA
 0002:00000834 00000104H .CRT$XPZ                DATA
 0002:00000938 00000104H .CRT$XTA                DATA
 0002:00000a3c 00000104H .CRT$XTZ                DATA
 0002:00000b40 0000ec8cH .rdata                  DATA
 0002:0000f7cc 00000444H .rdata$r                DATA
 0002:0000fc10 00000128H .rdata$sxdata           DATA
 0002:0000fd38 000001d0H .rdata$zzzdbg           DATA
 0002:0000ff08 00000104H .rtc$IAA                DATA
 0002:0001000c 00000104H .rtc$IZZ                DATA
 0002:00010110 00000104H .rtc$TAA                DATA
 0002:00010214 00000104H .rtc$TZZ                DATA
 0002:00010318 00000db8H .xdata$x                DATA
 0002:000110d0 00000206H .edata                  DATA
 0003:00000000 00001830H .data                   DATA
 0003:00001830 00000250H .data$r                 DATA
 0003:00001a80 00015f08H .bss                    DATA
 0004:00000000 000001b4H .idata$5                DATA
 0004:000001b4 00000014H .idata$2                DATA
 0004:000001c8 00000014H .idata$3                DATA
 0004:000001dc 000001b4H .idata$4                DATA
 0004:00000390 000007a2H .idata$6                DATA
 0005:00000000 00000104H .00cfg                  DATA

  Address         Publics by Value              Rva+Base       Lib:Object

 0000:00000000       ___hybrid_code_map_count   00000000     <absolute>
 0000:00000000       ___guard_iat_count         00000000     <absolute>
 0000:00000000       ___guard_iat_table         00000000     <absolute>
 0000:00000000       __except_list              00000000     <absolute>
 0000:00000000       ___guard_fids_count        00000000     <absolute>
 0000:00000000       ___hybrid_auxiliary_iat    00000000     <absolute>
 0000:00000000       ___guard_longjmp_table     00000000     <absolute>
 0000:00000000       ___hybrid_code_map         00000000     <absolute>
 0000:00000000       ___volatile_metadata       00000000     <absolute>
 0000:00000000       ___enclave_config          00000000     <absolute>
 0000:00000000       ___guard_fids_table        00000000     <absolute>
 0000:00000000       ___dynamic_value_reloc_table 00000000     <absolute>
 0000:00000000       ___guard_longjmp_count     00000000     <absolute>
 0000:00000008       ___safe_se_handler_count   00000008     <absolute>
 0000:00000100       ___guard_flags             00000100     <absolute>
 0000:00000000       ___ImageBase               10000000     <linker-defined>
 0001:00007220       _DllMain@12                10008220 f   xpctarget.obj
 0001:00007230       _SLRTSetErrorStatus        10008230 f   xpctarget.obj
 0001:00007250       _changeStepSize            10008250 f   xpctarget.obj
 0001:000072a0       _getDLMVersion             100082a0 f   xpctarget.obj
 0001:000072b0       _getFullPathToRefMdl       100082b0 f   xpctarget.obj
 0001:00007360       _getRefMdlPath             10008360 f   xpctarget.obj
 0001:000073e0       _getRefMdlSignalNumber     100083e0 f   xpctarget.obj
 0001:00007490       _getrlmdlinfo              10008490 f   xpctarget.obj
 0001:000075f0       _slrtRegisterSignalToLoggingService 100085f0 f   xpctarget.obj
 0001:00007750       _udp_comm_test_ChangeStepSize 10008750 f   xpctarget.obj
 0001:000077a0       _updateDiscreteEvents      100087a0 f   xpctarget.obj
 0001:000077b0       _getNumRef                 100087b0 f   appmappingData.obj
 0001:000077c0       ___local_stdio_printf_options 100087c0 f i legacy_stdio.obj
 0001:000077d0       __vfprintf_l               100087d0 f i legacy_stdio.obj
 0001:00007800       _vprintf                   10008800 f i legacy_stdio.obj
 0001:00007840       _rt_mxCreateCharMatrixFromStrings 10008840 f   rt_matrx.obj
 0001:000079a0       _rt_mxCreateDoubleMatrix   100089a0 f   rt_matrx.obj
 0001:00007a00       _rt_mxCreateNumericArray   10008a00 f   rt_matrx.obj
 0001:00007a70       _rt_mxCreateString         10008a70 f   rt_matrx.obj
 0001:00007b00       _rt_mxDuplicateArray       10008b00 f   rt_matrx.obj
 0001:00007b60       _rt_mxGetDimensions        10008b60 f   rt_matrx.obj
 0001:00007ba0       _rt_mxGetEps               10008ba0 f   rt_matrx.obj
 0001:00007bb0       _rt_mxGetString            10008bb0 f   rt_matrx.obj
 0001:00007c30       _rtPrintfNoOp              10008c30 f   rt_printf.obj
 0001:00007c40       __vsnprintf_l              10008c40 f i rt_logging.obj
 0001:00007c80       __vsprintf_l               10008c80 f i rt_logging.obj
 0001:00007cc0       _fprintf                   10008cc0 f i rt_logging.obj
 0001:000081c0       _printf                    100091c0 f i rt_logging.obj
 0001:00008200       _rt_CreateLogVar           10009200 f   rt_logging.obj
 0001:00008290       _rt_CreateLogVarWithConvert 10009290 f   rt_logging.obj
 0001:00008bc0       _rt_CreateStructLogVar     10009bc0 f   rt_logging.obj
 0001:00009940       _rt_GetMxIdFromDTypeId     1000a940 f   rt_logging.obj
 0001:00009970       _rt_GetMxIdFromDTypeIdForRSim 1000a970 f   rt_logging.obj
 0001:0000c510       _rt_StartDataLogging       1000d510 f   rt_logging.obj
 0001:0000c9d0       _rt_StartDataLoggingWithStartTime 1000d9d0 f   rt_logging.obj
 0001:0000ce50       _rt_StopDataLogging        1000de50 f   rt_logging.obj
 0001:0000ce70       _rt_StopDataLoggingImpl    1000de70 f   rt_logging.obj
 0001:0000d2b0       _rt_UpdateLogVar           1000e2b0 f   rt_logging.obj
 0001:0000e4f0       _rt_UpdateStructLogVar     1000f4f0 f   rt_logging.obj
 0001:0000e580       _rt_UpdateTXXFYLogVars     1000f580 f   rt_logging.obj
 0001:0000eb60       _rt_UpdateTXYLogVars       1000fb60 f   rt_logging.obj
 0001:0000eda0       _rt_getTempMemory          1000fda0 f   rt_logging.obj
 0001:0000edf0       _sprintf                   1000fdf0 f i rt_logging.obj
 0001:0000ee30       _rtGetInf                  1000fe30 f   rtGetInf.obj
 0001:0000ee60       _rtGetInfF                 1000fe60 f   rtGetInf.obj
 0001:0000ee80       _rtGetMinusInf             1000fe80 f   rtGetInf.obj
 0001:0000eeb0       _rtGetMinusInfF            1000feb0 f   rtGetInf.obj
 0001:0000eed0       _rtGetNaN                  1000fed0 f   rtGetNaN.obj
 0001:0000ef00       _rtGetNaNF                 1000ff00 f   rtGetNaN.obj
 0001:0000ef20       _rtIsInf                   1000ff20 f   rt_nonfinite.obj
 0001:0000ef60       _rtIsInfF                  1000ff60 f   rt_nonfinite.obj
 0001:0000efa0       _rtIsNaN                   1000ffa0 f   rt_nonfinite.obj
 0001:0000efb0       _rtIsNaNF                  1000ffb0 f   rt_nonfinite.obj
 0001:0000efc0       _rt_InitInfAndNaN          1000ffc0 f   rt_nonfinite.obj
 0001:0000f020       _MdlInitialize             10010020 f   udp_comm_test.obj
 0001:0000f030       _MdlInitializeSampleTimes  10010030 f   udp_comm_test.obj
 0001:0000f040       _MdlInitializeSizes        10010040 f   udp_comm_test.obj
 0001:0000f050       _MdlOutputs                10010050 f   udp_comm_test.obj
 0001:0000f1e0       _MdlStart                  100101e0 f   udp_comm_test.obj
 0001:0000f2d0       _MdlTerminate              100102d0 f   udp_comm_test.obj
 0001:0000f340       _MdlUpdate                 10010340 f   udp_comm_test.obj
 0001:0000f3d0       _udp_comm_test             100103d0 f   udp_comm_test.obj
 0001:00011750       _udp_comm_test_GetCAPIStaticMap 10012750 f   udp_comm_test_capi.obj
 0001:00011760       _udp_comm_test_InitializeDataMapInfo 10012760 f   udp_comm_test_capi.obj
 0001:00011830       _mdlXcp_GetMdlXcpInfo      10012830 f   udp_comm_test_xcp.obj
 0001:00011840       _SLRT_update_TET           10012840 f   udp_comm_test_xcp_TET.obj
 0001:00011910       _rt_CleanUpForStateLogWithMMI 10012910 f   rt_logging_mmi.obj
 0001:00011a20       _rt_FillStateSigInfoFromMMI 10012a20 f   rt_logging_mmi.obj
 0001:00011df0       _rtwCAPI_CountSysRan       10012df0 f   rtw_modelmap_utils.obj
 0001:00011e90       _rtwCAPI_EncodePath        10012e90 f   rtw_modelmap_utils.obj
 0001:00011fa0       _rtwCAPI_FillSysRan        10012fa0 f   rtw_modelmap_utils.obj
 0001:00012090       _rtwCAPI_FreeFullPaths     10013090 f   rtw_modelmap_utils.obj
 0001:00012120       _rtwCAPI_GetFullStateBlockPath 10013120 f   rtw_modelmap_utils.obj
 0001:000122b0       _rtwCAPI_GetNumContStateRecords 100132b0 f   rtw_modelmap_utils.obj
 0001:00012370       _rtwCAPI_GetNumSigLogRecords 10013370 f   rtw_modelmap_utils.obj
 0001:000123c0       _rtwCAPI_GetNumSigLogRecordsForRTWLogging 100133c0 f   rtw_modelmap_utils.obj
 0001:00012460       _rtwCAPI_GetNumStateRecords 10013460 f   rtw_modelmap_utils.obj
 0001:000124b0       _rtwCAPI_GetNumStateRecordsForRTWLogging 100134b0 f   rtw_modelmap_utils.obj
 0001:00012550       _rtwCAPI_GetSigAddrFromMap 10013550 f   rtw_modelmap_utils.obj
 0001:00012610       _rtwCAPI_GetSigLogRecordInfo 10013610 f   rtw_modelmap_utils.obj
 0001:00012a40       _rtwCAPI_GetStateRecordInfo 10013a40 f   rtw_modelmap_utils.obj
 0001:00012f40       _rtwCAPI_GetStateWidth     10013f40 f   rtw_modelmap_utils.obj
 0001:00012fa0       _rtwCAPI_HasStates         10013fa0 f   rtw_modelmap_utils.obj
 0001:00013000       _rtwCAPI_UpdateFullPaths   10014000 f   rtw_modelmap_utils.obj
 0001:000131e0       _timestamp_x86             100141e0 f   host_timer_x86.obj
 0001:000131f0       _taskTimeEnd               100141f0 f   xpc_code_profiling_utility_functions.obj
 0001:00013200       _taskTimeEnd_              10014200 f   xpc_code_profiling_utility_functions.obj
 0001:00013210       _taskTimeStart             10014210 f   xpc_code_profiling_utility_functions.obj
 0001:00013220       _taskTimeStart_            10014220 f   xpc_code_profiling_utility_functions.obj
 0001:00013230       _xilProfilingTimerFreeze   10014230 f   xpc_code_profiling_utility_functions.obj
 0001:00013240       _xilProfilingTimerUnFreeze 10014240 f   xpc_code_profiling_utility_functions.obj
 0001:00013250       _xilUploadProfilingData    10014250 f   xpc_code_profiling_utility_functions.obj
 0001:00013260       ___local_stdio_scanf_options 10014260 f i asciidecode.obj
 0001:00013270       __vsscanf_l                10014270 f i asciidecode.obj
 0001:000132a0       _asciidecode               100142a0 f   asciidecode.obj
 0001:00013d60       _sscanf                    10014d60 f i asciidecode.obj
 0001:00013d90       _asciiencode               10014d90 f   asciiencode.obj
 0001:00015380       _slrtIPConfig              10016380 f   slrtIPConfig.obj
 0001:00015ab0       _slrtUDPReceive            10016ab0 f   slrtUDPReceive.obj
 0001:00016070       _slrtUDPSend               10017070 f   slrtUDPSend.obj
 0001:000160c0       _GetPCIDeviceFull          100170c0 f   xpcruntime:xpcimports.obj
 0001:00016230       _GetPCIDeviceFunction      10017230 f   xpcruntime:xpcimports.obj
 0001:000163a0       _ShowPCIDevice             100173a0 f   xpcruntime:xpcimports.obj
 0001:000169d0       _slrtGetPciConfigAtFunction 100179d0 f   xpcruntime:xpcimports.obj
 0001:00016d40       _xpcGetPciConfigAtSlot     10017d40 f   xpcruntime:xpcimports.obj
 0001:00016d60       _xpcInitProcs              10017d60 f   xpcruntime:xpcimports.obj
 0001:000183e0       _xpceuploadevent           100193e0 f   xpcruntime:xpcimports.obj
 0001:000183f0       __ftoui3                   100193f0 f   LIBCMT:ftol3.obj
 0001:000183ff       __ftoul3                   100193ff f   LIBCMT:ftol3.obj
 0001:0001840e       __ftol3                    1001940e f   LIBCMT:ftol3.obj
 0001:0001841b       __ftol3_NaN                1001941b f   LIBCMT:ftol3.obj
 0001:00018433       __ftol3_work               10019433 f   LIBCMT:ftol3.obj
 0001:000184b9       __ftol3_common             100194b9 f   LIBCMT:ftol3.obj
 0001:0001857b       __ftol3_arg_error          1001957b f   LIBCMT:ftol3.obj
 0001:0001858d       __ftol3_except             1001958d f   LIBCMT:ftol3.obj
 0001:000185d1       __dtoui3                   100195d1 f   LIBCMT:ftol3.obj
 0001:000185e0       __dtoul3                   100195e0 f   LIBCMT:ftol3.obj
 0001:000185ef       __dtol3                    100195ef f   LIBCMT:ftol3.obj
 0001:000185fc       __dtol3_NaN                100195fc f   LIBCMT:ftol3.obj
 0001:00018619       __dtol3_work               10019619 f   LIBCMT:ftol3.obj
 0001:00018700       __ultod3                   10019700 f   LIBCMT:ftol3.obj
 0001:00018740       __ltod3                    10019740 f   LIBCMT:ftol3.obj
 0001:00018844       ___raise_securityfailure   10019844 f   LIBCMT:gs_report.obj
 0001:00018876       ___report_gsfailure        10019876 f   LIBCMT:gs_report.obj
 0001:000189ad       ___report_rangecheckfailure 100199ad f   LIBCMT:gs_report.obj
 0001:000189bc       ___report_securityfailure  100199bc f   LIBCMT:gs_report.obj
 0001:00018abd       ___report_securityfailureEx 10019abd f   LIBCMT:gs_report.obj
 0001:00018c16       @__security_check_cookie@4 10019c16 f   LIBCMT:secchk.obj
 0001:00018c2b       ___isa_available_init      10019c2b f   LIBCMT:cpu_disp.obj
 0001:0001920c       __CRT_INIT@12              1001a20c f   LIBCMT:dll_dllmain.obj
 0001:00019217       __DllMainCRTStartup@12     1001a217 f   LIBCMT:dll_dllmain.obj
 0001:000192a2       ___security_init_cookie    1001a2a2 f   LIBCMT:gs_support.obj
 0001:000192ff       ?__scrt_initialize_type_info@@YAXXZ 1001a2ff f   LIBCMT:tncleanup.obj
 0001:0001930e       ?__scrt_uninitialize_type_info@@YAXXZ 1001a30e f   LIBCMT:tncleanup.obj
 0001:0001931d       ___scrt_initialize_default_local_stdio_options 1001a31d f   LIBCMT:default_local_stdio_options.obj
 0001:00019341       ??$__crt_fast_decode_pointer@PAP6AXXZ@@YAPAP6AXXZQAP6AXXZ@Z 1001a341 f i LIBCMT:utility.obj
 0001:0001935a       ??$__crt_fast_encode_pointer@PAP6AXXZ@@YAPAP6AXXZQAP6AXXZ@Z 1001a35a f i LIBCMT:utility.obj
 0001:0001937e       ?__crt_rotate_pointer_value@@YAIIH@Z 1001a37e f i LIBCMT:utility.obj
 0001:0001938e       ?configure_argv@__scrt_narrow_argv_policy@@SAHXZ 1001a38e f i LIBCMT:utility.obj
 0001:000193f3       ?initialize_environment@__scrt_narrow_environment_policy@@SAHXZ 1001a3f3 f i LIBCMT:utility.obj
 0001:00019439       _NtCurrentTeb              1001a439 f i LIBCMT:utility.obj
 0001:00019440       ___scrt_acquire_startup_lock 1001a440 f   LIBCMT:utility.obj
 0001:0001947e       ___scrt_dllmain_after_initialize_c 1001a47e f   LIBCMT:utility.obj
 0001:000194b3       ___scrt_dllmain_before_initialize_c 1001a4b3 f   LIBCMT:utility.obj
 0001:000194c4       ___scrt_dllmain_crt_thread_attach 1001a4c4 f   LIBCMT:utility.obj
 0001:000194ea       ___scrt_dllmain_crt_thread_detach 1001a4ea f   LIBCMT:utility.obj
 0001:000194fa       ___scrt_dllmain_exception_filter 1001a4fa f   LIBCMT:utility.obj
 0001:0001953b       ___scrt_dllmain_uninitialize_c 1001a53b f   LIBCMT:utility.obj
 0001:00019566       ___scrt_dllmain_uninitialize_critical 1001a566 f   LIBCMT:utility.obj
 0001:00019576       ___scrt_initialize_crt     1001a576 f   LIBCMT:utility.obj
 0001:000195bd       ___scrt_initialize_onexit_tables 1001a5bd f   LIBCMT:utility.obj
 0001:0001968b       ___scrt_is_nonwritable_in_current_image 1001a68b f   LIBCMT:utility.obj
 0001:00019744       ___scrt_release_startup_lock 1001a744 f   LIBCMT:utility.obj
 0001:00019768       ___scrt_uninitialize_crt   1001a768 f   LIBCMT:utility.obj
 0001:0001979a       __onexit                   1001a79a f   LIBCMT:utility.obj
 0001:000197e3       _at_quick_exit             1001a7e3 f   LIBCMT:utility.obj
 0001:00019820       _atexit                    1001a820 f   LIBCMT:utility.obj
 0001:0001983a       ___scrt_get_dyn_tls_init_callback 1001a83a f   LIBCMT:dyn_tls_init.obj
 0001:00019840       ___scrt_fastfail           1001a840 f   LIBCMT:utility_desktop.obj
 0001:000199a0       ___scrt_get_show_window_mode 1001a9a0 f   LIBCMT:utility_desktop.obj
 0001:000199dd       ___scrt_initialize_mta     1001a9dd f   LIBCMT:utility_desktop.obj
 0001:000199e2       ___scrt_initialize_winrt   1001a9e2 f   LIBCMT:utility_desktop.obj
 0001:000199e5       ___scrt_is_managed_app     1001a9e5 f   LIBCMT:utility_desktop.obj
 0001:00019a38       ___scrt_set_unhandled_exception_filter 1001aa38 f   LIBCMT:utility_desktop.obj
 0001:00019a47       ___scrt_stub_for_initialize_mta 1001aa47 f   LIBCMT:utility_desktop.obj
 0001:00019a47       ___scrt_exe_initialize_mta 1001aa47 f   LIBCMT:utility_desktop.obj
 0001:00019a4a       ___scrt_unhandled_exception_filter@4 1001aa4a f   LIBCMT:utility_desktop.obj
 0001:00019a9b       __crt_debugger_hook        1001aa9b f   LIBCMT:utility_desktop.obj
 0001:00019aa5       __RTC_Initialize           1001aaa5 f   LIBCMT:initsect.obj
 0001:00019adc       __RTC_Terminate            1001aadc f   LIBCMT:initsect.obj
 0001:00019b20       __SEH_prolog4              1001ab20 f   LIBCMT:sehprolg4.obj
 0001:00019b66       __SEH_epilog4              1001ab66 f   LIBCMT:sehprolg4.obj
 0001:00019b91       @_guard_check_icall_nop@4  1001ab91 f i LIBCMT:guard_support.obj
 0001:00019b92       _ReadNoFence               1001ab92 f i LIBCMT:guard_support.obj
 0001:00019b9e       _ReadPointerNoFence        1001ab9e f i LIBCMT:guard_support.obj
 0001:00019baa       __guard_icall_checks_enforced 1001abaa f i LIBCMT:guard_support.obj
 0001:00019bc0       __get_startup_argv_mode    1001abc0 f   LIBCMT:argv_mode.obj
 0001:00019bc4       ___scrt_is_ucrt_dll_in_use 1001abc4 f   LIBCMT:ucrt_detection.obj
 0001:00019bd3       _GetModuleHandleA@4        1001abd3 f   kernel32:KERNEL32.dll
 0001:00019bd9       _GetProcAddress@8          1001abd9 f   kernel32:KERNEL32.dll
 0001:00019bdf       _UnhandledExceptionFilter@4 1001abdf f   kernel32:KERNEL32.dll
 0001:00019be5       _SetUnhandledExceptionFilter@4 1001abe5 f   kernel32:KERNEL32.dll
 0001:00019beb       _GetCurrentProcess@0       1001abeb f   kernel32:KERNEL32.dll
 0001:00019bf1       _TerminateProcess@8        1001abf1 f   kernel32:KERNEL32.dll
 0001:00019bf7       _IsProcessorFeaturePresent@4 1001abf7 f   kernel32:KERNEL32.dll
 0001:00019bfd       _QueryPerformanceCounter@4 1001abfd f   kernel32:KERNEL32.dll
 0001:00019c03       _GetCurrentProcessId@0     1001ac03 f   kernel32:KERNEL32.dll
 0001:00019c09       _GetCurrentThreadId@0      1001ac09 f   kernel32:KERNEL32.dll
 0001:00019c0f       _GetSystemTimeAsFileTime@4 1001ac0f f   kernel32:KERNEL32.dll
 0001:00019c15       _InitializeSListHead@4     1001ac15 f   kernel32:KERNEL32.dll
 0001:00019c1b       _IsDebuggerPresent@0       1001ac1b f   kernel32:KERNEL32.dll
 0001:00019c21       _GetStartupInfoW@4         1001ac21 f   kernel32:KERNEL32.dll
 0001:00019c27       _GetModuleHandleW@4        1001ac27 f   kernel32:KERNEL32.dll
 0001:00019c30       _memcpy                    1001ac30 f   libvcruntime:memcpy.obj
 0001:0001a310       _strchr                    1001b310 f   libvcruntime:strchr.obj
 0001:0001a37e       ___from_strstr_to_strchr   1001b37e     libvcruntime:strchr.obj
 0001:0001a490       _memmove                   1001b490 f   libvcruntime:memmove.obj
 0001:0001ab70       _memset                    1001bb70 f   libvcruntime:memset.obj
 0001:0001ad60       __except_handler4          1001bd60 f   libvcruntime:chandler4.obj
 0001:0001af1c       ??$?RD@__crt_internal_free_policy@@QBEXQBD@Z 1001bf1c f i libvcruntime:std_type_info.obj
 0001:0001af30       ??$?RX@__crt_internal_free_policy@@QBEXQBX@Z 1001bf30 f i libvcruntime:std_type_info.obj
 0001:0001af44       ??$__crt_interlocked_compare_exchange_pointer@$$CBDPAD$$T@@YAPBDPDSBDQAD$$T@Z 1001bf44 f i libvcruntime:std_type_info.obj
 0001:0001af5a       ??$__crt_interlocked_read_pointer@$$CBD@@YAPBDPDSBD@Z 1001bf5a f i libvcruntime:std_type_info.obj
 0001:0001af66       ??0?$__crt_unique_heap_ptr@DU__crt_internal_free_policy@@@@QAE@QAD@Z 1001bf66 f i libvcruntime:std_type_info.obj
 0001:0001af77       ??0?$__crt_unique_heap_ptr@XU__crt_internal_free_policy@@@@QAE@QAX@Z 1001bf77 f i libvcruntime:std_type_info.obj
 0001:0001af88       ??1?$__crt_unique_heap_ptr@DU__crt_internal_free_policy@@@@QAE@XZ 1001bf88 f i libvcruntime:std_type_info.obj
 0001:0001af9c       ??1?$__crt_unique_heap_ptr@XU__crt_internal_free_policy@@@@QAE@XZ 1001bf9c f i libvcruntime:std_type_info.obj
 0001:0001afbc       ??B?$__crt_unique_heap_ptr@DU__crt_internal_free_policy@@@@QBE_NXZ 1001bfbc f i libvcruntime:std_type_info.obj
 0001:0001afc3       ??B?$__crt_unique_heap_ptr@XU__crt_internal_free_policy@@@@QBE_NXZ 1001bfc3 f i libvcruntime:std_type_info.obj
 0001:0001aff2       ?__crt_interlocked_read_32@@YAHPDH@Z 1001bff2 f i libvcruntime:std_type_info.obj
 0001:0001affe       ?detach@?$__crt_unique_heap_ptr@XU__crt_internal_free_policy@@@@QAEPAXXZ 1001bffe f i libvcruntime:std_type_info.obj
 0001:0001b004       ?get@?$__crt_unique_heap_ptr@DU__crt_internal_free_policy@@@@QBEPADXZ 1001c004 f i libvcruntime:std_type_info.obj
 0001:0001b007       ?get@?$__crt_unique_heap_ptr@XU__crt_internal_free_policy@@@@QBEPAXXZ 1001c007 f i libvcruntime:std_type_info.obj
 0001:0001b00a       ?is_valid@?$__crt_unique_heap_ptr@DU__crt_internal_free_policy@@@@QBE_NXZ 1001c00a f i libvcruntime:std_type_info.obj
 0001:0001b011       ?is_valid@?$__crt_unique_heap_ptr@XU__crt_internal_free_policy@@@@QBE_NXZ 1001c011 f i libvcruntime:std_type_info.obj
 0001:0001b018       ?release@?$__crt_unique_heap_ptr@DU__crt_internal_free_policy@@@@QAEXXZ 1001c018 f i libvcruntime:std_type_info.obj
 0001:0001b02c       ?release@?$__crt_unique_heap_ptr@XU__crt_internal_free_policy@@@@QAEXXZ 1001c02c f i libvcruntime:std_type_info.obj
 0001:0001b040       ___std_type_info_compare   1001c040 f   libvcruntime:std_type_info.obj
 0001:0001b08b       ___std_type_info_destroy_list 1001c08b f   libvcruntime:std_type_info.obj
 0001:0001b0b6       ___std_type_info_hash      1001c0b6 f   libvcruntime:std_type_info.obj
 0001:0001b0e5       ___std_type_info_name      1001c0e5 f   libvcruntime:std_type_info.obj
 0001:0001b1d8       ___vcrt_initialize         1001c1d8 f   libvcruntime:initialization.obj
 0001:0001b20b       ___vcrt_thread_attach      1001c20b f   libvcruntime:initialization.obj
 0001:0001b218       ___vcrt_thread_detach      1001c218 f   libvcruntime:initialization.obj
 0001:0001b225       ___vcrt_uninitialize       1001c225 f   libvcruntime:initialization.obj
 0001:0001b24b       ___vcrt_uninitialize_critical 1001c24b f   libvcruntime:initialization.obj
 0001:0001b260       __local_unwind4            1001c260 f   libvcruntime:exsup4.obj
 0001:0001b338       __seh_longjmp_unwind4@4    1001c338 f   libvcruntime:exsup4.obj
 0001:0001b360       @_EH4_CallFilterFunc@8     1001c360 f   libvcruntime:exsup4.obj
 0001:0001b378       @_EH4_TransferToHandler@8  1001c378 f   libvcruntime:exsup4.obj
 0001:0001b394       @_EH4_GlobalUnwind2@8      1001c394 f   libvcruntime:exsup4.obj
 0001:0001b3b0       @_EH4_LocalUnwind@16       1001c3b0 f   libvcruntime:exsup4.obj
 0001:0001b42d       ___except_validate_context_record 1001c42d f   libvcruntime:jbcxrval.obj
 0001:0001b469       ___except_validate_jump_buffer 1001c469 f   libvcruntime:jbcxrval.obj
 0001:0001b4a1       ___except_validate_jump_buffer_common 1001c4a1 f i libvcruntime:jbcxrval.obj
 0001:0001b4e8       ??0Block@_HeapManager@@QAE@XZ 1001c4e8 f i libvcruntime:undname.obj
 0001:0001b4ee       ??0DName@@QAE@AAPBDD@Z     1001c4ee f   libvcruntime:undname.obj
 0001:0001b5cc       ??0DName@@QAE@ABV0@@Z      1001c5cc f i libvcruntime:undname.obj
 0001:0001b5e7       ??0DName@@QAE@D@Z          1001c5e7 f   libvcruntime:undname.obj
 0001:0001b615       ??0DName@@QAE@PAV0@@Z      1001c615 f   libvcruntime:undname.obj
 0001:0001b66f       ??0DName@@QAE@PBD@Z        1001c66f f   libvcruntime:undname.obj
 0001:0001b6ae       ??0DName@@QAE@W4DNameStatus@@@Z 1001c6ae f   libvcruntime:undname.obj
 0001:0001b6fe       ??0DName@@QAE@XZ           1001c6fe f i libvcruntime:undname.obj
 0001:0001b70a       ??0DName@@QAE@_J@Z         1001c70a f   libvcruntime:undname.obj
 0001:0001b7b9       ??0DName@@QAE@_K@Z         1001c7b9 f   libvcruntime:undname.obj
 0001:0001b838       ??0DNameNode@@IAE@XZ       1001c838 f i libvcruntime:undname.obj
 0001:0001b843       ??0Replicator@@QAE@XZ      1001c843 f i libvcruntime:undname.obj
 0001:0001b854       ??0UnDecorator@@QAE@PBDP6APADJ@ZK@Z 1001c854 f i libvcruntime:undname.obj
 0001:0001b8b3       ??0charNode@@QAE@D@Z       1001c8b3 f i libvcruntime:undname.obj
 0001:0001b8cd       ??0pDNameNode@@QAE@PAVDName@@@Z 1001c8cd f   libvcruntime:undname.obj
 0001:0001b8ff       ??0pairNode@@QAE@PBVDNameNode@@0@Z 1001c8ff f i libvcruntime:undname.obj
 0001:0001b925       ??0pcharNode@@QAE@PBDH@Z   1001c925 f   libvcruntime:undname.obj
 0001:0001b99b       ??2@YAPAXIAAV_HeapManager@@H@Z 1001c99b f i libvcruntime:undname.obj
 0001:0001b9b5       ??4DName@@QAEAAV0@ABV0@@Z  1001c9b5 f   libvcruntime:undname.obj
 0001:0001b9d0       ??4DName@@QAEAAV0@D@Z      1001c9d0 f i libvcruntime:undname.obj
 0001:0001b9fe       ??4DName@@QAEAAV0@PAV0@@Z  1001c9fe f   libvcruntime:undname.obj
 0001:0001ba50       ??4DName@@QAEAAV0@PBD@Z    1001ca50 f   libvcruntime:undname.obj
 0001:0001ba85       ??4DName@@QAEAAV0@W4DNameStatus@@@Z 1001ca85 f   libvcruntime:undname.obj
 0001:0001bac3       ??AReplicator@@QBE?AVDName@@H@Z 1001cac3 f   libvcruntime:undname.obj
 0001:0001bb1a       ??H@YA?AVDName@@DABV0@@Z   1001cb1a f i libvcruntime:undname.obj
 0001:0001bb44       ??H@YA?AVDName@@PBDABV0@@Z 1001cb44 f i libvcruntime:undname.obj
 0001:0001bb6e       ??H@YA?AVDName@@W4DNameStatus@@ABV0@@Z 1001cb6e f i libvcruntime:undname.obj
 0001:0001bb98       ??HDName@@QBE?AV0@ABV0@@Z  1001cb98 f   libvcruntime:undname.obj
 0001:0001bbc2       ??HDName@@QBE?AV0@D@Z      1001cbc2 f   libvcruntime:undname.obj
 0001:0001bbec       ??HDName@@QBE?AV0@PAV0@@Z  1001cbec f   libvcruntime:undname.obj
 0001:0001bc16       ??HDName@@QBE?AV0@PBD@Z    1001cc16 f   libvcruntime:undname.obj
 0001:0001bc40       ??HDName@@QBE?AV0@W4DNameStatus@@@Z 1001cc40 f   libvcruntime:undname.obj
 0001:0001bc6a       ??YDName@@QAEAAV0@ABV0@@Z  1001cc6a f   libvcruntime:undname.obj
 0001:0001bcbb       ??YDName@@QAEAAV0@D@Z      1001ccbb f   libvcruntime:undname.obj
 0001:0001bd1f       ??YDName@@QAEAAV0@PAV0@@Z  1001cd1f f   libvcruntime:undname.obj
 0001:0001bd9d       ??YDName@@QAEAAV0@PBD@Z    1001cd9d f   libvcruntime:undname.obj
 0001:0001be16       ??YDName@@QAEAAV0@W4DNameStatus@@@Z 1001ce16 f   libvcruntime:undname.obj
 0001:0001be66       ??YReplicator@@QAEAAV0@ABVDName@@@Z 1001ce66 f   libvcruntime:undname.obj
 0001:0001bec2       ??_5DName@@QAEAAV0@ABV0@@Z 1001cec2 f   libvcruntime:undname.obj
 0001:0001bee5       ?Constructor@_HeapManager@@QAEXP6APAXI@ZP6AXPAX@Z@Z 1001cee5 f i libvcruntime:undname.obj
 0001:0001bf09       ?Destructor@_HeapManager@@QAEXXZ 1001cf09 f i libvcruntime:undname.obj
 0001:0001bf4f       ?UScore@UnDecorator@@SAPBDW4Tokens@@@Z 1001cf4f f   libvcruntime:undname.obj
 0001:0001bf75       ?append@DName@@AAEXPBVDNameNode@@@Z 1001cf75 f   libvcruntime:undname.obj
 0001:0001bfcc       ?composeDeclaration@UnDecorator@@CA?AVDName@@ABV2@@Z 1001cfcc f i libvcruntime:undname.obj
 0001:0001cfe0       ?doAccessSpecifiers@UnDecorator@@SAHXZ 1001dfe0 f i libvcruntime:undname.obj
 0001:0001cff1       ?doAllocationLanguage@UnDecorator@@SAHXZ 1001dff1 f i libvcruntime:undname.obj
 0001:0001d002       ?doAllocationModel@UnDecorator@@SAHXZ 1001e002 f i libvcruntime:undname.obj
 0001:0001d013       ?doEcsu@UnDecorator@@SAHXZ 1001e013 f i libvcruntime:undname.obj
 0001:0001d024       ?doEllipsis@UnDecorator@@SAHXZ 1001e024 f i libvcruntime:undname.obj
 0001:0001d035       ?doFunctionReturns@UnDecorator@@SAHXZ 1001e035 f i libvcruntime:undname.obj
 0001:0001d046       ?doMSKeywords@UnDecorator@@SAHXZ 1001e046 f i libvcruntime:undname.obj
 0001:0001d056       ?doMemberTypes@UnDecorator@@SAHXZ 1001e056 f i libvcruntime:undname.obj
 0001:0001d067       ?doNameOnly@UnDecorator@@SAHXZ 1001e067 f i libvcruntime:undname.obj
 0001:0001d074       ?doNoIdentCharCheck@UnDecorator@@SAHXZ 1001e074 f i libvcruntime:undname.obj
 0001:0001d081       ?doPchar@DName@@AAEXPBDH@Z 1001e081 f   libvcruntime:undname.obj
 0001:0001d128       ?doPtr64@UnDecorator@@SAHXZ 1001e128 f i libvcruntime:undname.obj
 0001:0001d139       ?doRestrictionSpec@UnDecorator@@SAHXZ 1001e139 f i libvcruntime:undname.obj
 0001:0001d14a       ?doThisTypes@UnDecorator@@SAHXZ 1001e14a f i libvcruntime:undname.obj
 0001:0001d160       ?doThrowTypes@UnDecorator@@SAHXZ 1001e160 f i libvcruntime:undname.obj
 0001:0001d171       ?doTypeOnly@UnDecorator@@SAHXZ 1001e171 f i libvcruntime:undname.obj
 0001:0001d17e       ?doUnderScore@UnDecorator@@SAHXZ 1001e17e f i libvcruntime:undname.obj
 0001:0001d18b       ?getArgumentList@UnDecorator@@CA?AVDName@@XZ 1001e18b f   libvcruntime:undname.obj
 0001:0001d2be       ?getArgumentTypes@UnDecorator@@CA?AVDName@@XZ 1001e2be f   libvcruntime:undname.obj
 0001:0001d3ba       ?getArrayType@UnDecorator@@CA?AVDName@@ABV2@@Z 1001e3ba f i libvcruntime:undname.obj
 0001:0001d5d7       ?getBasedType@UnDecorator@@CA?AVDName@@XZ 1001e5d7 f   libvcruntime:undname.obj
 0001:0001d695       ?getBasicDataType@UnDecorator@@CA?AVDName@@ABV2@@Z 1001e695 f   libvcruntime:undname.obj
 0001:0001db6b       ?getCHPEName@UnDecorator@@QAEPADPADH@Z 1001eb6b f i libvcruntime:undname.obj
 0001:0001dc81       ?getCallIndex@UnDecorator@@CA?AVDName@@XZ 1001ec81 f i libvcruntime:undname.obj
 0001:0001dc9a       ?getCallingConvention@UnDecorator@@CA?AVDName@@XZ 1001ec9a f   libvcruntime:undname.obj
 0001:0001dda1       ?getDataIndirectType@UnDecorator@@CA?AVDName@@ABV2@PBD0H@Z 1001eda1 f   libvcruntime:undname.obj
 0001:0001e505       ?getDataIndirectType@UnDecorator@@CA?AVDName@@XZ 1001f505 f i libvcruntime:undname.obj
 0001:0001e543       ?getDataType@UnDecorator@@CA?AVDName@@PAV2@@Z 1001f543 f   libvcruntime:undname.obj
 0001:0001e639       ?getDecoratedName@UnDecorator@@CA?AVDName@@XZ 1001f639 f   libvcruntime:undname.obj
 0001:0001e90b       ?getDimension@UnDecorator@@CA?AVDName@@_N@Z 1001f90b f   libvcruntime:undname.obj
 0001:0001ea71       ?getDispatchTarget@UnDecorator@@CA?AVDName@@XZ 1001fa71 f   libvcruntime:undname.obj
 0001:0001eada       ?getDisplacement@UnDecorator@@CA?AVDName@@XZ 1001fada f i libvcruntime:undname.obj
 0001:0001eaf3       ?getECSUDataType@UnDecorator@@CA?AVDName@@XZ 1001faf3 f   libvcruntime:undname.obj
 0001:0001ec51       ?getECSUName@UnDecorator@@CA?AVDName@@XZ 1001fc51 f i libvcruntime:undname.obj
 0001:0001ec66       ?getEnumType@UnDecorator@@CA?AVDName@@XZ 1001fc66 f i libvcruntime:undname.obj
 0001:0001ed92       ?getExtendedDataIndirectType@UnDecorator@@CA?AVDName@@AAPBDAA_NH@Z 1001fd92 f   libvcruntime:undname.obj
 0001:0001efb6       ?getExternalDataType@UnDecorator@@CA?AVDName@@ABV2@@Z 1001ffb6 f i libvcruntime:undname.obj
 0001:0001f036       ?getFunctionIndirectType@UnDecorator@@CA?AVDName@@ABV2@@Z 10020036 f   libvcruntime:undname.obj
 0001:0001f504       ?getGuardNumber@UnDecorator@@CA?AVDName@@XZ 10020504 f i libvcruntime:undname.obj
 0001:0001f51d       ?getLastChar@DName@@QBEDXZ 1002051d f i libvcruntime:undname.obj
 0001:0001f545       ?getLastChar@DNameStatusNode@@UBEDXZ 10020545 f i libvcruntime:undname.obj
 0001:0001f554       ?getLastChar@charNode@@UBEDXZ 10020554 f i libvcruntime:undname.obj
 0001:0001f558       ?getLastChar@pDNameNode@@UBEDXZ 10020558 f i libvcruntime:undname.obj
 0001:0001f569       ?getLastChar@pairNode@@UBEDXZ 10020569 f i libvcruntime:undname.obj
 0001:0001f5ab       ?getLastChar@pcharNode@@UBEDXZ 100205ab f i libvcruntime:undname.obj
 0001:0001f5c1       ?getLexicalFrame@UnDecorator@@CA?AVDName@@XZ 100205c1 f i libvcruntime:undname.obj
 0001:0001f60f       ?getMemory@_HeapManager@@QAEPAXIH@Z 1002060f f   libvcruntime:undname.obj
 0001:0001f6b7       ?getNoexcept@UnDecorator@@CA?AVDName@@XZ 100206b7 f   libvcruntime:undname.obj
 0001:0001f70d       ?getNumberOfDimensions@UnDecorator@@CAHXZ 1002070d f   libvcruntime:undname.obj
 0001:0001f786       ?getOperatorName@UnDecorator@@CA?AVDName@@_NPA_N@Z 10020786 f i libvcruntime:undname.obj
 0001:0001ff74       ?getPointerType@UnDecorator@@CA?AVDName@@ABV2@0@Z 10020f74 f i libvcruntime:undname.obj
 0001:0001ff99       ?getPointerTypeArray@UnDecorator@@CA?AVDName@@ABV2@0@Z 10020f99 f i libvcruntime:undname.obj
 0001:0001ffbe       ?getPrimaryDataType@UnDecorator@@CA?AVDName@@ABV2@@Z 10020fbe f   libvcruntime:undname.obj
 0001:0002021b       ?getPtrRefDataType@UnDecorator@@CA?AVDName@@ABV2@H@Z 1002121b f   libvcruntime:undname.obj
 0001:0002038e       ?getPtrRefType@UnDecorator@@CA?AVDName@@ABV2@0PBD@Z 1002138e f   libvcruntime:undname.obj
 0001:000204c6       ?getReferenceType@UnDecorator@@CA?AVDName@@ABV2@0PBD@Z 100214c6 f i libvcruntime:undname.obj
 0001:000204e9       ?getRestrictionSpec@UnDecorator@@CA?AVDName@@XZ 100214e9 f   libvcruntime:undname.obj
 0001:00020620       ?getReturnType@UnDecorator@@CA?AVDName@@PAV2@@Z 10021620 f   libvcruntime:undname.obj
 0001:0002065a       ?getScope@UnDecorator@@CA?AVDName@@XZ 1002165a f   libvcruntime:undname.obj
 0001:00020ad3       ?getScopedName@UnDecorator@@CA?AVDName@@XZ 10021ad3 f   libvcruntime:undname.obj
 0001:00020bdc       ?getSignedDimension@UnDecorator@@CA?AVDName@@XZ 10021bdc f   libvcruntime:undname.obj
 0001:00020c41       ?getStorageConvention@UnDecorator@@CA?AVDName@@XZ 10021c41 f i libvcruntime:undname.obj
 0001:00020c56       ?getString@DName@@QBEPADPAD0@Z 10021c56 f i libvcruntime:undname.obj
 0001:00020c8e       ?getString@DName@@QBEPADPADH@Z 10021c8e f i libvcruntime:undname.obj
 0001:00020cf9       ?getString@DNameStatusNode@@UBEPADPAD0@Z 10021cf9 f i libvcruntime:undname.obj
 0001:00020d29       ?getString@charNode@@UBEPADPAD0@Z 10021d29 f i libvcruntime:undname.obj
 0001:00020d43       ?getString@pDNameNode@@UBEPADPAD0@Z 10021d43 f i libvcruntime:undname.obj
 0001:00020d5f       ?getString@pairNode@@UBEPADPAD0@Z 10021d5f f i libvcruntime:undname.obj
 0001:00020db6       ?getString@pcharNode@@UBEPADPAD0@Z 10021db6 f i libvcruntime:undname.obj
 0001:00020dd7       ?getStringEncoding@UnDecorator@@CA?AVDName@@PBDH@Z 10021dd7 f   libvcruntime:undname.obj
 0001:00020eb3       ?getStringHelper@@YAPADPADPBD1H@Z 10021eb3 f i libvcruntime:undname.obj
 0001:00020ef7       ?getSymbolName@UnDecorator@@CA?AVDName@@XZ 10021ef7 f i libvcruntime:undname.obj
 0001:00020f51       ?getTemplateArgumentList@UnDecorator@@CA?AVDName@@XZ 10021f51 f   libvcruntime:undname.obj
 0001:00021295       ?getTemplateConstant@UnDecorator@@CA?AVDName@@XZ 10022295 f   libvcruntime:undname.obj
 0001:00021693       ?getTemplateName@UnDecorator@@CA?AVDName@@_N@Z 10022693 f   libvcruntime:undname.obj
 0001:0002184d       ?getThisType@UnDecorator@@CA?AVDName@@XZ 1002284d f i libvcruntime:undname.obj
 0001:0002188c       ?getThrowTypes@UnDecorator@@CA?AVDName@@XZ 1002288c f   libvcruntime:undname.obj
 0001:000218b7       ?getTypeEncoding@UnDecorator@@CAHXZ 100228b7 f i libvcruntime:undname.obj
 0001:00021ca9       ?getUndecoratedName@UnDecorator@@QAEPADPADH@Z 10022ca9 f i libvcruntime:undname.obj
 0001:00021d9e       ?getVCallThunkType@UnDecorator@@CA?AVDName@@XZ 10022d9e f i libvcruntime:undname.obj
 0001:00021df6       ?getVbTableType@UnDecorator@@CA?AVDName@@ABV2@@Z 10022df6 f i libvcruntime:undname.obj
 0001:00021e10       ?getVdispMapType@UnDecorator@@CA?AVDName@@ABV2@@Z 10022e10 f i libvcruntime:undname.obj
 0001:00021e79       ?getVfTableType@UnDecorator@@CA?AVDName@@ABV2@@Z 10022e79 f i libvcruntime:undname.obj
 0001:00022034       ?getZName@UnDecorator@@CA?AVDName@@_N0@Z 10023034 f   libvcruntime:undname.obj
 0001:000222b2       ?haveTemplateParameters@UnDecorator@@SAHXZ 100232b2 f i libvcruntime:undname.obj
 0001:000222bf       ?isArray@DName@@QBEHXZ     100232bf f i libvcruntime:undname.obj
 0001:000222cb       ?isComArray@DName@@QBEHXZ  100232cb f i libvcruntime:undname.obj
 0001:000222d7       ?isEmpty@DName@@QBEHXZ     100232d7 f i libvcruntime:undname.obj
 0001:000222e1       ?isFull@Replicator@@QBEHXZ 100232e1 f i libvcruntime:undname.obj
 0001:000222ec       ?isNoTE@DName@@QBEHXZ      100232ec f i libvcruntime:undname.obj
 0001:000222f8       ?isPinPtr@DName@@QBEHXZ    100232f8 f i libvcruntime:undname.obj
 0001:00022304       ?isPtrRef@DName@@QBEHXZ    10023304 f i libvcruntime:undname.obj
 0001:00022310       ?isUDC@DName@@QBEHXZ       10023310 f i libvcruntime:undname.obj
 0001:00022325       ?isUDTThunk@DName@@QBEHXZ  10023325 f i libvcruntime:undname.obj
 0001:0002233a       ?isVCallThunk@DName@@QBEHXZ 1002333a f i libvcruntime:undname.obj
 0001:00022346       ?isValid@DName@@QBEHXZ     10023346 f i libvcruntime:undname.obj
 0001:00022352       ?length@DName@@QBEHXZ      10023352 f i libvcruntime:undname.obj
 0001:00022378       ?length@DNameStatusNode@@UBEHXZ 10023378 f i libvcruntime:undname.obj
 0001:0002237c       ?length@charNode@@UBEHXZ   1002337c f i libvcruntime:undname.obj
 0001:00022380       ?length@pDNameNode@@UBEHXZ 10023380 f i libvcruntime:undname.obj
 0001:00022391       ?length@pairNode@@UBEHXZ   10023391 f i libvcruntime:undname.obj
 0001:000223e8       ?length@pcharNode@@UBEHXZ  100233e8 f i libvcruntime:undname.obj
 0001:000223ec       ?make@DNameStatusNode@@SAPBV1@W4DNameStatus@@@Z 100233ec f i libvcruntime:undname.obj
 0001:0002240f       ?parseDecoratedName@UnDecorator@@CA?AVDName@@XZ 1002340f f   libvcruntime:undname.obj
 0001:00022538       ?setIsArray@DName@@QAEXXZ  10023538 f i libvcruntime:undname.obj
 0001:00022542       ?setIsComArray@DName@@QAEXXZ 10023542 f i libvcruntime:undname.obj
 0001:0002254c       ?setIsNoTE@DName@@QAEXXZ   1002354c f i libvcruntime:undname.obj
 0001:00022556       ?setIsPinPtr@DName@@QAEXXZ 10023556 f i libvcruntime:undname.obj
 0001:00022560       ?setIsUDC@DName@@QAEXXZ    10023560 f i libvcruntime:undname.obj
 0001:00022570       ?setIsVCallThunk@DName@@QAEXXZ 10023570 f i libvcruntime:undname.obj
 0001:0002257a       ?setPtrRef@DName@@QAEAAV1@XZ 1002357a f i libvcruntime:undname.obj
 0001:00022586       ?status@DName@@QBE?AW4DNameStatus@@XZ 10023586 f i libvcruntime:undname.obj
 0001:0002260b       ___unDName                 1002360b f   libvcruntime:undname.obj
 0001:00022636       ___unDNameEx               10023636 f   libvcruntime:undname.obj
 0001:000226fc       __vsprintf_s_l             100236fc f i libvcruntime:undname.obj
 0001:00022734       _sprintf_s                 10023734 f i libvcruntime:undname.obj
 0001:00022757       _unDNameGenerateCHPE       10023757 f   libvcruntime:undname.obj
 0001:000227ca       ??$?RU__vcrt_ptd@@@__crt_internal_free_policy@@QBEXQBU__vcrt_ptd@@@Z 100237ca f i libvcruntime:per_thread_data.obj
 0001:000227de       ??0?$__crt_unique_heap_ptr@U__vcrt_ptd@@U__crt_internal_free_policy@@@@QAE@QAU__vcrt_ptd@@@Z 100237de f i libvcruntime:per_thread_data.obj
 0001:00022801       ??1?$__crt_unique_heap_ptr@U__vcrt_ptd@@U__crt_internal_free_policy@@@@QAE@XZ 10023801 f i libvcruntime:per_thread_data.obj
 0001:00022820       ??B?$__crt_unique_heap_ptr@U__vcrt_ptd@@U__crt_internal_free_policy@@@@QBE_NXZ 10023820 f i libvcruntime:per_thread_data.obj
 0001:00022827       ?detach@?$__crt_unique_heap_ptr@U__vcrt_ptd@@U__crt_internal_free_policy@@@@QAEPAU__vcrt_ptd@@XZ 10023827 f i libvcruntime:per_thread_data.obj
 0001:0002282d       ?get@?$__crt_unique_heap_ptr@U__vcrt_ptd@@U__crt_internal_free_policy@@@@QBEPAU__vcrt_ptd@@XZ 1002382d f i libvcruntime:per_thread_data.obj
 0001:00022830       ?is_valid@?$__crt_unique_heap_ptr@U__vcrt_ptd@@U__crt_internal_free_policy@@@@QBE_NXZ 10023830 f i libvcruntime:per_thread_data.obj
 0001:00022837       ?release@?$__crt_unique_heap_ptr@U__vcrt_ptd@@U__crt_internal_free_policy@@@@QAEXXZ 10023837 f i libvcruntime:per_thread_data.obj
 0001:0002286b       ___vcrt_freefls@4          1002386b f   libvcruntime:per_thread_data.obj
 0001:0002288e       ___vcrt_freeptd            1002388e f   libvcruntime:per_thread_data.obj
 0001:000228d1       ___vcrt_getptd             100238d1 f   libvcruntime:per_thread_data.obj
 0001:000228e2       ___vcrt_getptd_noexit      100238e2 f   libvcruntime:per_thread_data.obj
 0001:00022998       ___vcrt_getptd_noinit      10023998 f   libvcruntime:per_thread_data.obj
 0001:000229dc       ___vcrt_initialize_ptd     100239dc f   libvcruntime:per_thread_data.obj
 0001:00022a1b       ___vcrt_uninitialize_ptd   10023a1b f   libvcruntime:per_thread_data.obj
 0001:00022a3c       ___vcrt_initialize_locks   10023a3c f   libvcruntime:locks.obj
 0001:00022a87       ___vcrt_lock               10023a87 f   libvcruntime:locks.obj
 0001:00022aa1       ___vcrt_uninitialize_locks 10023aa1 f   libvcruntime:locks.obj
 0001:00022adb       ___vcrt_unlock             10023adb f   libvcruntime:locks.obj
 0001:00022af5       ??$?BX@__crt_fast_encoded_nullptr_t@@QBEPAXXZ 10023af5 f i libvcruntime:winapi_downlevel.obj
 0001:00022afb       ??$__crt_fast_decode_pointer@PAX@@YAPAXQAX@Z 10023afb f i libvcruntime:winapi_downlevel.obj
 0001:00022b14       ??$__crt_fast_encode_pointer@PAX@@YAPAXQAX@Z 10023b14 f i libvcruntime:winapi_downlevel.obj
 0001:00022b38       ??$__crt_interlocked_exchange_pointer@UHINSTANCE__@@PAU1@@@YAPAUHINSTANCE__@@PDSAU0@QAU0@@Z 10023b38 f i libvcruntime:winapi_downlevel.obj
 0001:00022b48       ??$__crt_interlocked_exchange_pointer@UHINSTANCE__@@PAX@@YAPAUHINSTANCE__@@PDSAU0@QAX@Z 10023b48 f i libvcruntime:winapi_downlevel.obj
 0001:00022b58       ??$__crt_interlocked_exchange_pointer@XPAX@@YAPAXPDSAXQAX@Z 10023b58 f i libvcruntime:winapi_downlevel.obj
 0001:00022b68       ??$__crt_interlocked_read_pointer@UHINSTANCE__@@@@YAPAUHINSTANCE__@@PDSAU0@@Z 10023b68 f i libvcruntime:winapi_downlevel.obj
 0001:00022b74       ??$__crt_interlocked_read_pointer@X@@YAPAXPDSAX@Z 10023b74 f i libvcruntime:winapi_downlevel.obj
 0001:00022b80       ?__crt_fast_encode_pointer@@YA?AU__crt_fast_encoded_nullptr_t@@$$T@Z 10023b80 f i libvcruntime:winapi_downlevel.obj
 0001:00022eb3       ___vcrt_FlsAlloc           10023eb3 f   libvcruntime:winapi_downlevel.obj
 0001:00022efc       ___vcrt_FlsFree            10023efc f   libvcruntime:winapi_downlevel.obj
 0001:00022f45       ___vcrt_FlsGetValue        10023f45 f   libvcruntime:winapi_downlevel.obj
 0001:00022f8e       ___vcrt_FlsSetValue        10023f8e f   libvcruntime:winapi_downlevel.obj
 0001:00022fdb       ___vcrt_InitializeCriticalSectionEx 10023fdb f   libvcruntime:winapi_downlevel.obj
 0001:00023033       ___vcrt_initialize_winapi_thunks 10024033 f   libvcruntime:winapi_downlevel.obj
 0001:00023066       ___vcrt_uninitialize_winapi_thunks 10024066 f   libvcruntime:winapi_downlevel.obj
 0001:000230a4       ??$?B$$A6AXXZ@__crt_fast_encoded_nullptr_t@@QBEP6AXXZXZ 100240a4 f i libvcruntime:purevirt_data.obj
 0001:000230aa       ??$__crt_fast_encode_pointer@P6AXXZ@@YAP6AXXZQ6AXXZ@Z 100240aa f i libvcruntime:purevirt_data.obj
 0001:000230ce       ___vcrt_initialize_pure_virtual_call_handler 100240ce f   libvcruntime:purevirt_data.obj
 0001:000230e0       __global_unwind2           100240e0 f   libvcruntime:exsup.obj
 0001:00023146       __local_unwind2            10024146 f   libvcruntime:exsup.obj
 0001:000231ca       __abnormal_termination     100241ca f   libvcruntime:exsup.obj
 0001:000231f0       __NLG_Notify1              100241f0 f   libvcruntime:exsup.obj
 0001:000231fc       __NLG_Notify               100241fc f   libvcruntime:exsup.obj
 0001:00023213       __NLG_Dispatch2            10024213     libvcruntime:exsup.obj
 0001:00023213       __NLG_Dispatch             10024213     libvcruntime:exsup.obj
 0001:0002321b       __NLG_Call                 1002421b f   libvcruntime:exsup.obj
 0001:0002321d       __NLG_Return2              1002421d     libvcruntime:exsup.obj
 0001:0002326d       ??$__crt_fast_decode_pointer@P6AXXZ@@YAP6AXXZQ6AXXZ@Z 1002426d f i libvcruntime:purevirt.obj
 0001:00023286       ??$__crt_interlocked_exchange_pointer@$$A6AXXZP6AXXZ@@YAP6AXXZPDS6AXXZQ6AXXZ@Z 10024286 f i libvcruntime:purevirt.obj
 0001:00023296       ??$__crt_interlocked_read_pointer@$$A6AXXZ@@YAP6AXXZPDS6AXXZ@Z 10024296 f i libvcruntime:purevirt.obj
 0001:000232a2       __get_purecall_handler     100242a2 f   libvcruntime:purevirt.obj
 0001:000232bc       __purecall                 100242bc f   libvcruntime:purevirt.obj
 0001:000232df       __set_purecall_handler     100242df f   libvcruntime:purevirt.obj
 0001:0002330d       ??$?0AAViterator@TryBlockMap@__FrameHandler3@@AAV012@$0A@@?$pair@Viterator@TryBlockMap@__FrameHandler3@@V123@@std@@QAE@AAViterator@TryBlockMap@__FrameHandler3@@0@Z 1002430d f i libvcruntime:trnsctrl.obj
 0001:0002333a       ??$forward@AAViterator@TryBlockMap@__FrameHandler3@@@std@@YAAAViterator@TryBlockMap@__FrameHandler3@@AAV123@@Z 1002433a f i libvcruntime:trnsctrl.obj
 0001:00023344       ??0iterator@TryBlockMap@__FrameHandler3@@QAE@AAV12@I@Z 10024344 f i libvcruntime:trnsctrl.obj
 0001:0002335d       ?GetRangeOfTrysToCheck@__FrameHandler3@@SA?AU?$pair@Viterator@TryBlockMap@__FrameHandler3@@V123@@std@@AAVTryBlockMap@1@HH@Z 1002435d f   libvcruntime:trnsctrl.obj
 0001:000233ff       ?_CallCatchBlock2@@YAPAXPAUEHRegistrationNode@@PBU_s_FuncInfo@@PAXHK@Z 100243ff f   libvcruntime:trnsctrl.obj
 0001:00023474       ?_CallSETranslator@@YAHPAUEHExceptionRecord@@PAUEHRegistrationNode@@PAX2PBU_s_FuncInfo@@H1@Z 10024474 f   libvcruntime:trnsctrl.obj
 0001:00023585       ?_JumpToContinuation@@YGXPAXPAUEHRegistrationNode@@@Z 10024585 f   libvcruntime:trnsctrl.obj
 0001:000235c1       ?_UnwindNestedFrames@@YGXPAUEHRegistrationNode@@PAUEHExceptionRecord@@@Z 100245c1 f   libvcruntime:trnsctrl.obj
 0001:00023628       ?getFuncInfo@TryBlockMap@__FrameHandler3@@QAEPBU_s_FuncInfo@@XZ 10024628 f i libvcruntime:trnsctrl.obj
 0001:0002362b       __CatchGuardHandler        1002462b f   libvcruntime:trnsctrl.obj
 0001:00023668       __CreateFrameInfo          10024668 f   libvcruntime:trnsctrl.obj
 0001:00023695       __FindAndUnlinkFrame       10024695 f   libvcruntime:trnsctrl.obj
 0001:000236eb       __TranslatorGuardHandler   100246eb f   libvcruntime:trnsctrl.obj
 0001:000237af       ___CxxFrameHandler         100247af f   libvcruntime:trnsctrl.obj
 0001:000237f2       ___CxxFrameHandler2        100247f2 f   libvcruntime:trnsctrl.obj
 0001:00023835       ___CxxFrameHandler3        10024835 f   libvcruntime:trnsctrl.obj
 0001:00023878       ___CxxLongjmpUnwind@4      10024878 f   libvcruntime:trnsctrl.obj
 0001:00024159       ??$TypeMatchHelper@V__FrameHandler3@@@@YAHPBU_s_HandlerType@@PBU_s_CatchableType@@PBU_s_ThrowInfo@@@Z 10025159 f i libvcruntime:frame.obj
 0001:0002420a       ??$__InternalCxxFrameHandler@V__FrameHandler3@@@@YA?AW4_EXCEPTION_DISPOSITION@@PAUEHExceptionRecord@@PAUEHRegistrationNode@@PAU_CONTEXT@@PAXPBU_s_FuncInfo@@H1E@Z 1002520a f i libvcruntime:frame.obj
 0001:0002434c       ??0HandlerMap@__FrameHandler3@@QAE@PBU_s_TryBlockMapEntry@@PAX@Z 1002534c f i libvcruntime:frame.obj
 0001:00024368       ??0TryBlockMap@__FrameHandler3@@QAE@PBU_s_FuncInfo@@PAX@Z 10025368 f i libvcruntime:frame.obj
 0001:00024381       ??0bad_exception@std@@QAE@ABV01@@Z 10025381 f i libvcruntime:frame.obj
 0001:000243a2       ??0bad_exception@std@@QAE@XZ 100253a2 f i libvcruntime:frame.obj
 0001:000243c0       ??0exception@std@@QAE@ABV01@@Z 100253c0 f i libvcruntime:frame.obj
 0001:000243f7       ??0exception@std@@QAE@QBDH@Z 100253f7 f i libvcruntime:frame.obj
 0001:0002441b       ??0iterator@HandlerMap@__FrameHandler3@@QAE@AAV12@I@Z 1002541b f i libvcruntime:frame.obj
 0001:00024434       ??1bad_exception@std@@UAE@XZ 10025434 f i libvcruntime:frame.obj
 0001:00024449       ??1exception@std@@UAE@XZ   10025449 f i libvcruntime:frame.obj
 0001:0002445e       ??8iterator@HandlerMap@__FrameHandler3@@QBE_NABV012@@Z 1002545e f i libvcruntime:frame.obj
 0001:00024475       ??8type_info@@QBE_NABV0@@Z 10025475 f i libvcruntime:frame.obj
 0001:0002449b       ??9iterator@HandlerMap@__FrameHandler3@@QBE_NABV012@@Z 1002549b f i libvcruntime:frame.obj
 0001:000244b2       ??Diterator@HandlerMap@__FrameHandler3@@QAEPBU_s_HandlerType@@XZ 100254b2 f i libvcruntime:frame.obj
 0001:000244c1       ??Diterator@TryBlockMap@__FrameHandler3@@QAEPBU_s_TryBlockMapEntry@@XZ 100254c1 f i libvcruntime:frame.obj
 0001:000244d0       ??Eiterator@HandlerMap@__FrameHandler3@@QAEAAV012@XZ 100254d0 f i libvcruntime:frame.obj
 0001:000244d6       ??Eiterator@TryBlockMap@__FrameHandler3@@QAEAAV012@XZ 100254d6 f i libvcruntime:frame.obj
 0001:000244dc       ??Miterator@TryBlockMap@__FrameHandler3@@QBE_NABV012@@Z 100254dc f i libvcruntime:frame.obj
 0001:000244f3       ??_Ebad_exception@std@@UAEPAXI@Z 100254f3 f i libvcruntime:frame.obj
 0001:000244f3       ??_Gbad_exception@std@@UAEPAXI@Z 100254f3 f i libvcruntime:frame.obj
 0001:0002452b       ??_Gexception@std@@UAEPAXI@Z 1002552b f i libvcruntime:frame.obj
 0001:0002452b       ??_Eexception@std@@UAEPAXI@Z 1002552b f i libvcruntime:frame.obj
 0001:00024563       ?BuildCatchObject@__FrameHandler3@@SAXPAUEHExceptionRecord@@PAXPBU_s_HandlerType@@PBU_s_CatchableType@@@Z 10025563 f   libvcruntime:frame.obj
 0001:00024568       ?BuildCatchObjectHelper@__FrameHandler3@@SAHPAUEHExceptionRecord@@PAXPBU_s_HandlerType@@PBU_s_CatchableType@@@Z 10025568 f   libvcruntime:frame.obj
 0001:0002484c       ?FrameUnwindToEmptyState@__FrameHandler3@@SAXPAUEHRegistrationNode@@PAXPBU_s_FuncInfo@@@Z 1002584c f   libvcruntime:frame.obj
 0001:0002486a       ?FrameUnwindToState@__FrameHandler3@@SAXPAUEHRegistrationNode@@PAXPBU_s_FuncInfo@@H@Z 1002586a f   libvcruntime:frame.obj
 0001:0002498c       ?GetMaxState@__FrameHandler3@@SAHPAXPBU_s_FuncInfo@@@Z 1002598c f i libvcruntime:frame.obj
 0001:00024aa0       ?TypeMatch@__FrameHandler3@@SAHPBU_s_HandlerType@@PBU_s_CatchableType@@PBU_s_ThrowInfo@@@Z 10025aa0 f   libvcruntime:frame.obj
 0001:00024aab       ?_CallMemberFunction1@@YGXQAX00@Z 10025aab f i libvcruntime:frame.obj
 0001:00024abf       ?_CallMemberFunction2@@YGXQAX00H@Z 10025abf f i libvcruntime:frame.obj
 0001:00024ad6       ?_ValidateExecute@@YA_NP6GHXZ@Z 10025ad6 f i libvcruntime:frame.obj
 0001:00024ae5       ?_ValidateRead@@YA_NPBXI@Z 10025ae5 f i libvcruntime:frame.obj
 0001:00024af4       ?_ValidateWrite@@YA_NPAXI@Z 10025af4 f i libvcruntime:frame.obj
 0001:00024b03       ?begin@HandlerMap@__FrameHandler3@@QAE?AViterator@12@XZ 10025b03 f i libvcruntime:frame.obj
 0001:00024b17       ?end@HandlerMap@__FrameHandler3@@QAE?AViterator@12@XZ 10025b17 f i libvcruntime:frame.obj
 0001:00024b2c       ?getESTypes@__FrameHandler3@@SAPBU_s_ESTypeList@@PBU_s_FuncInfo@@@Z 10025b2c f i libvcruntime:frame.obj
 0001:00024b39       ?getLastEntry@HandlerMap@__FrameHandler3@@QAEPBU_s_HandlerType@@XZ 10025b39 f i libvcruntime:frame.obj
 0001:00024b4a       ?getMagicNum@__FrameHandler3@@SAIPBU_s_FuncInfo@@@Z 10025b4a f i libvcruntime:frame.obj
 0001:00024b5c       ?getNumTryBlocks@TryBlockMap@__FrameHandler3@@QAEIXZ 10025b5c f i libvcruntime:frame.obj
 0001:00024b62       ?isEHs@__FrameHandler3@@SA_NPBU_s_FuncInfo@@@Z 10025b62 f i libvcruntime:frame.obj
 0001:00024b72       ?isNoExcept@__FrameHandler3@@SA_NPBU_s_FuncInfo@@@Z 10025b72 f i libvcruntime:frame.obj
 0001:00024b86       ?what@exception@std@@UBEPBDXZ 10025b86 f i libvcruntime:frame.obj
 0001:00024b96       ___BuildCatchObject        10025b96 f   libvcruntime:frame.obj
 0001:00024b9b       ___BuildCatchObjectHelper  10025b9b f   libvcruntime:frame.obj
 0001:00024ba6       ___TypeMatch               10025ba6 f   libvcruntime:frame.obj
 0001:00024bb1       ___vcrt_EncodePointer      10025bb1 f i libvcruntime:frame.obj
 0001:00024bd0       __CallSettingFrame@12      10025bd0 f   libvcruntime:lowhelpr.obj
 0001:00024bf7       __NLG_Return               10025bf7     libvcruntime:lowhelpr.obj
 0001:00024c48       __get_unexpected           10025c48 f   libvcruntime:unexpected.obj
 0001:00024c5e       _set_unexpected            10025c5e f   libvcruntime:unexpected.obj
 0001:00024c83       _unexpected                10025c83 f   libvcruntime:unexpected.obj
 0001:00024ca7       ?GetCurrentState@__FrameHandler3@@SAHPAUEHRegistrationNode@@PAXPBU_s_FuncInfo@@@Z 10025ca7 f   libvcruntime:ehstate.obj
 0001:00024ccb       ?SetState@__FrameHandler3@@SAXPAUEHRegistrationNode@@PBU_s_FuncInfo@@H@Z 10025ccb f   libvcruntime:ehstate.obj
 0001:00024cdc       ___DestructExceptionObject 10025cdc f   libvcruntime:ehhelpers.obj
 0001:00024da4       ?_CallMemberFunction0@@YGXQAX0@Z 10025da4 f i libvcruntime:ehhelpers.obj
 0001:00024db4       ?raw_name@type_info@@QBEPBDXZ 10025db4 f i libvcruntime:ehhelpers.obj
 0001:00024db8       __IsExceptionObjectToBeDestroyed 10025db8 f   libvcruntime:ehhelpers.obj
 0001:00024de7       __SetWinRTOutOfMemoryExceptionCallback 10025de7 f   libvcruntime:ehhelpers.obj
 0001:00024df7       ___AdjustPointer           10025df7 f   libvcruntime:ehhelpers.obj
 0001:00024e25       ___FrameUnwindFilter       10025e25 f   libvcruntime:ehhelpers.obj
 0001:00024e7b       ___GetPlatformExceptionInfo 10025e7b f   libvcruntime:ehhelpers.obj
 0001:00024eda       ___current_exception       10025eda f   libvcruntime:ehhelpers.obj
 0001:00024ee5       ___current_exception_context 10025ee5 f   libvcruntime:ehhelpers.obj
 0001:00024ef0       ___processing_throw        10025ef0 f   libvcruntime:ehhelpers.obj
 0001:00024efb       ___std_terminate           10025efb f   libvcruntime:ehhelpers.obj
 0001:00024f00       __is_exception_typeof      10025f00 f   libvcruntime:ehhelpers.obj
 0001:00024fcd       ??$?RD@__crt_public_free_policy@@QBEXQBD@Z 10025fcd f i libvcruntime:std_exception.obj
 0001:00024fe1       ??0?$__crt_unique_heap_ptr@DU__crt_public_free_policy@@@@QAE@QAD@Z 10025fe1 f i libvcruntime:std_exception.obj
 0001:00024ff2       ??1?$__crt_unique_heap_ptr@DU__crt_public_free_policy@@@@QAE@XZ 10025ff2 f i libvcruntime:std_exception.obj
 0001:00025006       ??B?$__crt_unique_heap_ptr@DU__crt_public_free_policy@@@@QBE_NXZ 10026006 f i libvcruntime:std_exception.obj
 0001:0002500d       ?detach@?$__crt_unique_heap_ptr@DU__crt_public_free_policy@@@@QAEPADXZ 1002600d f i libvcruntime:std_exception.obj
 0001:00025013       ?get@?$__crt_unique_heap_ptr@DU__crt_public_free_policy@@@@QBEPADXZ 10026013 f i libvcruntime:std_exception.obj
 0001:00025016       ?is_valid@?$__crt_unique_heap_ptr@DU__crt_public_free_policy@@@@QBE_NXZ 10026016 f i libvcruntime:std_exception.obj
 0001:0002501d       ?release@?$__crt_unique_heap_ptr@DU__crt_public_free_policy@@@@QAEXXZ 1002601d f i libvcruntime:std_exception.obj
 0001:00025031       ___std_exception_copy      10026031 f   libvcruntime:std_exception.obj
 0001:000250ac       ___std_exception_destroy   100260ac f   libvcruntime:std_exception.obj
 0001:000250d2       __CxxThrowException@8      100260d2 f   libvcruntime:throw.obj
 0001:0002515a       _malloc                    1002615a f   libucrt:malloc.obj
 0001:00025167       _free                      10026167 f   libucrt:free.obj
 0001:0002518b       ??$?RPAU__crt_stdio_stream_data@@@__crt_internal_free_policy@@QBEXQBQAU__crt_stdio_stream_data@@@Z 1002618b f i libucrt:_file.obj
 0001:000251a1       ??0?$__crt_unique_heap_ptr@PAU__crt_stdio_stream_data@@U__crt_internal_free_policy@@@@QAE@QAPAU__crt_stdio_stream_data@@@Z 100261a1 f i libucrt:_file.obj
 0001:000251b5       ??0__crt_stdio_stream@@QAE@QAU_iobuf@@@Z 100261b5 f i libucrt:_file.obj
 0001:000251c9       ??1?$__crt_unique_heap_ptr@PAU__crt_stdio_stream_data@@U__crt_internal_free_policy@@@@QAE@XZ 100261c9 f i libucrt:_file.obj
 0001:000251df       ??C__crt_stdio_stream@@QBEPAU__crt_stdio_stream_data@@XZ 100261df f i libucrt:_file.obj
 0001:000251e2       ?detach@?$__crt_unique_heap_ptr@PAU__crt_stdio_stream_data@@U__crt_internal_free_policy@@@@QAEPAPAU__crt_stdio_stream_data@@XZ 100261e2 f i libucrt:_file.obj
 0001:000251e8       ?release@?$__crt_unique_heap_ptr@PAU__crt_stdio_stream_data@@U__crt_internal_free_policy@@@@QAEXXZ 100261e8 f i libucrt:_file.obj
 0001:000251fe       ___acrt_initialize_stdio   100261fe f   libucrt:_file.obj
 0001:000252f8       ___acrt_iob_func           100262f8 f   libucrt:_file.obj
 0001:0002530c       ___acrt_uninitialize_stdio 1002630c f   libucrt:_file.obj
 0001:0002536b       __get_stream_buffer_pointers 1002636b f   libucrt:_file.obj
 0001:000253c2       __lock_file                100263c2 f   libucrt:_file.obj
 0001:000253db       __unlock_file              100263db f   libucrt:_file.obj
 0001:000253f4       ??$?0ABV?$stream_output_adapter@D@__crt_stdio_output@@AB_KABQBDABQAU__crt_locale_pointers@@ABQAD@?$format_validation_base@DV?$stream_output_adapter@D@__crt_stdio_output@@@__crt_stdio_output@@IAE@ABV?$stream_output_adapter@D@1@AB_KABQBDABQAU__crt_locale_pointers@@ABQAD@Z 100263f4 f i libucrt:output.obj
 0001:0002541f       ??$?0ABV?$stream_output_adapter@D@__crt_stdio_output@@AB_KABQBDABQAU__crt_locale_pointers@@ABQAD@?$positional_parameter_base@DV?$stream_output_adapter@D@__crt_stdio_output@@@__crt_stdio_output@@IAE@ABV?$stream_output_adapter@D@1@AB_KABQBDABQAU__crt_locale_pointers@@ABQAD@Z 1002641f f i libucrt:output.obj
 0001:00025479       ??$?0ABV?$stream_output_adapter@D@__crt_stdio_output@@AB_KABQBDABQAU__crt_locale_pointers@@ABQAD@?$standard_base@DV?$stream_output_adapter@D@__crt_stdio_output@@@__crt_stdio_output@@IAE@ABV?$stream_output_adapter@D@1@AB_KABQBDABQAU__crt_locale_pointers@@ABQAD@Z 10026479 f i libucrt:output.obj
 0001:000254bb       ??$?0ABV?$stream_output_adapter@_W@__crt_stdio_output@@AB_KABQB_WABQAU__crt_locale_pointers@@ABQAD@?$format_validation_base@_WV?$stream_output_adapter@_W@__crt_stdio_output@@@__crt_stdio_output@@IAE@ABV?$stream_output_adapter@_W@1@AB_KABQB_WABQAU__crt_locale_pointers@@ABQAD@Z 100264bb f i libucrt:output.obj
 0001:000254e6       ??$?0ABV?$stream_output_adapter@_W@__crt_stdio_output@@AB_KABQB_WABQAU__crt_locale_pointers@@ABQAD@?$positional_parameter_base@_WV?$stream_output_adapter@_W@__crt_stdio_output@@@__crt_stdio_output@@IAE@ABV?$stream_output_adapter@_W@1@AB_KABQB_WABQAU__crt_locale_pointers@@ABQAD@Z 100264e6 f i libucrt:output.obj
 0001:00025540       ??$?0ABV?$stream_output_adapter@_W@__crt_stdio_output@@AB_KABQB_WABQAU__crt_locale_pointers@@ABQAD@?$standard_base@_WV?$stream_output_adapter@_W@__crt_stdio_output@@@__crt_stdio_output@@IAE@ABV?$stream_output_adapter@_W@1@AB_KABQB_WABQAU__crt_locale_pointers@@ABQAD@Z 10026540 f i libucrt:output.obj
 0001:00025582       ??$?0ABV?$string_output_adapter@D@__crt_stdio_output@@AB_KABQBDABQAU__crt_locale_pointers@@ABQAD@?$format_validation_base@DV?$string_output_adapter@D@__crt_stdio_output@@@__crt_stdio_output@@IAE@ABV?$string_output_adapter@D@1@AB_KABQBDABQAU__crt_locale_pointers@@ABQAD@Z 10026582 f i libucrt:output.obj
 0001:000255ad       ??$?0ABV?$string_output_adapter@D@__crt_stdio_output@@AB_KABQBDABQAU__crt_locale_pointers@@ABQAD@?$positional_parameter_base@DV?$string_output_adapter@D@__crt_stdio_output@@@__crt_stdio_output@@IAE@ABV?$string_output_adapter@D@1@AB_KABQBDABQAU__crt_locale_pointers@@ABQAD@Z 100265ad f i libucrt:output.obj
 0001:00025607       ??$?0ABV?$string_output_adapter@D@__crt_stdio_output@@AB_KABQBDABQAU__crt_locale_pointers@@ABQAD@?$standard_base@DV?$string_output_adapter@D@__crt_stdio_output@@@__crt_stdio_output@@IAE@ABV?$string_output_adapter@D@1@AB_KABQBDABQAU__crt_locale_pointers@@ABQAD@Z 10026607 f i libucrt:output.obj
 0001:00025649       ??$?0ABV?$string_output_adapter@_W@__crt_stdio_output@@AB_KABQB_WABQAU__crt_locale_pointers@@ABQAD@?$format_validation_base@_WV?$string_output_adapter@_W@__crt_stdio_output@@@__crt_stdio_output@@IAE@ABV?$string_output_adapter@_W@1@AB_KABQB_WABQAU__crt_locale_pointers@@ABQAD@Z 10026649 f i libucrt:output.obj
 0001:00025674       ??$?0ABV?$string_output_adapter@_W@__crt_stdio_output@@AB_KABQB_WABQAU__crt_locale_pointers@@ABQAD@?$positional_parameter_base@_WV?$string_output_adapter@_W@__crt_stdio_output@@@__crt_stdio_output@@IAE@ABV?$string_output_adapter@_W@1@AB_KABQB_WABQAU__crt_locale_pointers@@ABQAD@Z 10026674 f i libucrt:output.obj
 0001:000256ce       ??$?0ABV?$string_output_adapter@_W@__crt_stdio_output@@AB_KABQB_WABQAU__crt_locale_pointers@@ABQAD@?$standard_base@_WV?$string_output_adapter@_W@__crt_stdio_output@@@__crt_stdio_output@@IAE@ABV?$string_output_adapter@_W@1@AB_KABQB_WABQAU__crt_locale_pointers@@ABQAD@Z 100266ce f i libucrt:output.obj
 0001:00025a9a       ??$__crt_interlocked_read@J@@YAJPDJ@Z 10026a9a f i libucrt:output.obj
 0001:00026d03       ??$count@D@formatting_buffer@__crt_stdio_output@@QBEIXZ 10027d03 f i libucrt:output.obj
 0001:00026d21       ??$count@_W@formatting_buffer@__crt_stdio_output@@QBEIXZ 10027d21 f i libucrt:output.obj
 0001:00026d40       ??$data@D@formatting_buffer@__crt_stdio_output@@QAEPADXZ 10027d40 f i libucrt:output.obj
 0001:00026d50       ??$data@_W@formatting_buffer@__crt_stdio_output@@QAEPA_WXZ 10027d50 f i libucrt:output.obj
 0001:00026d60       ??$ensure_buffer_is_big_enough@D@formatting_buffer@__crt_stdio_output@@QAE_NI@Z 10027d60 f i libucrt:output.obj
 0001:00026dfe       ??$ensure_buffer_is_big_enough@_W@formatting_buffer@__crt_stdio_output@@QAE_NI@Z 10027dfe f i libucrt:output.obj
 0001:00026e9e       ??$extract_argument_from_va_list@C_J@?$positional_parameter_base@DV?$stream_output_adapter@D@__crt_stdio_output@@@__crt_stdio_output@@IAE_NAA_J@Z 10027e9e f i libucrt:output.obj
 0001:00026f35       ??$extract_argument_from_va_list@C_J@?$positional_parameter_base@DV?$string_output_adapter@D@__crt_stdio_output@@@__crt_stdio_output@@IAE_NAA_J@Z 10027f35 f i libucrt:output.obj
 0001:00026fcc       ??$extract_argument_from_va_list@C_J@?$positional_parameter_base@_WV?$stream_output_adapter@_W@__crt_stdio_output@@@__crt_stdio_output@@IAE_NAA_J@Z 10027fcc f i libucrt:output.obj
 0001:00027063       ??$extract_argument_from_va_list@C_J@?$positional_parameter_base@_WV?$string_output_adapter@_W@__crt_stdio_output@@@__crt_stdio_output@@IAE_NAA_J@Z 10028063 f i libucrt:output.obj
 0001:000270fa       ??$extract_argument_from_va_list@C_J@?$standard_base@DV?$stream_output_adapter@D@__crt_stdio_output@@@__crt_stdio_output@@IAE_NAA_J@Z 100280fa f i libucrt:output.obj
 0001:00027120       ??$extract_argument_from_va_list@C_J@?$standard_base@DV?$string_output_adapter@D@__crt_stdio_output@@@__crt_stdio_output@@IAE_NAA_J@Z 10028120 f i libucrt:output.obj
 0001:00027146       ??$extract_argument_from_va_list@C_J@?$standard_base@_WV?$stream_output_adapter@_W@__crt_stdio_output@@@__crt_stdio_output@@IAE_NAA_J@Z 10028146 f i libucrt:output.obj
 0001:0002716c       ??$extract_argument_from_va_list@C_J@?$standard_base@_WV?$string_output_adapter@_W@__crt_stdio_output@@@__crt_stdio_output@@IAE_NAA_J@Z 1002816c f i libucrt:output.obj
 0001:00027192       ??$extract_argument_from_va_list@E_J@?$positional_parameter_base@DV?$stream_output_adapter@D@__crt_stdio_output@@@__crt_stdio_output@@IAE_NAA_J@Z 10028192 f i libucrt:output.obj
 0001:00027229       ??$extract_argument_from_va_list@E_J@?$positional_parameter_base@DV?$string_output_adapter@D@__crt_stdio_output@@@__crt_stdio_output@@IAE_NAA_J@Z 10028229 f i libucrt:output.obj
 0001:000272c0       ??$extract_argument_from_va_list@E_J@?$positional_parameter_base@_WV?$stream_output_adapter@_W@__crt_stdio_output@@@__crt_stdio_output@@IAE_NAA_J@Z 100282c0 f i libucrt:output.obj
 0001:00027357       ??$extract_argument_from_va_list@E_J@?$positional_parameter_base@_WV?$string_output_adapter@_W@__crt_stdio_output@@@__crt_stdio_output@@IAE_NAA_J@Z 10028357 f i libucrt:output.obj
 0001:000273ee       ??$extract_argument_from_va_list@E_J@?$standard_base@DV?$stream_output_adapter@D@__crt_stdio_output@@@__crt_stdio_output@@IAE_NAA_J@Z 100283ee f i libucrt:output.obj
 0001:00027414       ??$extract_argument_from_va_list@E_J@?$standard_base@DV?$string_output_adapter@D@__crt_stdio_output@@@__crt_stdio_output@@IAE_NAA_J@Z 10028414 f i libucrt:output.obj
 0001:0002743a       ??$extract_argument_from_va_list@E_J@?$standard_base@_WV?$stream_output_adapter@_W@__crt_stdio_output@@@__crt_stdio_output@@IAE_NAA_J@Z 1002843a f i libucrt:output.obj
 0001:00027460       ??$extract_argument_from_va_list@E_J@?$standard_base@_WV?$string_output_adapter@_W@__crt_stdio_output@@@__crt_stdio_output@@IAE_NAA_J@Z 10028460 f i libucrt:output.obj
 0001:00027486       ??$extract_argument_from_va_list@F_J@?$positional_parameter_base@DV?$stream_output_adapter@D@__crt_stdio_output@@@__crt_stdio_output@@IAE_NAA_J@Z 10028486 f i libucrt:output.obj
 0001:0002751d       ??$extract_argument_from_va_list@F_J@?$positional_parameter_base@DV?$string_output_adapter@D@__crt_stdio_output@@@__crt_stdio_output@@IAE_NAA_J@Z 1002851d f i libucrt:output.obj
 0001:000275b4       ??$extract_argument_from_va_list@F_J@?$positional_parameter_base@_WV?$stream_output_adapter@_W@__crt_stdio_output@@@__crt_stdio_output@@IAE_NAA_J@Z 100285b4 f i libucrt:output.obj
 0001:0002764b       ??$extract_argument_from_va_list@F_J@?$positional_parameter_base@_WV?$string_output_adapter@_W@__crt_stdio_output@@@__crt_stdio_output@@IAE_NAA_J@Z 1002864b f i libucrt:output.obj
 0001:000276e2       ??$extract_argument_from_va_list@F_J@?$standard_base@DV?$stream_output_adapter@D@__crt_stdio_output@@@__crt_stdio_output@@IAE_NAA_J@Z 100286e2 f i libucrt:output.obj
 0001:00027708       ??$extract_argument_from_va_list@F_J@?$standard_base@DV?$string_output_adapter@D@__crt_stdio_output@@@__crt_stdio_output@@IAE_NAA_J@Z 10028708 f i libucrt:output.obj
 0001:0002772e       ??$extract_argument_from_va_list@F_J@?$standard_base@_WV?$stream_output_adapter@_W@__crt_stdio_output@@@__crt_stdio_output@@IAE_NAA_J@Z 1002872e f i libucrt:output.obj
 0001:00027754       ??$extract_argument_from_va_list@F_J@?$standard_base@_WV?$string_output_adapter@_W@__crt_stdio_output@@@__crt_stdio_output@@IAE_NAA_J@Z 10028754 f i libucrt:output.obj
 0001:0002777a       ??$extract_argument_from_va_list@GD@?$positional_parameter_base@DV?$stream_output_adapter@D@__crt_stdio_output@@@__crt_stdio_output@@IAE_NAAD@Z 1002877a f i libucrt:output.obj
 0001:00027810       ??$extract_argument_from_va_list@GD@?$positional_parameter_base@DV?$string_output_adapter@D@__crt_stdio_output@@@__crt_stdio_output@@IAE_NAAD@Z 10028810 f i libucrt:output.obj
 0001:000278a6       ??$extract_argument_from_va_list@GD@?$standard_base@DV?$stream_output_adapter@D@__crt_stdio_output@@@__crt_stdio_output@@IAE_NAAD@Z 100288a6 f i libucrt:output.obj
 0001:000278c6       ??$extract_argument_from_va_list@GD@?$standard_base@DV?$string_output_adapter@D@__crt_stdio_output@@@__crt_stdio_output@@IAE_NAAD@Z 100288c6 f i libucrt:output.obj
 0001:000278e6       ??$extract_argument_from_va_list@G_J@?$positional_parameter_base@DV?$stream_output_adapter@D@__crt_stdio_output@@@__crt_stdio_output@@IAE_NAA_J@Z 100288e6 f i libucrt:output.obj
 0001:0002797d       ??$extract_argument_from_va_list@G_J@?$positional_parameter_base@DV?$string_output_adapter@D@__crt_stdio_output@@@__crt_stdio_output@@IAE_NAA_J@Z 1002897d f i libucrt:output.obj
 0001:00027a14       ??$extract_argument_from_va_list@G_J@?$positional_parameter_base@_WV?$stream_output_adapter@_W@__crt_stdio_output@@@__crt_stdio_output@@IAE_NAA_J@Z 10028a14 f i libucrt:output.obj
 0001:00027aab       ??$extract_argument_from_va_list@G_J@?$positional_parameter_base@_WV?$string_output_adapter@_W@__crt_stdio_output@@@__crt_stdio_output@@IAE_NAA_J@Z 10028aab f i libucrt:output.obj
 0001:00027b42       ??$extract_argument_from_va_list@G_J@?$standard_base@DV?$stream_output_adapter@D@__crt_stdio_output@@@__crt_stdio_output@@IAE_NAA_J@Z 10028b42 f i libucrt:output.obj
 0001:00027b68       ??$extract_argument_from_va_list@G_J@?$standard_base@DV?$string_output_adapter@D@__crt_stdio_output@@@__crt_stdio_output@@IAE_NAA_J@Z 10028b68 f i libucrt:output.obj
 0001:00027b8e       ??$extract_argument_from_va_list@G_J@?$standard_base@_WV?$stream_output_adapter@_W@__crt_stdio_output@@@__crt_stdio_output@@IAE_NAA_J@Z 10028b8e f i libucrt:output.obj
 0001:00027bb4       ??$extract_argument_from_va_list@G_J@?$standard_base@_WV?$string_output_adapter@_W@__crt_stdio_output@@@__crt_stdio_output@@IAE_NAA_J@Z 10028bb4 f i libucrt:output.obj
 0001:00027bda       ??$extract_argument_from_va_list@H_J@?$positional_parameter_base@DV?$stream_output_adapter@D@__crt_stdio_output@@@__crt_stdio_output@@IAE_NAA_J@Z 10028bda f i libucrt:output.obj
 0001:00027c6e       ??$extract_argument_from_va_list@H_J@?$positional_parameter_base@DV?$string_output_adapter@D@__crt_stdio_output@@@__crt_stdio_output@@IAE_NAA_J@Z 10028c6e f i libucrt:output.obj
 0001:00027d02       ??$extract_argument_from_va_list@H_J@?$positional_parameter_base@_WV?$stream_output_adapter@_W@__crt_stdio_output@@@__crt_stdio_output@@IAE_NAA_J@Z 10028d02 f i libucrt:output.obj
 0001:00027d96       ??$extract_argument_from_va_list@H_J@?$positional_parameter_base@_WV?$string_output_adapter@_W@__crt_stdio_output@@@__crt_stdio_output@@IAE_NAA_J@Z 10028d96 f i libucrt:output.obj
 0001:00027e2a       ??$extract_argument_from_va_list@H_J@?$standard_base@DV?$stream_output_adapter@D@__crt_stdio_output@@@__crt_stdio_output@@IAE_NAA_J@Z 10028e2a f i libucrt:output.obj
 0001:00027e4f       ??$extract_argument_from_va_list@H_J@?$standard_base@DV?$string_output_adapter@D@__crt_stdio_output@@@__crt_stdio_output@@IAE_NAA_J@Z 10028e4f f i libucrt:output.obj
 0001:00027e74       ??$extract_argument_from_va_list@H_J@?$standard_base@_WV?$stream_output_adapter@_W@__crt_stdio_output@@@__crt_stdio_output@@IAE_NAA_J@Z 10028e74 f i libucrt:output.obj
 0001:00027e99       ??$extract_argument_from_va_list@H_J@?$standard_base@_WV?$string_output_adapter@_W@__crt_stdio_output@@@__crt_stdio_output@@IAE_NAA_J@Z 10028e99 f i libucrt:output.obj
 0001:00027ebe       ??$extract_argument_from_va_list@I_J@?$positional_parameter_base@DV?$stream_output_adapter@D@__crt_stdio_output@@@__crt_stdio_output@@IAE_NAA_J@Z 10028ebe f i libucrt:output.obj
 0001:00027f5e       ??$extract_argument_from_va_list@I_J@?$positional_parameter_base@DV?$string_output_adapter@D@__crt_stdio_output@@@__crt_stdio_output@@IAE_NAA_J@Z 10028f5e f i libucrt:output.obj
 0001:00027ffe       ??$extract_argument_from_va_list@I_J@?$positional_parameter_base@_WV?$stream_output_adapter@_W@__crt_stdio_output@@@__crt_stdio_output@@IAE_NAA_J@Z 10028ffe f i libucrt:output.obj
 0001:0002809e       ??$extract_argument_from_va_list@I_J@?$positional_parameter_base@_WV?$string_output_adapter@_W@__crt_stdio_output@@@__crt_stdio_output@@IAE_NAA_J@Z 1002909e f i libucrt:output.obj
 0001:0002813e       ??$extract_argument_from_va_list@I_J@?$standard_base@DV?$stream_output_adapter@D@__crt_stdio_output@@@__crt_stdio_output@@IAE_NAA_J@Z 1002913e f i libucrt:output.obj
 0001:00028163       ??$extract_argument_from_va_list@I_J@?$standard_base@DV?$string_output_adapter@D@__crt_stdio_output@@@__crt_stdio_output@@IAE_NAA_J@Z 10029163 f i libucrt:output.obj
 0001:00028188       ??$extract_argument_from_va_list@I_J@?$standard_base@_WV?$stream_output_adapter@_W@__crt_stdio_output@@@__crt_stdio_output@@IAE_NAA_J@Z 10029188 f i libucrt:output.obj
 0001:000281ad       ??$extract_argument_from_va_list@I_J@?$standard_base@_WV?$string_output_adapter@_W@__crt_stdio_output@@@__crt_stdio_output@@IAE_NAA_J@Z 100291ad f i libucrt:output.obj
 0001:000281d2       ??$extract_argument_from_va_list@PADPAD@?$positional_parameter_base@DV?$stream_output_adapter@D@__crt_stdio_output@@@__crt_stdio_output@@IAE_NAAPAD@Z 100291d2 f i libucrt:output.obj
 0001:00028268       ??$extract_argument_from_va_list@PADPAD@?$positional_parameter_base@DV?$string_output_adapter@D@__crt_stdio_output@@@__crt_stdio_output@@IAE_NAAPAD@Z 10029268 f i libucrt:output.obj
 0001:000282fe       ??$extract_argument_from_va_list@PADPAD@?$positional_parameter_base@_WV?$stream_output_adapter@_W@__crt_stdio_output@@@__crt_stdio_output@@IAE_NAAPAD@Z 100292fe f i libucrt:output.obj
 0001:00028394       ??$extract_argument_from_va_list@PADPAD@?$positional_parameter_base@_WV?$string_output_adapter@_W@__crt_stdio_output@@@__crt_stdio_output@@IAE_NAAPAD@Z 10029394 f i libucrt:output.obj
 0001:0002842a       ??$extract_argument_from_va_list@PADPAD@?$standard_base@DV?$stream_output_adapter@D@__crt_stdio_output@@@__crt_stdio_output@@IAE_NAAPAD@Z 1002942a f i libucrt:output.obj
 0001:0002844a       ??$extract_argument_from_va_list@PADPAD@?$standard_base@DV?$string_output_adapter@D@__crt_stdio_output@@@__crt_stdio_output@@IAE_NAAPAD@Z 1002944a f i libucrt:output.obj
 0001:0002846a       ??$extract_argument_from_va_list@PADPAD@?$standard_base@_WV?$stream_output_adapter@_W@__crt_stdio_output@@@__crt_stdio_output@@IAE_NAAPAD@Z 1002946a f i libucrt:output.obj
 0001:0002848a       ??$extract_argument_from_va_list@PADPAD@?$standard_base@_WV?$string_output_adapter@_W@__crt_stdio_output@@@__crt_stdio_output@@IAE_NAAPAD@Z 1002948a f i libucrt:output.obj
 0001:00028882       ??$extract_argument_from_va_list@PAXPAX@?$positional_parameter_base@DV?$stream_output_adapter@D@__crt_stdio_output@@@__crt_stdio_output@@IAE_NAAPAX@Z 10029882 f i libucrt:output.obj
 0001:00028918       ??$extract_argument_from_va_list@PAXPAX@?$positional_parameter_base@DV?$string_output_adapter@D@__crt_stdio_output@@@__crt_stdio_output@@IAE_NAAPAX@Z 10029918 f i libucrt:output.obj
 0001:000289ae       ??$extract_argument_from_va_list@PAXPAX@?$positional_parameter_base@_WV?$stream_output_adapter@_W@__crt_stdio_output@@@__crt_stdio_output@@IAE_NAAPAX@Z 100299ae f i libucrt:output.obj
 0001:00028a44       ??$extract_argument_from_va_list@PAXPAX@?$positional_parameter_base@_WV?$string_output_adapter@_W@__crt_stdio_output@@@__crt_stdio_output@@IAE_NAAPAX@Z 10029a44 f i libucrt:output.obj
 0001:00028ada       ??$extract_argument_from_va_list@PAXPAX@?$standard_base@DV?$stream_output_adapter@D@__crt_stdio_output@@@__crt_stdio_output@@IAE_NAAPAX@Z 10029ada f i libucrt:output.obj
 0001:00028afa       ??$extract_argument_from_va_list@PAXPAX@?$standard_base@DV?$string_output_adapter@D@__crt_stdio_output@@@__crt_stdio_output@@IAE_NAAPAX@Z 10029afa f i libucrt:output.obj
 0001:00028b1a       ??$extract_argument_from_va_list@PAXPAX@?$standard_base@_WV?$stream_output_adapter@_W@__crt_stdio_output@@@__crt_stdio_output@@IAE_NAAPAX@Z 10029b1a f i libucrt:output.obj
 0001:00028b3a       ??$extract_argument_from_va_list@PAXPAX@?$standard_base@_WV?$string_output_adapter@_W@__crt_stdio_output@@@__crt_stdio_output@@IAE_NAAPAX@Z 10029b3a f i libucrt:output.obj
 0001:00028b5a       ??$extract_argument_from_va_list@U_CRT_DOUBLE@@U1@@?$positional_parameter_base@DV?$stream_output_adapter@D@__crt_stdio_output@@@__crt_stdio_output@@IAE_NAAU_CRT_DOUBLE@@@Z 10029b5a f i libucrt:output.obj
 0001:00028c01       ??$extract_argument_from_va_list@U_CRT_DOUBLE@@U1@@?$positional_parameter_base@DV?$string_output_adapter@D@__crt_stdio_output@@@__crt_stdio_output@@IAE_NAAU_CRT_DOUBLE@@@Z 10029c01 f i libucrt:output.obj
 0001:00028ca8       ??$extract_argument_from_va_list@U_CRT_DOUBLE@@U1@@?$positional_parameter_base@_WV?$stream_output_adapter@_W@__crt_stdio_output@@@__crt_stdio_output@@IAE_NAAU_CRT_DOUBLE@@@Z 10029ca8 f i libucrt:output.obj
 0001:00028d4f       ??$extract_argument_from_va_list@U_CRT_DOUBLE@@U1@@?$positional_parameter_base@_WV?$string_output_adapter@_W@__crt_stdio_output@@@__crt_stdio_output@@IAE_NAAU_CRT_DOUBLE@@@Z 10029d4f f i libucrt:output.obj
 0001:00028df6       ??$extract_argument_from_va_list@U_CRT_DOUBLE@@U1@@?$standard_base@DV?$stream_output_adapter@D@__crt_stdio_output@@@__crt_stdio_output@@IAE_NAAU_CRT_DOUBLE@@@Z 10029df6 f i libucrt:output.obj
 0001:00028e1e       ??$extract_argument_from_va_list@U_CRT_DOUBLE@@U1@@?$standard_base@DV?$string_output_adapter@D@__crt_stdio_output@@@__crt_stdio_output@@IAE_NAAU_CRT_DOUBLE@@@Z 10029e1e f i libucrt:output.obj
 0001:00028e46       ??$extract_argument_from_va_list@U_CRT_DOUBLE@@U1@@?$standard_base@_WV?$stream_output_adapter@_W@__crt_stdio_output@@@__crt_stdio_output@@IAE_NAAU_CRT_DOUBLE@@@Z 10029e46 f i libucrt:output.obj
 0001:00028e6e       ??$extract_argument_from_va_list@U_CRT_DOUBLE@@U1@@?$standard_base@_WV?$string_output_adapter@_W@__crt_stdio_output@@@__crt_stdio_output@@IAE_NAAU_CRT_DOUBLE@@@Z 10029e6e f i libucrt:output.obj
 0001:00028e96       ??$extract_argument_from_va_list@_J_J@?$positional_parameter_base@DV?$stream_output_adapter@D@__crt_stdio_output@@@__crt_stdio_output@@IAE_NAA_J@Z 10029e96 f i libucrt:output.obj
 0001:00028f3d       ??$extract_argument_from_va_list@_J_J@?$positional_parameter_base@DV?$string_output_adapter@D@__crt_stdio_output@@@__crt_stdio_output@@IAE_NAA_J@Z 10029f3d f i libucrt:output.obj
 0001:00028fe4       ??$extract_argument_from_va_list@_J_J@?$positional_parameter_base@_WV?$stream_output_adapter@_W@__crt_stdio_output@@@__crt_stdio_output@@IAE_NAA_J@Z 10029fe4 f i libucrt:output.obj
 0001:0002908b       ??$extract_argument_from_va_list@_J_J@?$positional_parameter_base@_WV?$string_output_adapter@_W@__crt_stdio_output@@@__crt_stdio_output@@IAE_NAA_J@Z 1002a08b f i libucrt:output.obj
 0001:00029132       ??$extract_argument_from_va_list@_J_J@?$standard_base@DV?$stream_output_adapter@D@__crt_stdio_output@@@__crt_stdio_output@@IAE_NAA_J@Z 1002a132 f i libucrt:output.obj
 0001:0002915a       ??$extract_argument_from_va_list@_J_J@?$standard_base@DV?$string_output_adapter@D@__crt_stdio_output@@@__crt_stdio_output@@IAE_NAA_J@Z 1002a15a f i libucrt:output.obj
 0001:00029182       ??$extract_argument_from_va_list@_J_J@?$standard_base@_WV?$stream_output_adapter@_W@__crt_stdio_output@@@__crt_stdio_output@@IAE_NAA_J@Z 1002a182 f i libucrt:output.obj
 0001:000291aa       ??$extract_argument_from_va_list@_J_J@?$standard_base@_WV?$string_output_adapter@_W@__crt_stdio_output@@@__crt_stdio_output@@IAE_NAA_J@Z 1002a1aa f i libucrt:output.obj
 0001:000291d2       ??$extract_argument_from_va_list@_K_J@?$positional_parameter_base@DV?$stream_output_adapter@D@__crt_stdio_output@@@__crt_stdio_output@@IAE_NAA_J@Z 1002a1d2 f i libucrt:output.obj
 0001:00029279       ??$extract_argument_from_va_list@_K_J@?$positional_parameter_base@DV?$string_output_adapter@D@__crt_stdio_output@@@__crt_stdio_output@@IAE_NAA_J@Z 1002a279 f i libucrt:output.obj
 0001:00029320       ??$extract_argument_from_va_list@_K_J@?$positional_parameter_base@_WV?$stream_output_adapter@_W@__crt_stdio_output@@@__crt_stdio_output@@IAE_NAA_J@Z 1002a320 f i libucrt:output.obj
 0001:000293c7       ??$extract_argument_from_va_list@_K_J@?$positional_parameter_base@_WV?$string_output_adapter@_W@__crt_stdio_output@@@__crt_stdio_output@@IAE_NAA_J@Z 1002a3c7 f i libucrt:output.obj
 0001:0002946e       ??$extract_argument_from_va_list@_K_J@?$standard_base@DV?$stream_output_adapter@D@__crt_stdio_output@@@__crt_stdio_output@@IAE_NAA_J@Z 1002a46e f i libucrt:output.obj
 0001:00029496       ??$extract_argument_from_va_list@_K_J@?$standard_base@DV?$string_output_adapter@D@__crt_stdio_output@@@__crt_stdio_output@@IAE_NAA_J@Z 1002a496 f i libucrt:output.obj
 0001:000294be       ??$extract_argument_from_va_list@_K_J@?$standard_base@_WV?$stream_output_adapter@_W@__crt_stdio_output@@@__crt_stdio_output@@IAE_NAA_J@Z 1002a4be f i libucrt:output.obj
 0001:000294e6       ??$extract_argument_from_va_list@_K_J@?$standard_base@_WV?$string_output_adapter@_W@__crt_stdio_output@@@__crt_stdio_output@@IAE_NAA_J@Z 1002a4e6 f i libucrt:output.obj
 0001:0002950e       ??$extract_argument_from_va_list@_W_W@?$positional_parameter_base@DV?$stream_output_adapter@D@__crt_stdio_output@@@__crt_stdio_output@@IAE_NAA_W@Z 1002a50e f i libucrt:output.obj
[...]
 0002:00010790       __sehtable$??$?RV<lambda_69a2805e680e0e292e8ba93315fe43a8>@@AAV<lambda_f03950bc5685219e0bcd2087efbe011e>@@V<lambda_03fcd07e894ec930e3f35da366ca99d6>@@@?$__crt_seh_guarded_call@H@@QAEH$$QAV<lambda_69a2805e680e0e292e8ba93315fe43a8>@@AAV<lambda_f03950bc5685219e0bcd2087efbe011e>@@$$QAV<lambda_03fcd07e894ec930e3f35da366ca99d6>@@@Z 10091790     libucrt:onexit.obj
 0002:000107b0       __sehtable$_terminate      100917b0     libucrt:terminate.obj
 0002:000107d0       __sehtable$??$?RV<lambda_93797fb4802c957ba6a7f08e1250235b>@@AAV<lambda_1f3ce6bd48e0aa2e72a71c02eee379d3>@@V<lambda_56cae30c9364c9b6c15aeaac05d0418e>@@@?$__crt_seh_guarded_call@H@@QAEH$$QAV<lambda_93797fb4802c957ba6a7f08e1250235b>@@AAV<lambda_1f3ce6bd48e0aa2e72a71c02eee379d3>@@$$QAV<lambda_56cae30c9364c9b6c15aeaac05d0418e>@@@Z 100917d0     libucrt:winapi_thunks.obj
 0002:000107f0       __sehtable$__fcloseall     100917f0     libucrt:closeall.obj
 0002:00010810       __sehtable$??$?RV<lambda_2866be3712abc81a800a822484c830d8>@@AAV<lambda_39ca0ed439415581b5b15c265174cece>@@V<lambda_2b24c74d71094a6cd0cb82e44167d71b>@@@?$__crt_seh_guarded_call@X@@QAEX$$QAV<lambda_2866be3712abc81a800a822484c830d8>@@AAV<lambda_39ca0ed439415581b5b15c265174cece>@@$$QAV<lambda_2b24c74d71094a6cd0cb82e44167d71b>@@@Z 10091810     libucrt:fflush.obj
 0002:00010830       __sehtable$??$?RV<lambda_2cc53f568c5a2bb6f192f930a45d44ea>@@AAV<lambda_ab61a845afdef5b7c387490eaf3616ee>@@V<lambda_c2ffc0b7726aa6be21d5f0026187e748>@@@?$__crt_seh_guarded_call@X@@QAEX$$QAV<lambda_2cc53f568c5a2bb6f192f930a45d44ea>@@AAV<lambda_ab61a845afdef5b7c387490eaf3616ee>@@$$QAV<lambda_c2ffc0b7726aa6be21d5f0026187e748>@@@Z 10091830     libucrt:fflush.obj
 0002:00010850       __sehtable$??$?RV<lambda_6d20deecaf4856105ebacbad442d1079>@@AAV<lambda_9a32fed5bf61b6b509b2d3f6003082a1>@@V<lambda_63ea2239ed67c638ddbae41947fdf875>@@@?$__crt_seh_guarded_call@H@@QAEH$$QAV<lambda_6d20deecaf4856105ebacbad442d1079>@@AAV<lambda_9a32fed5bf61b6b509b2d3f6003082a1>@@$$QAV<lambda_63ea2239ed67c638ddbae41947fdf875>@@@Z 10091850     libucrt:fflush.obj
 0002:00010870       __sehtable$___acrt_initialize_lowio 10091870     libucrt:ioinit.obj
 0002:00010890       __sehtable$??$?RV<lambda_15ade71b0218206bbe3333a0c9b79046>@@AAV<lambda_da44e0f8b0f19ba52fefafb335991732>@@V<lambda_207f2d024fc103971653565357d6cd41>@@@?$__crt_seh_guarded_call@X@@QAEX$$QAV<lambda_15ade71b0218206bbe3333a0c9b79046>@@AAV<lambda_da44e0f8b0f19ba52fefafb335991732>@@$$QAV<lambda_207f2d024fc103971653565357d6cd41>@@@Z 10091890     libucrt:per_thread_data.obj
 0002:000108b0       __sehtable$??$?RV<lambda_a7e850c220f1c8d1e6efeecdedd162c6>@@AAV<lambda_46720907175c18b6c9d2717bc0d2d362>@@V<lambda_9048902d66e8d99359bc9897bbb930a8>@@@?$__crt_seh_guarded_call@X@@QAEX$$QAV<lambda_a7e850c220f1c8d1e6efeecdedd162c6>@@AAV<lambda_46720907175c18b6c9d2717bc0d2d362>@@$$QAV<lambda_9048902d66e8d99359bc9897bbb930a8>@@@Z 100918b0     libucrt:per_thread_data.obj
 0002:000108d0       __sehtable$??$?RV<lambda_38edbb1296d33220d7e4dd0ed76b244a>@@AAV<lambda_5ce1d447e08cb34b2473517608e21441>@@V<lambda_fb385d3da700c9147fc39e65dd577a8c>@@@?$__crt_seh_guarded_call@X@@QAEX$$QAV<lambda_38edbb1296d33220d7e4dd0ed76b244a>@@AAV<lambda_5ce1d447e08cb34b2473517608e21441>@@$$QAV<lambda_fb385d3da700c9147fc39e65dd577a8c>@@@Z 100918d0     libucrt:per_thread_data.obj
 0002:000108f0       __sehtable$??$?RV<lambda_6affb1475c98b40b75cdec977db92e3c>@@AAV<lambda_b8d4b9c228a6ecc3f80208dbb4b4a104>@@V<lambda_608742c3c92a14382c1684fc64f96c88>@@@?$__crt_seh_guarded_call@X@@QAEX$$QAV<lambda_6affb1475c98b40b75cdec977db92e3c>@@AAV<lambda_b8d4b9c228a6ecc3f80208dbb4b4a104>@@$$QAV<lambda_608742c3c92a14382c1684fc64f96c88>@@@Z 100918f0     libucrt:per_thread_data.obj
 0002:00010910       __sehtable$_fputwc         10091910     libucrt:fputwc.obj
 0002:00010930       __sehtable$_fputc          10091930     libucrt:fputc.obj
 0002:00010950       __sehtable$__free_locale   10091950     libucrt:wsetlocale.obj
 0002:00010980       __sehtable$??$?RV<lambda_e5124f882df8998aaf41531e079ba474>@@AAV<lambda_3e16ef9562a7dcce91392c22ab16ea36>@@V<lambda_e25ca0880e6ef98be67edffd8c599615>@@@?$__crt_seh_guarded_call@X@@QAEX$$QAV<lambda_e5124f882df8998aaf41531e079ba474>@@AAV<lambda_3e16ef9562a7dcce91392c22ab16ea36>@@$$QAV<lambda_e25ca0880e6ef98be67edffd8c599615>@@@Z 10091980     libucrt:wsetlocale.obj
 0002:000109a0       __sehtable$??$?RV<lambda_82aef432098b982f9ede325b418aa67a>@@AAV<lambda_862e9a3f04921db6ca1ce3faa2bf3edf>@@V<lambda_ffabc152e504b53d7492b9889b10c020>@@@?$__crt_seh_guarded_call@X@@QAEX$$QAV<lambda_82aef432098b982f9ede325b418aa67a>@@AAV<lambda_862e9a3f04921db6ca1ce3faa2bf3edf>@@$$QAV<lambda_ffabc152e504b53d7492b9889b10c020>@@@Z 100919a0     libucrt:wsetlocale.obj
 0002:000109c0       __sehtable$??$?RV<lambda_6673f7c4c09a5d469d0c27ae364621ce>@@AAV<lambda_ebab98244f73a74f49db879bf13fa982>@@V<lambda_be20789b7a146653eab82509ec35b419>@@@?$__crt_seh_guarded_call@X@@QAEX$$QAV<lambda_6673f7c4c09a5d469d0c27ae364621ce>@@AAV<lambda_ebab98244f73a74f49db879bf13fa982>@@$$QAV<lambda_be20789b7a146653eab82509ec35b419>@@@Z 100919c0     libucrt:wsetlocale.obj
 0002:000109e0       __sehtable$??$?RV<lambda_4fdada1b837b2abbf20876fac97688ad>@@AAV<lambda_b57350f2640456a0859d250846f69caf>@@V<lambda_eed5e4f92b5b7d55fa22c48c484aaa54>@@@?$__crt_seh_guarded_call@X@@QAEX$$QAV<lambda_4fdada1b837b2abbf20876fac97688ad>@@AAV<lambda_b57350f2640456a0859d250846f69caf>@@$$QAV<lambda_eed5e4f92b5b7d55fa22c48c484aaa54>@@@Z 100919e0     libucrt:wsetlocale.obj
 0002:00010a00       __sehtable$??$?RV<lambda_135d2772fca65dc1248eeaa1b56e886a>@@AAV<lambda_2a444430fde8c29194d880d93eed5e8f>@@AAV<lambda_8dff2cf36a5417162780cd64fa2883ef>@@@?$__crt_seh_guarded_call@X@@QAEX$$QAV<lambda_135d2772fca65dc1248eeaa1b56e886a>@@AAV<lambda_2a444430fde8c29194d880d93eed5e8f>@@AAV<lambda_8dff2cf36a5417162780cd64fa2883ef>@@@Z 10091a00     libucrt:wsetlocale.obj
 0002:00010a20       __sehtable$??$?RV<lambda_218ce3db14220d0be481dae8ef3383b6>@@AAV<lambda_628dfdc04ba53c8bfc02c9951375f3f5>@@V<lambda_57dc472bd5c9d5f3b2cbca59b8a843ae>@@@?$__crt_seh_guarded_call@H@@QAEH$$QAV<lambda_218ce3db14220d0be481dae8ef3383b6>@@AAV<lambda_628dfdc04ba53c8bfc02c9951375f3f5>@@$$QAV<lambda_57dc472bd5c9d5f3b2cbca59b8a843ae>@@@Z 10091a20     libucrt:close.obj
 0002:00010a40       __sehtable$?__acrt_stdio_allocate_stream@@YA?AV__crt_stdio_stream@@XZ 10091a40     libucrt:stream.obj
 0002:00010a60       __sehtable$__read          10091a60     libucrt:read.obj
 0002:00010a80       __sehtable$__write         10091a80     libucrt:write.obj
 0002:00010aa0       __sehtable$??$common_lseek@J@@YAJHJH@Z 10091aa0     libucrt:lseek.obj
 0002:00010ac0       __sehtable$??$common_lseek@_J@@YA_JH_JH@Z 10091ac0     libucrt:lseek.obj
 0002:00010ae0       __sehtable$___set_fpsr_sse2 10091ae0     libucrt:fpctrl.obj
 0002:00010b00       __sehtable$??$?RV<lambda_70c0770dcc4f6ec6272bb01dc82d3c91>@@AAV<lambda_ca71763b3c0644891230e4f79ea54fa6>@@V<lambda_ca266f0f09348b8765c113e3a39a2bc1>@@@?$__crt_seh_guarded_call@H@@QAEH$$QAV<lambda_70c0770dcc4f6ec6272bb01dc82d3c91>@@AAV<lambda_ca71763b3c0644891230e4f79ea54fa6>@@$$QAV<lambda_ca266f0f09348b8765c113e3a39a2bc1>@@@Z 10091b00     libucrt:setvbuf.obj
 0002:00010b20       __sehtable$_signal         10091b20     libucrt:signal.obj
 0002:00010b40       __sehtable$_raise          10091b40     libucrt:signal.obj
 0002:00010b60       __sehtable$?ctrlevent_capture@@YGHK@Z 10091b60     libucrt:signal.obj
 0002:00010b80       __sehtable$??$?RV<lambda_cbab9ec6f41b0180b23cc171c22676b0>@@AAV<lambda_44731a7d0e6d81c3e6aa82d741081786>@@V<lambda_4b292cb8dd18144e164572427af410ab>@@@?$__crt_seh_guarded_call@P6AXH@Z@@QAEP6AXH@Z$$QAV<lambda_cbab9ec6f41b0180b23cc171c22676b0>@@AAV<lambda_44731a7d0e6d81c3e6aa82d741081786>@@$$QAV<lambda_4b292cb8dd18144e164572427af410ab>@@@Z 10091b80     libucrt:signal.obj
 0002:00010ba0       __sehtable$_fgetwc         10091ba0     libucrt:fgetwc.obj
 0002:00010bc0       __sehtable$_ungetwc        10091bc0     libucrt:ungetwc.obj
 0002:00010be0       __sehtable$_fgetc          10091be0     libucrt:fgetc.obj
 0002:00010c00       __sehtable$_ungetc         10091c00     libucrt:ungetc.obj
 0002:00010c20       __sehtable$?update_thread_multibyte_data_internal@@YAPAU__crt_multibyte_data@@QAU__acrt_ptd@@QAPAU1@@Z 10091c20     libucrt:mbctype.obj
 0002:00010c40       __sehtable$??$?RV<lambda_ceb1ee4838e85a9d631eb091e2fbe199>@@AAV<lambda_ae742caa10f662c28703da3d2ea5e57e>@@V<lambda_cd08b5d6af4937fe54fc07d0c9bf6b37>@@@?$__crt_seh_guarded_call@X@@QAEX$$QAV<lambda_ceb1ee4838e85a9d631eb091e2fbe199>@@AAV<lambda_ae742caa10f662c28703da3d2ea5e57e>@@$$QAV<lambda_cd08b5d6af4937fe54fc07d0c9bf6b37>@@@Z 10091c40     libucrt:mbctype.obj
 0002:00010c60       __sehtable$__query_new_handler 10091c60     libucrt:new_handler.obj
 0002:00010c80       __sehtable$__set_new_handler 10091c80     libucrt:new_handler.obj
 0002:00010ca0       __sehtable$??$?RV<lambda_9e9de3de5fa147e2223d7db92bc10aa6>@@AAV<lambda_38ce7e780aa69e748d6df282ebc68efe>@@V<lambda_8ca6da459f0f6780f1cff60fdc3d00e5>@@@?$__crt_seh_guarded_call@H@@QAEH$$QAV<lambda_9e9de3de5fa147e2223d7db92bc10aa6>@@AAV<lambda_38ce7e780aa69e748d6df282ebc68efe>@@$$QAV<lambda_8ca6da459f0f6780f1cff60fdc3d00e5>@@@Z 10091ca0     libucrt:commit.obj
 0002:00010cc0       __sehtable$__open_osfhandle 10091cc0     libucrt:osfinfo.obj
 0002:00010ce0       __sehtable$__alloc_osfhnd  10091ce0     libucrt:osfinfo.obj
 0002:00010d00       __sehtable$___acrt_lowio_ensure_fh_exists 10091d00     libucrt:osfinfo.obj
 0002:00010d20       __sehtable$___acrt_update_thread_locale_data 10091d20     libucrt:locale_refcounting.obj
 0002:00010d40       __sehtable$??$common_open@D@@YAHQBDHH@Z 10091d40     libucrt:open.obj
 0002:00010d60       __sehtable$??$common_open@_W@@YAHQB_WHH@Z 10091d60     libucrt:open.obj
 0002:00010d80       __sehtable$??$common_sopen_dispatch@D@@YAHQBDHHHQAHH@Z 10091d80     libucrt:open.obj
 0002:00010da0       __sehtable$??$common_sopen_dispatch@_W@@YAHQB_WHHHQAHH@Z 10091da0     libucrt:open.obj
 0002:00010dc0       __sehtable$??$?RV<lambda_f828341fbe69b7c0d4c527b01f22877f>@@AAV<lambda_9e0b6ab72a5b3ae37ad997d08b519f50>@@V<lambda_f01deac0a8d65d6e0411edf7e0af5775>@@@?$__crt_seh_guarded_call@G@@QAEG$$QAV<lambda_f828341fbe69b7c0d4c527b01f22877f>@@AAV<lambda_9e0b6ab72a5b3ae37ad997d08b519f50>@@$$QAV<lambda_f01deac0a8d65d6e0411edf7e0af5775>@@@Z 10091dc0     libucrt:putwch.obj
 0002:00010de0       __sehtable$__setmode       10091de0     libucrt:setmode.obj
 0002:00010e00       __sehtable$??$?RV<lambda_3b12a17125e8c5b5e6e6f6c6050db0c1>@@AAV<lambda_522ac1b1e1a1180d6f374a882b81d1c8>@@V<lambda_e92b96cac182f562f30acc9fb7872857>@@@?$__crt_seh_guarded_call@H@@QAEH$$QAV<lambda_3b12a17125e8c5b5e6e6f6c6050db0c1>@@AAV<lambda_522ac1b1e1a1180d6f374a882b81d1c8>@@$$QAV<lambda_e92b96cac182f562f30acc9fb7872857>@@@Z 10091e00     libucrt:chsize.obj
 0002:00010e20       __unwindtable$?_wcstombs_l_helper@@YAIPADPB_WIPAU__crt_locale_pointers@@@Z 10091e20     libucrt:wcstombs.obj
 0002:00010e28       __ehfuncinfo$?_wcstombs_l_helper@@YAIPADPB_WIPAU__crt_locale_pointers@@@Z 10091e28     libucrt:wcstombs.obj
 0002:00010e50       __sehtable$__IsNonwritableInCurrentImage 10091e50     LIBCMT:pesect.obj
 0002:000110d0       .edata                     100920d0     udp_comm_test_slrt.exp
 0002:000110f8       rgpv                       100920f8     udp_comm_test_slrt.exp
 0002:00011114       rgszName                   10092114     udp_comm_test_slrt.exp
 0002:00011130       rgwOrd                     10092130     udp_comm_test_slrt.exp
 0002:0001113e       szName                     1009213e     udp_comm_test_slrt.exp
 0002:00011155       $N00001                    10092155     udp_comm_test_slrt.exp
 0002:00011160       $N00002                    10092160     udp_comm_test_slrt.exp
 0002:00011169       $N00003                    10092169     udp_comm_test_slrt.exp
 0002:00011176       $N00004                    10092176     udp_comm_test_slrt.exp
 0002:00011180       $N00005                    10092180     udp_comm_test_slrt.exp
 0002:00011190       $N00006                    10092190     udp_comm_test_slrt.exp
 0002:0001119e       $N00007                    1009219e     udp_comm_test_slrt.exp
 0003:00000010       _mdlInfo                   10093010     xpctarget.obj
 0003:00000110       _rtDataAddrMap             10093110     udp_comm_test_capi.obj
 0003:00000248       _mmiStatic                 10093248     udp_comm_test_capi.obj
 0003:00000c74       _rtwCAPI_mallocError       10093c74     rtw_modelmap_utils.obj
 0003:00000cd0       ?__vcrt_flsindex@@3KA      10093cd0     libvcruntime:per_thread_data.obj
 0003:00000dd4       ?errno_no_memory@@3HA      10093dd4     libucrt:errno.obj
 0003:00000dd8       ?doserrno_no_memory@@3KA   10093dd8     libucrt:errno.obj
 0003:00000e1c       ?__acrt_flsindex@@3KA      10093e1c     libucrt:per_thread_data.obj
 0003:00000e20       __ctype_loc_style          10093e20     libucrt:wsetlocale.obj
 0003:0000104c       ?__DAZ_ENABLED@?1??__set_fpsr_sse2@@9@9 1009404c     libucrt:fpctrl.obj
 0003:000012e8       __mbctypes                 100942e8     libucrt:mbctype.obj
 0003:00001420       __mbcasemaps               10094420     libucrt:mbctype.obj
 0003:00001554       ?__rgctypeflag@@3PADA      10094554     libucrt:mbctype.obj
 0003:00001558       ?__rgcode_page_info@@3PAUcode_page_info@@A 10094558     libucrt:mbctype.obj
 0003:000016f0       ?__dcrt_lowio_console_output_handle@@3PAXA 100946f0     libucrt:initcon.obj
 0003:00001ac4       _rtm                       10094ac4     xpctarget.obj
 0003:00001ad8       ?dims@?1??rt_mxGetDimensions@@9@9 10094ad8     rt_matrx.obj
 0003:00001ae8       ?rt_DataLoggingInfo@?4??udp_comm_test@@9@9 10094ae8     udp_comm_test.obj
 0003:00001b40       _rtVarDimsAddrMap          10094b40     udp_comm_test_capi.obj
 0003:00001b78       _msg                       10094b78     asciidecode.obj
 0003:00001cb0       _msg                       10094cb0     asciiencode.obj
 0003:00001de8       _msg                       10094de8     slrtIPConfig.obj
 0003:00001ee8       _modelInitErr              10094ee8     slrtIPConfig.obj
 0003:00001f20       _msg                       10094f20     slrtUDPReceive.obj
 0003:00002058       _msg                       10095058     slrtUDPSend.obj
 0003:00002190       _GS_ExceptionRecord        10095190     LIBCMT:gs_report.obj
 0003:000021e0       _GS_ContextRecord          100951e0     LIBCMT:gs_report.obj
 0003:00002558       ?__proc_attached@@3HA      10095558     LIBCMT:dll_dllmain.obj
 0003:00002594       ?is_initialized_as_dll@@3_NA 10095594     LIBCMT:utility.obj
 0003:00002595       ?module_local_atexit_table_initialized@@3_NA 10095595     LIBCMT:utility.obj
 0003:00002598       ?module_local_atexit_table@@3U_onexit_table_t@@A 10095598     LIBCMT:utility.obj
 0003:000025a4       ?module_local_at_quick_exit_table@@3U_onexit_table_t@@A 100955a4     LIBCMT:utility.obj
 0003:000025e4       ?heap@@3V_HeapManager@@A   100955e4     libvcruntime:undname.obj
 0003:00002604       ?__vcrt_startup_thread_ptd@@3U__vcrt_ptd@@A 10095604     libvcruntime:per_thread_data.obj
 0003:00002634       ___vcrt_lock_table         10095634     libvcruntime:locks.obj
 0003:0000264c       ___vcrt_locks_initialized  1009564c     libvcruntime:locks.obj
 0003:00002658       ?module_handles@@3PAPAUHINSTANCE__@@A 10095658     libvcruntime:winapi_downlevel.obj
 0003:00002664       ?encoded_function_pointers@@3PAPAXA 10095664     libvcruntime:winapi_downlevel.obj
 0003:00002698       ?c_termination_complete@@3JA 10095698     libucrt:exit.obj
 0003:0000269c       ?thread_local_exit_callback_func@@3P6GXPAXK0@ZA 1009569c     libucrt:exit.obj
 0003:000026a8       ?program_name@?1???$common_configure_argv@D@@YAHW4_crt_argv_mode@@@Z@4PADA 100956a8     libucrt:argv_parsing.obj
 0003:000027e8       ?program_name@?1???$common_configure_argv@_W@@YAHW4_crt_argv_mode@@@Z@4PA_WA 100957e8     libucrt:argv_parsing.obj
 0003:00002a90       ?__acrt_invalid_parameter_handler@@3V?$dual_state_global@P6AXPB_W00II@Z@__crt_state_management@@A 10095a90     libucrt:invalid_parameter.obj
 0003:00002a98       ?module_handles@@3PAPAUHINSTANCE__@@A 10095a98     libucrt:winapi_thunks.obj
 0003:00002ae8       ?encoded_function_pointers@@3PAPAXA 10095ae8     libucrt:winapi_thunks.obj
 0003:00002b9c       ?static_enum_proc@?1??enum_system_locales_ex_nolock@@YAHQ6GHPA_WKJ@Z@Z@4P6GH0KJ@ZA 10095b9c     libucrt:winapi_thunks.obj
 0003:00002e0c       ?internal_state@?1??_mbtowc_l@@9@4U_Mbstatet@@A 10095e0c     libucrt:mbtowc.obj
 0003:00002e18       ?enable_percent_n@@3IA     10095e18     libucrt:printf_count_output.obj
 0003:00002e30       ?__acrt_lock_table@@3PAU_RTL_CRITICAL_SECTION@@A 10095e30     libucrt:locks.obj
 0003:00002f80       ?__acrt_locks_initialized@@3IA 10095f80     libucrt:locks.obj
 0003:00002fc8       ?state_cache@?1???$get_cached_win_policy@Ubegin_thread_init_policy_properties@?1??__acrt_get_begin_thread_init_policy@@YA?AW4begin_thread_init_policy@@XZ@@@YA?AW4begin_thread_init_policy@@W4AppPolicyThreadInitializationType@@@Z@4JA 10095fc8     libucrt:win_policies.obj
 0003:00002fcc       ?state_cache@?1???$get_cached_win_policy@Udeveloper_information_policy_properties@?1??__acrt_get_developer_information_policy@@YA?AW4developer_information_policy@@XZ@@@YA?AW4developer_information_policy@@W4AppPolicyShowDeveloperDiagnostic@@@Z@4JA 10095fcc     libucrt:win_policies.obj
 0003:00002fd0       ?state_cache@?1???$get_cached_win_policy@Uwindowing_model_policy_properties@?1??__acrt_get_windowing_model_policy@@YA?AW4windowing_model_policy@@XZ@@@YA?AW4windowing_model_policy@@W4AppPolicyWindowingModel@@@Z@4JA 10095fd0     libucrt:win_policies.obj
 0003:00002fd4       ?__acrt_app_type@@3W4_crt_app_type@@A 10095fd4     libucrt:report_runtime_error.obj
 0003:00002fd8       ?outmsg@?9??__acrt_report_runtime_error@@9@4PA_WA 10095fd8     libucrt:report_runtime_error.obj
 0003:0000373c       ___acrt_error_mode         1009673c     libucrt:set_error_mode.obj
 0003:00003740       ?console_ctrl_handler_installed@@3_NA 10096740     libucrt:signal.obj
 0003:00003744       ?ctrlc_action@@3V?$dual_state_global@P6AXH@Z@__crt_state_management@@A 10096744     libucrt:signal.obj
 0003:00003748       ?ctrlbreak_action@@3V?$dual_state_global@P6AXH@Z@__crt_state_management@@A 10096748     libucrt:signal.obj
 0003:0000374c       ?abort_action@@3V?$dual_state_global@P6AXH@Z@__crt_state_management@@A 1009674c     libucrt:signal.obj
 0003:00003750       ?term_action@@3V?$dual_state_global@P6AXH@Z@__crt_state_management@@A 10096750     libucrt:signal.obj
 0003:00003758       ?user_matherr@@3V?$dual_state_global@P6AHPAU_exception@@@Z@__crt_state_management@@A 10096758     libucrt:matherr.obj
 0003:00003768       ?fSystemSet@@3HA           10096768     libucrt:mbctype.obj
 0003:0000376f       ?initialized@?1??__acrt_initialize_multibyte@@9@4_NA 1009676f     libucrt:mbctype.obj
 0003:00003790       ?__acrt_new_handler@@3V?$dual_state_global@P6AHI@Z@__crt_state_management@@A 10096790     libucrt:new_handler.obj
 0003:00003794       ?__acrt_global_new_mode@@3V?$dual_state_global@J@__crt_state_management@@A 10096794     libucrt:new_mode.obj
 0003:00003798       ?mbst@?1??mbrlen@@9@4U_Mbstatet@@A 10096798     libucrt:mbrtowc.obj
 0003:000037a4       ?mbst@?1??mbrtowc@@9@4U_Mbstatet@@A 100967a4     libucrt:mbrtowc.obj
 0003:000037b0       ?mbst@?1??_mbsrtowcs_helper@@YAIPA_WPAPBDIPAU_Mbstatet@@@Z@4U2@A 100967b0     libucrt:mbrtowc.obj
 0003:000037c4       ?internal_pst@?1??__mbrtoc32_utf8@__crt_mbstring@@YAIPA_UPBDIPAU_Mbstatet@@@Z@4U3@A 100967c4     libucrt:mbrtoc32.obj
 0003:000037d8       __pmatherr_set             100967d8     libucrt:libm_error.obj
 0003:000037e0       ?internal_pst@?1??__c16rtomb_utf8@__crt_mbstring@@YAIPAD_SPAU_Mbstatet@@@Z@4U3@A 100967e0     libucrt:c16rtomb.obj
 0004:000004e4       .idata$6                   100ab4e4     kernel32:KERNEL32.dll
