 dynamixel_control_slrt

 Timestamp is 5c5bbed3 (Thu Feb  7 10:44:59 2019)

 Preferred load address is 10000000

 Start         Length     Name                   Class
 0001:00000000 0006c803H .text$mn                CODE
 0001:0006c803 00001085H .text$x                 CODE
 0002:00000000 00000104H .CRT$XCA                DATA
 0002:00000104 00000104H .CRT$XCZ                DATA
 0002:00000208 00000104H .CRT$XIA                DATA
 0002:0000030c 00000110H .CRT$XIC                DATA
 0002:0000041c 00000104H .CRT$XIZ                DATA
 0002:00000520 00000104H .CRT$XPA                DATA
 0002:00000624 0000010cH .CRT$XPX                DATA
 0002:00000730 00000104H .CRT$XPXA               DATA
 0002:00000834 00000104H .CRT$XPZ                DATA
 0002:00000938 00000104H .CRT$XTA                DATA
 0002:00000a3c 00000104H .CRT$XTZ                DATA
 0002:00000b40 0000e13cH .rdata                  DATA
 0002:0000ec7c 00000444H .rdata$r                DATA
 0002:0000f0c0 00000128H .rdata$sxdata           DATA
 0002:0000f1e8 000001d8H .rdata$zzzdbg           DATA
 0002:0000f3c0 00000104H .rtc$IAA                DATA
 0002:0000f4c4 00000104H .rtc$IZZ                DATA
 0002:0000f5c8 00000104H .rtc$TAA                DATA
 0002:0000f6cc 00000104H .rtc$TZZ                DATA
 0002:0000f7d0 00000ce0H .xdata$x                DATA
 0002:000104b0 0000020bH .edata                  DATA
 0003:00000000 00001150H .data                   DATA
 0003:00001150 00000250H .data$r                 DATA
 0003:000013a0 00013ea0H .bss                    DATA
 0004:00000000 000001b4H .idata$5                DATA
 0004:000001b4 00000014H .idata$2                DATA
 0004:000001c8 00000014H .idata$3                DATA
 0004:000001dc 000001b4H .idata$4                DATA
 0004:00000390 000007a2H .idata$6                DATA
 0005:00000000 00000104H .00cfg                  DATA

  Address         Publics by Value              Rva+Base       Lib:Object

 0000:00000000       ___volatile_metadata       00000000     <absolute>
 0000:00000000       ___guard_fids_table        00000000     <absolute>
 0000:00000000       ___guard_fids_count        00000000     <absolute>
 0000:00000000       ___hybrid_code_map_count   00000000     <absolute>
 0000:00000000       __except_list              00000000     <absolute>
 0000:00000000       ___hybrid_auxiliary_iat    00000000     <absolute>
 0000:00000000       ___guard_iat_count         00000000     <absolute>
 0000:00000000       ___hybrid_code_map         00000000     <absolute>
 0000:00000000       ___guard_longjmp_count     00000000     <absolute>
 0000:00000000       ___dynamic_value_reloc_table 00000000     <absolute>
 0000:00000000       ___guard_iat_table         00000000     <absolute>
 0000:00000000       ___guard_longjmp_table     00000000     <absolute>
 0000:00000000       ___enclave_config          00000000     <absolute>
 0000:00000008       ___safe_se_handler_count   00000008     <absolute>
 0000:00000100       ___guard_flags             00000100     <absolute>
 0000:00000000       ___ImageBase               10000000     <linker-defined>
 0001:000064d0       _DllMain@12                100074d0 f   xpctarget.obj
 0001:000064e0       _SLRTSetErrorStatus        100074e0 f   xpctarget.obj
 0001:00006500       _changeStepSize            10007500 f   xpctarget.obj
 0001:00006570       _dynamixel_control_ChangeStepSize 10007570 f   xpctarget.obj
 0001:000065e0       _getDLMVersion             100075e0 f   xpctarget.obj
 0001:000065f0       _getFullPathToRefMdl       100075f0 f   xpctarget.obj
 0001:000066a0       _getRefMdlPath             100076a0 f   xpctarget.obj
 0001:00006720       _getRefMdlSignalNumber     10007720 f   xpctarget.obj
 0001:000067d0       _getrlmdlinfo              100077d0 f   xpctarget.obj
 0001:00006930       _slrtRegisterSignalToLoggingService 10007930 f   xpctarget.obj
 0001:00006a90       _updateDiscreteEvents      10007a90 f   xpctarget.obj
 0001:00006af0       _getNumRef                 10007af0 f   appmappingData.obj
 0001:00006b00       ___local_stdio_printf_options 10007b00 f i legacy_stdio.obj
 0001:00006b10       __vfprintf_l               10007b10 f i legacy_stdio.obj
 0001:00006b40       _vprintf                   10007b40 f i legacy_stdio.obj
 0001:00006b80       _rt_mxCreateCharMatrixFromStrings 10007b80 f   rt_matrx.obj
 0001:00006ce0       _rt_mxCreateDoubleMatrix   10007ce0 f   rt_matrx.obj
 0001:00006d40       _rt_mxCreateNumericArray   10007d40 f   rt_matrx.obj
 0001:00006db0       _rt_mxCreateString         10007db0 f   rt_matrx.obj
 0001:00006e40       _rt_mxDuplicateArray       10007e40 f   rt_matrx.obj
 0001:00006ea0       _rt_mxGetDimensions        10007ea0 f   rt_matrx.obj
 0001:00006ee0       _rt_mxGetEps               10007ee0 f   rt_matrx.obj
 0001:00006ef0       _rt_mxGetString            10007ef0 f   rt_matrx.obj
 0001:00006f70       _rtPrintfNoOp              10007f70 f   rt_printf.obj
 0001:00006f80       __vsnprintf_l              10007f80 f i rt_logging.obj
 0001:00006fc0       __vsprintf_l               10007fc0 f i rt_logging.obj
 0001:00007000       _fprintf                   10008000 f i rt_logging.obj
 0001:00007500       _printf                    10008500 f i rt_logging.obj
 0001:00007540       _rt_CreateLogVar           10008540 f   rt_logging.obj
 0001:000075d0       _rt_CreateLogVarWithConvert 100085d0 f   rt_logging.obj
 0001:00007f00       _rt_CreateStructLogVar     10008f00 f   rt_logging.obj
 0001:00008c80       _rt_GetMxIdFromDTypeId     10009c80 f   rt_logging.obj
 0001:00008cb0       _rt_GetMxIdFromDTypeIdForRSim 10009cb0 f   rt_logging.obj
 0001:0000b850       _rt_StartDataLogging       1000c850 f   rt_logging.obj
 0001:0000bd10       _rt_StartDataLoggingWithStartTime 1000cd10 f   rt_logging.obj
 0001:0000c190       _rt_StopDataLogging        1000d190 f   rt_logging.obj
 0001:0000c1b0       _rt_StopDataLoggingImpl    1000d1b0 f   rt_logging.obj
 0001:0000c5f0       _rt_UpdateLogVar           1000d5f0 f   rt_logging.obj
 0001:0000d830       _rt_UpdateStructLogVar     1000e830 f   rt_logging.obj
 0001:0000d8c0       _rt_UpdateTXXFYLogVars     1000e8c0 f   rt_logging.obj
 0001:0000dea0       _rt_UpdateTXYLogVars       1000eea0 f   rt_logging.obj
 0001:0000e0e0       _rt_getTempMemory          1000f0e0 f   rt_logging.obj
 0001:0000e130       _sprintf                   1000f130 f i rt_logging.obj
 0001:0000e170       _MdlInitialize             1000f170 f   dynamixel_control.obj
 0001:0000e180       _MdlInitializeSampleTimes  1000f180 f   dynamixel_control.obj
 0001:0000e190       _MdlInitializeSizes        1000f190 f   dynamixel_control.obj
 0001:0000e1a0       _MdlOutputs                1000f1a0 f   dynamixel_control.obj
 0001:0000e200       _MdlStart                  1000f200 f   dynamixel_control.obj
 0001:0000e210       _MdlTerminate              1000f210 f   dynamixel_control.obj
 0001:0000e2d0       _MdlUpdate                 1000f2d0 f   dynamixel_control.obj
 0001:0000e430       _dynamixel_co_RS232ISR_Start 1000f430 f   dynamixel_control.obj
 0001:0000e6d0       _dynamixel_con_RS232ISR_Term 1000f6d0 f   dynamixel_control.obj
 0001:0000e700       _dynamixel_control         1000f700 f   dynamixel_control.obj
 0001:0000f2f0       _dynamixel_control_RS232ISR 100102f0 f   dynamixel_control.obj
 0001:00010320       _rate_scheduler            10011320 f   dynamixel_control.obj
 0001:00010340       _rt_SimUpdateDiscreteEvents 10011340 f   dynamixel_control.obj
 0001:00010370       _xPCISR1                   10011370 f   dynamixel_control.obj
 0001:00010590       _dynamixel_control_GetCAPIStaticMap 10011590 f   dynamixel_control_capi.obj
 0001:000105a0       _dynamixel_control_InitializeDataMapInfo 100115a0 f   dynamixel_control_capi.obj
 0001:00010670       _mdlXcp_GetMdlXcpInfo      10011670 f   dynamixel_control_xcp.obj
 0001:00010680       _SLRT_update_TET           10011680 f   dynamixel_control_xcp_TET.obj
 0001:00010750       _rtGetInf                  10011750 f   rtGetInf.obj
 0001:00010780       _rtGetInfF                 10011780 f   rtGetInf.obj
 0001:000107a0       _rtGetMinusInf             100117a0 f   rtGetInf.obj
 0001:000107d0       _rtGetMinusInfF            100117d0 f   rtGetInf.obj
 0001:000107f0       _rtGetNaN                  100117f0 f   rtGetNaN.obj
 0001:00010820       _rtGetNaNF                 10011820 f   rtGetNaN.obj
 0001:00010840       _rtIsInf                   10011840 f   rt_nonfinite.obj
 0001:00010880       _rtIsInfF                  10011880 f   rt_nonfinite.obj
 0001:000108c0       _rtIsNaN                   100118c0 f   rt_nonfinite.obj
 0001:000108d0       _rtIsNaNF                  100118d0 f   rt_nonfinite.obj
 0001:000108e0       _rt_InitInfAndNaN          100118e0 f   rt_nonfinite.obj
 0001:00010940       _fiforead                  10011940 f   fiforeadwrite.obj
 0001:00010c60       _fifowrite                 10011c60 f   fiforeadwrite.obj
 0001:00010ec0       _rt_CleanUpForStateLogWithMMI 10011ec0 f   rt_logging_mmi.obj
 0001:00010fd0       _rt_FillStateSigInfoFromMMI 10011fd0 f   rt_logging_mmi.obj
 0001:000113a0       _rtwCAPI_CountSysRan       100123a0 f   rtw_modelmap_utils.obj
 0001:00011440       _rtwCAPI_EncodePath        10012440 f   rtw_modelmap_utils.obj
 0001:00011550       _rtwCAPI_FillSysRan        10012550 f   rtw_modelmap_utils.obj
 0001:00011640       _rtwCAPI_FreeFullPaths     10012640 f   rtw_modelmap_utils.obj
 0001:000116d0       _rtwCAPI_GetFullStateBlockPath 100126d0 f   rtw_modelmap_utils.obj
 0001:00011860       _rtwCAPI_GetNumContStateRecords 10012860 f   rtw_modelmap_utils.obj
 0001:00011920       _rtwCAPI_GetNumSigLogRecords 10012920 f   rtw_modelmap_utils.obj
 0001:00011970       _rtwCAPI_GetNumSigLogRecordsForRTWLogging 10012970 f   rtw_modelmap_utils.obj
 0001:00011a10       _rtwCAPI_GetNumStateRecords 10012a10 f   rtw_modelmap_utils.obj
 0001:00011a60       _rtwCAPI_GetNumStateRecordsForRTWLogging 10012a60 f   rtw_modelmap_utils.obj
 0001:00011b00       _rtwCAPI_GetSigAddrFromMap 10012b00 f   rtw_modelmap_utils.obj
 0001:00011bc0       _rtwCAPI_GetSigLogRecordInfo 10012bc0 f   rtw_modelmap_utils.obj
 0001:00011ff0       _rtwCAPI_GetStateRecordInfo 10012ff0 f   rtw_modelmap_utils.obj
 0001:000124f0       _rtwCAPI_GetStateWidth     100134f0 f   rtw_modelmap_utils.obj
 0001:00012550       _rtwCAPI_HasStates         10013550 f   rtw_modelmap_utils.obj
 0001:000125b0       _rtwCAPI_UpdateFullPaths   100135b0 f   rtw_modelmap_utils.obj
 0001:00012790       _timestamp_x86             10013790 f   host_timer_x86.obj
 0001:000127a0       _taskTimeEnd               100137a0 f   xpc_code_profiling_utility_functions.obj
 0001:000127b0       _taskTimeEnd_              100137b0 f   xpc_code_profiling_utility_functions.obj
 0001:000127c0       _taskTimeStart             100137c0 f   xpc_code_profiling_utility_functions.obj
 0001:000127d0       _taskTimeStart_            100137d0 f   xpc_code_profiling_utility_functions.obj
 0001:000127e0       _xilProfilingTimerFreeze   100137e0 f   xpc_code_profiling_utility_functions.obj
 0001:000127f0       _xilProfilingTimerUnFreeze 100137f0 f   xpc_code_profiling_utility_functions.obj
 0001:00012800       _xilUploadProfilingData    10013800 f   xpc_code_profiling_utility_functions.obj
 0001:00012810       _asciiencode               10013810 f   asciiencode.obj
 0001:000136b0       _sersetupbase              100146b0 f   sersetupbase.obj
 0001:00013700       _GetPCIDeviceFull          10014700 f   xpcruntime:xpcimports.obj
 0001:00013870       _GetPCIDeviceFunction      10014870 f   xpcruntime:xpcimports.obj
 0001:000139e0       _ShowPCIDevice             100149e0 f   xpcruntime:xpcimports.obj
 0001:00014010       _slrtGetPciConfigAtFunction 10015010 f   xpcruntime:xpcimports.obj
 0001:00014380       _xpcGetPciConfigAtSlot     10015380 f   xpcruntime:xpcimports.obj
 0001:000143a0       _xpcInitProcs              100153a0 f   xpcruntime:xpcimports.obj
 0001:00015a20       _xpceuploadevent           10016a20 f   xpcruntime:xpcimports.obj
 0001:00015a30       __ftoui3                   10016a30 f   LIBCMT:ftol3.obj
 0001:00015a3f       __ftoul3                   10016a3f f   LIBCMT:ftol3.obj
 0001:00015a4e       __ftol3                    10016a4e f   LIBCMT:ftol3.obj
 0001:00015a5b       __ftol3_NaN                10016a5b f   LIBCMT:ftol3.obj
 0001:00015a73       __ftol3_work               10016a73 f   LIBCMT:ftol3.obj
 0001:00015af9       __ftol3_common             10016af9 f   LIBCMT:ftol3.obj
 0001:00015bbb       __ftol3_arg_error          10016bbb f   LIBCMT:ftol3.obj
 0001:00015bcd       __ftol3_except             10016bcd f   LIBCMT:ftol3.obj
 0001:00015c11       __dtoui3                   10016c11 f   LIBCMT:ftol3.obj
 0001:00015c20       __dtoul3                   10016c20 f   LIBCMT:ftol3.obj
 0001:00015c2f       __dtol3                    10016c2f f   LIBCMT:ftol3.obj
 0001:00015c3c       __dtol3_NaN                10016c3c f   LIBCMT:ftol3.obj
 0001:00015c59       __dtol3_work               10016c59 f   LIBCMT:ftol3.obj
 0001:00015d40       __ultod3                   10016d40 f   LIBCMT:ftol3.obj
 0001:00015d80       __ltod3                    10016d80 f   LIBCMT:ftol3.obj
 0001:00015e84       ___raise_securityfailure   10016e84 f   LIBCMT:gs_report.obj
 0001:00015eb6       ___report_gsfailure        10016eb6 f   LIBCMT:gs_report.obj
 0001:00015fed       ___report_rangecheckfailure 10016fed f   LIBCMT:gs_report.obj
 0001:00015ffc       ___report_securityfailure  10016ffc f   LIBCMT:gs_report.obj
 0001:000160fd       ___report_securityfailureEx 100170fd f   LIBCMT:gs_report.obj
 0001:00016256       @__security_check_cookie@4 10017256 f   LIBCMT:secchk.obj
 0001:0001626b       ___isa_available_init      1001726b f   LIBCMT:cpu_disp.obj
 0001:0001684c       __CRT_INIT@12              1001784c f   LIBCMT:dll_dllmain.obj
 0001:00016857       __DllMainCRTStartup@12     10017857 f   LIBCMT:dll_dllmain.obj
 0001:000168e2       ___security_init_cookie    100178e2 f   LIBCMT:gs_support.obj
 0001:0001693f       ?__scrt_initialize_type_info@@YAXXZ 1001793f f   LIBCMT:tncleanup.obj
 0001:0001694e       ?__scrt_uninitialize_type_info@@YAXXZ 1001794e f   LIBCMT:tncleanup.obj
 0001:0001695d       ___local_stdio_scanf_options 1001795d f i LIBCMT:default_local_stdio_options.obj
 0001:00016963       ___scrt_initialize_default_local_stdio_options 10017963 f   LIBCMT:default_local_stdio_options.obj
 0001:00016987       ??$__crt_fast_decode_pointer@PAP6AXXZ@@YAPAP6AXXZQAP6AXXZ@Z 10017987 f i LIBCMT:utility.obj
 0001:000169a0       ??$__crt_fast_encode_pointer@PAP6AXXZ@@YAPAP6AXXZQAP6AXXZ@Z 100179a0 f i LIBCMT:utility.obj
 0001:000169c4       ?__crt_rotate_pointer_value@@YAIIH@Z 100179c4 f i LIBCMT:utility.obj
 0001:000169d4       ?configure_argv@__scrt_narrow_argv_policy@@SAHXZ 100179d4 f i LIBCMT:utility.obj
 0001:00016a39       ?initialize_environment@__scrt_narrow_environment_policy@@SAHXZ 10017a39 f i LIBCMT:utility.obj
 0001:00016a7f       _NtCurrentTeb              10017a7f f i LIBCMT:utility.obj
 0001:00016a86       ___scrt_acquire_startup_lock 10017a86 f   LIBCMT:utility.obj
 0001:00016ac4       ___scrt_dllmain_after_initialize_c 10017ac4 f   LIBCMT:utility.obj
 0001:00016af9       ___scrt_dllmain_before_initialize_c 10017af9 f   LIBCMT:utility.obj
 0001:00016b0a       ___scrt_dllmain_crt_thread_attach 10017b0a f   LIBCMT:utility.obj
 0001:00016b30       ___scrt_dllmain_crt_thread_detach 10017b30 f   LIBCMT:utility.obj
 0001:00016b40       ___scrt_dllmain_exception_filter 10017b40 f   LIBCMT:utility.obj
 0001:00016b81       ___scrt_dllmain_uninitialize_c 10017b81 f   LIBCMT:utility.obj
 0001:00016bac       ___scrt_dllmain_uninitialize_critical 10017bac f   LIBCMT:utility.obj
 0001:00016bbc       ___scrt_initialize_crt     10017bbc f   LIBCMT:utility.obj
 0001:00016c03       ___scrt_initialize_onexit_tables 10017c03 f   LIBCMT:utility.obj
 0001:00016cd1       ___scrt_is_nonwritable_in_current_image 10017cd1 f   LIBCMT:utility.obj
 0001:00016d8a       ___scrt_release_startup_lock 10017d8a f   LIBCMT:utility.obj
 0001:00016dae       ___scrt_uninitialize_crt   10017dae f   LIBCMT:utility.obj
 0001:00016de0       __onexit                   10017de0 f   LIBCMT:utility.obj
 0001:00016e29       _at_quick_exit             10017e29 f   LIBCMT:utility.obj
 0001:00016e66       _atexit                    10017e66 f   LIBCMT:utility.obj
 0001:00016e80       ___scrt_get_dyn_tls_init_callback 10017e80 f   LIBCMT:dyn_tls_init.obj
 0001:00016e86       ___scrt_fastfail           10017e86 f   LIBCMT:utility_desktop.obj
 0001:00016fe6       ___scrt_get_show_window_mode 10017fe6 f   LIBCMT:utility_desktop.obj
 0001:00017023       ___scrt_initialize_mta     10018023 f   LIBCMT:utility_desktop.obj
 0001:00017028       ___scrt_initialize_winrt   10018028 f   LIBCMT:utility_desktop.obj
 0001:0001702b       ___scrt_is_managed_app     1001802b f   LIBCMT:utility_desktop.obj
 0001:0001707e       ___scrt_set_unhandled_exception_filter 1001807e f   LIBCMT:utility_desktop.obj
 0001:0001708d       ___scrt_exe_initialize_mta 1001808d f   LIBCMT:utility_desktop.obj
 0001:0001708d       ___scrt_stub_for_initialize_mta 1001808d f   LIBCMT:utility_desktop.obj
 0001:00017090       ___scrt_unhandled_exception_filter@4 10018090 f   LIBCMT:utility_desktop.obj
 0001:000170e1       __crt_debugger_hook        100180e1 f   LIBCMT:utility_desktop.obj
 0001:000170eb       __RTC_Initialize           100180eb f   LIBCMT:initsect.obj
 0001:00017122       __RTC_Terminate            10018122 f   LIBCMT:initsect.obj
 0001:00017160       __SEH_prolog4              10018160 f   LIBCMT:sehprolg4.obj
 0001:000171a6       __SEH_epilog4              100181a6 f   LIBCMT:sehprolg4.obj
 0001:000171d1       @_guard_check_icall_nop@4  100181d1 f i LIBCMT:guard_support.obj
 0001:000171d2       _ReadNoFence               100181d2 f i LIBCMT:guard_support.obj
 0001:000171de       _ReadPointerNoFence        100181de f i LIBCMT:guard_support.obj
 0001:000171ea       __guard_icall_checks_enforced 100181ea f i LIBCMT:guard_support.obj
 0001:00017200       __get_startup_argv_mode    10018200 f   LIBCMT:argv_mode.obj
 0001:00017204       ___scrt_is_ucrt_dll_in_use 10018204 f   LIBCMT:ucrt_detection.obj
 0001:00017213       _GetModuleHandleA@4        10018213 f   kernel32:KERNEL32.dll
 0001:00017219       _GetProcAddress@8          10018219 f   kernel32:KERNEL32.dll
 0001:0001721f       _UnhandledExceptionFilter@4 1001821f f   kernel32:KERNEL32.dll
 0001:00017225       _SetUnhandledExceptionFilter@4 10018225 f   kernel32:KERNEL32.dll
 0001:0001722b       _GetCurrentProcess@0       1001822b f   kernel32:KERNEL32.dll
 0001:00017231       _TerminateProcess@8        10018231 f   kernel32:KERNEL32.dll
 0001:00017237       _IsProcessorFeaturePresent@4 10018237 f   kernel32:KERNEL32.dll
 0001:0001723d       _QueryPerformanceCounter@4 1001823d f   kernel32:KERNEL32.dll
 0001:00017243       _GetCurrentProcessId@0     10018243 f   kernel32:KERNEL32.dll
 0001:00017249       _GetCurrentThreadId@0      10018249 f   kernel32:KERNEL32.dll
 0001:0001724f       _GetSystemTimeAsFileTime@4 1001824f f   kernel32:KERNEL32.dll
 0001:00017255       _InitializeSListHead@4     10018255 f   kernel32:KERNEL32.dll
 0001:0001725b       _IsDebuggerPresent@0       1001825b f   kernel32:KERNEL32.dll
 0001:00017261       _GetStartupInfoW@4         10018261 f   kernel32:KERNEL32.dll
 0001:00017267       _GetModuleHandleW@4        10018267 f   kernel32:KERNEL32.dll
 0001:00017270       _memcpy                    10018270 f   libvcruntime:memcpy.obj
 0001:00017950       _strchr                    10018950 f   libvcruntime:strchr.obj
 0001:000179be       ___from_strstr_to_strchr   100189be     libvcruntime:strchr.obj
 0001:00017ad0       _memmove                   10018ad0 f   libvcruntime:memmove.obj
 0001:000181b0       _memset                    100191b0 f   libvcruntime:memset.obj
 0001:000183a0       __except_handler4          100193a0 f   libvcruntime:chandler4.obj
 0001:0001855c       ??$?RD@__crt_internal_free_policy@@QBEXQBD@Z 1001955c f i libvcruntime:std_type_info.obj
 0001:00018570       ??$?RX@__crt_internal_free_policy@@QBEXQBX@Z 10019570 f i libvcruntime:std_type_info.obj
 0001:00018584       ??$__crt_interlocked_compare_exchange_pointer@$$CBDPAD$$T@@YAPBDPDSBDQAD$$T@Z 10019584 f i libvcruntime:std_type_info.obj
 0001:0001859a       ??$__crt_interlocked_read_pointer@$$CBD@@YAPBDPDSBD@Z 1001959a f i libvcruntime:std_type_info.obj
 0001:000185a6       ??0?$__crt_unique_heap_ptr@DU__crt_internal_free_policy@@@@QAE@QAD@Z 100195a6 f i libvcruntime:std_type_info.obj
 0001:000185b7       ??0?$__crt_unique_heap_ptr@XU__crt_internal_free_policy@@@@QAE@QAX@Z 100195b7 f i libvcruntime:std_type_info.obj
 0001:000185c8       ??1?$__crt_unique_heap_ptr@DU__crt_internal_free_policy@@@@QAE@XZ 100195c8 f i libvcruntime:std_type_info.obj
 0001:000185dc       ??1?$__crt_unique_heap_ptr@XU__crt_internal_free_policy@@@@QAE@XZ 100195dc f i libvcruntime:std_type_info.obj
 0001:000185fc       ??B?$__crt_unique_heap_ptr@DU__crt_internal_free_policy@@@@QBE_NXZ 100195fc f i libvcruntime:std_type_info.obj
 0001:00018603       ??B?$__crt_unique_heap_ptr@XU__crt_internal_free_policy@@@@QBE_NXZ 10019603 f i libvcruntime:std_type_info.obj
 0001:00018632       ?__crt_interlocked_read_32@@YAHPDH@Z 10019632 f i libvcruntime:std_type_info.obj
 0001:0001863e       ?detach@?$__crt_unique_heap_ptr@XU__crt_internal_free_policy@@@@QAEPAXXZ 1001963e f i libvcruntime:std_type_info.obj
 0001:00018644       ?get@?$__crt_unique_heap_ptr@DU__crt_internal_free_policy@@@@QBEPADXZ 10019644 f i libvcruntime:std_type_info.obj
 0001:00018647       ?get@?$__crt_unique_heap_ptr@XU__crt_internal_free_policy@@@@QBEPAXXZ 10019647 f i libvcruntime:std_type_info.obj
 0001:0001864a       ?is_valid@?$__crt_unique_heap_ptr@DU__crt_internal_free_policy@@@@QBE_NXZ 1001964a f i libvcruntime:std_type_info.obj
 0001:00018651       ?is_valid@?$__crt_unique_heap_ptr@XU__crt_internal_free_policy@@@@QBE_NXZ 10019651 f i libvcruntime:std_type_info.obj
 0001:00018658       ?release@?$__crt_unique_heap_ptr@DU__crt_internal_free_policy@@@@QAEXXZ 10019658 f i libvcruntime:std_type_info.obj
 0001:0001866c       ?release@?$__crt_unique_heap_ptr@XU__crt_internal_free_policy@@@@QAEXXZ 1001966c f i libvcruntime:std_type_info.obj
 0001:00018680       ___std_type_info_compare   10019680 f   libvcruntime:std_type_info.obj
 0001:000186cb       ___std_type_info_destroy_list 100196cb f   libvcruntime:std_type_info.obj
 0001:000186f6       ___std_type_info_hash      100196f6 f   libvcruntime:std_type_info.obj
 0001:00018725       ___std_type_info_name      10019725 f   libvcruntime:std_type_info.obj
 0001:00018818       ___vcrt_initialize         10019818 f   libvcruntime:initialization.obj
 0001:0001884b       ___vcrt_thread_attach      1001984b f   libvcruntime:initialization.obj
 0001:00018858       ___vcrt_thread_detach      10019858 f   libvcruntime:initialization.obj
 0001:00018865       ___vcrt_uninitialize       10019865 f   libvcruntime:initialization.obj
 0001:0001888b       ___vcrt_uninitialize_critical 1001988b f   libvcruntime:initialization.obj
 0001:000188a0       __local_unwind4            100198a0 f   libvcruntime:exsup4.obj
 0001:00018978       __seh_longjmp_unwind4@4    10019978 f   libvcruntime:exsup4.obj
 0001:000189a0       @_EH4_CallFilterFunc@8     100199a0 f   libvcruntime:exsup4.obj
 0001:000189b8       @_EH4_TransferToHandler@8  100199b8 f   libvcruntime:exsup4.obj
 0001:000189d4       @_EH4_GlobalUnwind2@8      100199d4 f   libvcruntime:exsup4.obj
 0001:000189f0       @_EH4_LocalUnwind@16       100199f0 f   libvcruntime:exsup4.obj
 0001:00018a6d       ___except_validate_context_record 10019a6d f   libvcruntime:jbcxrval.obj
 0001:00018aa9       ___except_validate_jump_buffer 10019aa9 f   libvcruntime:jbcxrval.obj
 0001:00018ae1       ___except_validate_jump_buffer_common 10019ae1 f i libvcruntime:jbcxrval.obj
 0001:00018b28       ??0Block@_HeapManager@@QAE@XZ 10019b28 f i libvcruntime:undname.obj
 0001:00018b2e       ??0DName@@QAE@AAPBDD@Z     10019b2e f   libvcruntime:undname.obj
 0001:00018c0c       ??0DName@@QAE@ABV0@@Z      10019c0c f i libvcruntime:undname.obj
 0001:00018c27       ??0DName@@QAE@D@Z          10019c27 f   libvcruntime:undname.obj
 0001:00018c55       ??0DName@@QAE@PAV0@@Z      10019c55 f   libvcruntime:undname.obj
 0001:00018caf       ??0DName@@QAE@PBD@Z        10019caf f   libvcruntime:undname.obj
 0001:00018cee       ??0DName@@QAE@W4DNameStatus@@@Z 10019cee f   libvcruntime:undname.obj
 0001:00018d3e       ??0DName@@QAE@XZ           10019d3e f i libvcruntime:undname.obj
 0001:00018d4a       ??0DName@@QAE@_J@Z         10019d4a f   libvcruntime:undname.obj
 0001:00018df9       ??0DName@@QAE@_K@Z         10019df9 f   libvcruntime:undname.obj
 0001:00018e78       ??0DNameNode@@IAE@XZ       10019e78 f i libvcruntime:undname.obj
 0001:00018e83       ??0Replicator@@QAE@XZ      10019e83 f i libvcruntime:undname.obj
 0001:00018e94       ??0UnDecorator@@QAE@PBDP6APADJ@ZK@Z 10019e94 f i libvcruntime:undname.obj
 0001:00018ef3       ??0charNode@@QAE@D@Z       10019ef3 f i libvcruntime:undname.obj
 0001:00018f0d       ??0pDNameNode@@QAE@PAVDName@@@Z 10019f0d f   libvcruntime:undname.obj
 0001:00018f3f       ??0pairNode@@QAE@PBVDNameNode@@0@Z 10019f3f f i libvcruntime:undname.obj
 0001:00018f65       ??0pcharNode@@QAE@PBDH@Z   10019f65 f   libvcruntime:undname.obj
 0001:00018fdb       ??2@YAPAXIAAV_HeapManager@@H@Z 10019fdb f i libvcruntime:undname.obj
 0001:00018ff5       ??4DName@@QAEAAV0@ABV0@@Z  10019ff5 f   libvcruntime:undname.obj
 0001:00019010       ??4DName@@QAEAAV0@D@Z      1001a010 f i libvcruntime:undname.obj
 0001:0001903e       ??4DName@@QAEAAV0@PAV0@@Z  1001a03e f   libvcruntime:undname.obj
 0001:00019090       ??4DName@@QAEAAV0@PBD@Z    1001a090 f   libvcruntime:undname.obj
 0001:000190c5       ??4DName@@QAEAAV0@W4DNameStatus@@@Z 1001a0c5 f   libvcruntime:undname.obj
 0001:00019103       ??AReplicator@@QBE?AVDName@@H@Z 1001a103 f   libvcruntime:undname.obj
 0001:0001915a       ??H@YA?AVDName@@DABV0@@Z   1001a15a f i libvcruntime:undname.obj
 0001:00019184       ??H@YA?AVDName@@PBDABV0@@Z 1001a184 f i libvcruntime:undname.obj
 0001:000191ae       ??H@YA?AVDName@@W4DNameStatus@@ABV0@@Z 1001a1ae f i libvcruntime:undname.obj
 0001:000191d8       ??HDName@@QBE?AV0@ABV0@@Z  1001a1d8 f   libvcruntime:undname.obj
 0001:00019202       ??HDName@@QBE?AV0@D@Z      1001a202 f   libvcruntime:undname.obj
 0001:0001922c       ??HDName@@QBE?AV0@PAV0@@Z  1001a22c f   libvcruntime:undname.obj
 0001:00019256       ??HDName@@QBE?AV0@PBD@Z    1001a256 f   libvcruntime:undname.obj
 0001:00019280       ??HDName@@QBE?AV0@W4DNameStatus@@@Z 1001a280 f   libvcruntime:undname.obj
 0001:000192aa       ??YDName@@QAEAAV0@ABV0@@Z  1001a2aa f   libvcruntime:undname.obj
 0001:000192fb       ??YDName@@QAEAAV0@D@Z      1001a2fb f   libvcruntime:undname.obj
 0001:0001935f       ??YDName@@QAEAAV0@PAV0@@Z  1001a35f f   libvcruntime:undname.obj
 0001:000193dd       ??YDName@@QAEAAV0@PBD@Z    1001a3dd f   libvcruntime:undname.obj
 0001:00019456       ??YDName@@QAEAAV0@W4DNameStatus@@@Z 1001a456 f   libvcruntime:undname.obj
 0001:000194a6       ??YReplicator@@QAEAAV0@ABVDName@@@Z 1001a4a6 f   libvcruntime:undname.obj
 0001:00019502       ??_5DName@@QAEAAV0@ABV0@@Z 1001a502 f   libvcruntime:undname.obj
 0001:00019525       ?Constructor@_HeapManager@@QAEXP6APAXI@ZP6AXPAX@Z@Z 1001a525 f i libvcruntime:undname.obj
 0001:00019549       ?Destructor@_HeapManager@@QAEXXZ 1001a549 f i libvcruntime:undname.obj
 0001:0001958f       ?UScore@UnDecorator@@SAPBDW4Tokens@@@Z 1001a58f f   libvcruntime:undname.obj
 0001:000195b5       ?append@DName@@AAEXPBVDNameNode@@@Z 1001a5b5 f   libvcruntime:undname.obj
 0001:0001960c       ?composeDeclaration@UnDecorator@@CA?AVDName@@ABV2@@Z 1001a60c f i libvcruntime:undname.obj
 0001:0001a620       ?doAccessSpecifiers@UnDecorator@@SAHXZ 1001b620 f i libvcruntime:undname.obj
 0001:0001a631       ?doAllocationLanguage@UnDecorator@@SAHXZ 1001b631 f i libvcruntime:undname.obj
 0001:0001a642       ?doAllocationModel@UnDecorator@@SAHXZ 1001b642 f i libvcruntime:undname.obj
 0001:0001a653       ?doEcsu@UnDecorator@@SAHXZ 1001b653 f i libvcruntime:undname.obj
 0001:0001a664       ?doEllipsis@UnDecorator@@SAHXZ 1001b664 f i libvcruntime:undname.obj
 0001:0001a675       ?doFunctionReturns@UnDecorator@@SAHXZ 1001b675 f i libvcruntime:undname.obj
 0001:0001a686       ?doMSKeywords@UnDecorator@@SAHXZ 1001b686 f i libvcruntime:undname.obj
 0001:0001a696       ?doMemberTypes@UnDecorator@@SAHXZ 1001b696 f i libvcruntime:undname.obj
 0001:0001a6a7       ?doNameOnly@UnDecorator@@SAHXZ 1001b6a7 f i libvcruntime:undname.obj
 0001:0001a6b4       ?doNoIdentCharCheck@UnDecorator@@SAHXZ 1001b6b4 f i libvcruntime:undname.obj
 0001:0001a6c1       ?doPchar@DName@@AAEXPBDH@Z 1001b6c1 f   libvcruntime:undname.obj
 0001:0001a768       ?doPtr64@UnDecorator@@SAHXZ 1001b768 f i libvcruntime:undname.obj
 0001:0001a779       ?doRestrictionSpec@UnDecorator@@SAHXZ 1001b779 f i libvcruntime:undname.obj
 0001:0001a78a       ?doThisTypes@UnDecorator@@SAHXZ 1001b78a f i libvcruntime:undname.obj
 0001:0001a7a0       ?doThrowTypes@UnDecorator@@SAHXZ 1001b7a0 f i libvcruntime:undname.obj
 0001:0001a7b1       ?doTypeOnly@UnDecorator@@SAHXZ 1001b7b1 f i libvcruntime:undname.obj
 0001:0001a7be       ?doUnderScore@UnDecorator@@SAHXZ 1001b7be f i libvcruntime:undname.obj
 0001:0001a7cb       ?getArgumentList@UnDecorator@@CA?AVDName@@XZ 1001b7cb f   libvcruntime:undname.obj
 0001:0001a8fe       ?getArgumentTypes@UnDecorator@@CA?AVDName@@XZ 1001b8fe f   libvcruntime:undname.obj
 0001:0001a9fa       ?getArrayType@UnDecorator@@CA?AVDName@@ABV2@@Z 1001b9fa f i libvcruntime:undname.obj
 0001:0001ac17       ?getBasedType@UnDecorator@@CA?AVDName@@XZ 1001bc17 f   libvcruntime:undname.obj
 0001:0001acd5       ?getBasicDataType@UnDecorator@@CA?AVDName@@ABV2@@Z 1001bcd5 f   libvcruntime:undname.obj
 0001:0001b1ab       ?getCHPEName@UnDecorator@@QAEPADPADH@Z 1001c1ab f i libvcruntime:undname.obj
 0001:0001b2c1       ?getCallIndex@UnDecorator@@CA?AVDName@@XZ 1001c2c1 f i libvcruntime:undname.obj
 0001:0001b2da       ?getCallingConvention@UnDecorator@@CA?AVDName@@XZ 1001c2da f   libvcruntime:undname.obj
 0001:0001b3e1       ?getDataIndirectType@UnDecorator@@CA?AVDName@@ABV2@PBD0H@Z 1001c3e1 f   libvcruntime:undname.obj
 0001:0001bb45       ?getDataIndirectType@UnDecorator@@CA?AVDName@@XZ 1001cb45 f i libvcruntime:undname.obj
 0001:0001bb83       ?getDataType@UnDecorator@@CA?AVDName@@PAV2@@Z 1001cb83 f   libvcruntime:undname.obj
 0001:0001bc79       ?getDecoratedName@UnDecorator@@CA?AVDName@@XZ 1001cc79 f   libvcruntime:undname.obj
 0001:0001bf4b       ?getDimension@UnDecorator@@CA?AVDName@@_N@Z 1001cf4b f   libvcruntime:undname.obj
 0001:0001c0b1       ?getDispatchTarget@UnDecorator@@CA?AVDName@@XZ 1001d0b1 f   libvcruntime:undname.obj
 0001:0001c11a       ?getDisplacement@UnDecorator@@CA?AVDName@@XZ 1001d11a f i libvcruntime:undname.obj
 0001:0001c133       ?getECSUDataType@UnDecorator@@CA?AVDName@@XZ 1001d133 f   libvcruntime:undname.obj
 0001:0001c291       ?getECSUName@UnDecorator@@CA?AVDName@@XZ 1001d291 f i libvcruntime:undname.obj
 0001:0001c2a6       ?getEnumType@UnDecorator@@CA?AVDName@@XZ 1001d2a6 f i libvcruntime:undname.obj
 0001:0001c3d2       ?getExtendedDataIndirectType@UnDecorator@@CA?AVDName@@AAPBDAA_NH@Z 1001d3d2 f   libvcruntime:undname.obj
 0001:0001c5f6       ?getExternalDataType@UnDecorator@@CA?AVDName@@ABV2@@Z 1001d5f6 f i libvcruntime:undname.obj
 0001:0001c676       ?getFunctionIndirectType@UnDecorator@@CA?AVDName@@ABV2@@Z 1001d676 f   libvcruntime:undname.obj
 0001:0001cb44       ?getGuardNumber@UnDecorator@@CA?AVDName@@XZ 1001db44 f i libvcruntime:undname.obj
 0001:0001cb5d       ?getLastChar@DName@@QBEDXZ 1001db5d f i libvcruntime:undname.obj
 0001:0001cb85       ?getLastChar@DNameStatusNode@@UBEDXZ 1001db85 f i libvcruntime:undname.obj
 0001:0001cb94       ?getLastChar@charNode@@UBEDXZ 1001db94 f i libvcruntime:undname.obj
 0001:0001cb98       ?getLastChar@pDNameNode@@UBEDXZ 1001db98 f i libvcruntime:undname.obj
 0001:0001cba9       ?getLastChar@pairNode@@UBEDXZ 1001dba9 f i libvcruntime:undname.obj
 0001:0001cbeb       ?getLastChar@pcharNode@@UBEDXZ 1001dbeb f i libvcruntime:undname.obj
 0001:0001cc01       ?getLexicalFrame@UnDecorator@@CA?AVDName@@XZ 1001dc01 f i libvcruntime:undname.obj
 0001:0001cc4f       ?getMemory@_HeapManager@@QAEPAXIH@Z 1001dc4f f   libvcruntime:undname.obj
 0001:0001ccf7       ?getNoexcept@UnDecorator@@CA?AVDName@@XZ 1001dcf7 f   libvcruntime:undname.obj
 0001:0001cd4d       ?getNumberOfDimensions@UnDecorator@@CAHXZ 1001dd4d f   libvcruntime:undname.obj
 0001:0001cdc6       ?getOperatorName@UnDecorator@@CA?AVDName@@_NPA_N@Z 1001ddc6 f i libvcruntime:undname.obj
 0001:0001d5b4       ?getPointerType@UnDecorator@@CA?AVDName@@ABV2@0@Z 1001e5b4 f i libvcruntime:undname.obj
 0001:0001d5d9       ?getPointerTypeArray@UnDecorator@@CA?AVDName@@ABV2@0@Z 1001e5d9 f i libvcruntime:undname.obj
 0001:0001d5fe       ?getPrimaryDataType@UnDecorator@@CA?AVDName@@ABV2@@Z 1001e5fe f   libvcruntime:undname.obj
 0001:0001d85b       ?getPtrRefDataType@UnDecorator@@CA?AVDName@@ABV2@H@Z 1001e85b f   libvcruntime:undname.obj
 0001:0001d9ce       ?getPtrRefType@UnDecorator@@CA?AVDName@@ABV2@0PBD@Z 1001e9ce f   libvcruntime:undname.obj
 0001:0001db06       ?getReferenceType@UnDecorator@@CA?AVDName@@ABV2@0PBD@Z 1001eb06 f i libvcruntime:undname.obj
 0001:0001db29       ?getRestrictionSpec@UnDecorator@@CA?AVDName@@XZ 1001eb29 f   libvcruntime:undname.obj
 0001:0001dc60       ?getReturnType@UnDecorator@@CA?AVDName@@PAV2@@Z 1001ec60 f   libvcruntime:undname.obj
 0001:0001dc9a       ?getScope@UnDecorator@@CA?AVDName@@XZ 1001ec9a f   libvcruntime:undname.obj
 0001:0001e113       ?getScopedName@UnDecorator@@CA?AVDName@@XZ 1001f113 f   libvcruntime:undname.obj
 0001:0001e21c       ?getSignedDimension@UnDecorator@@CA?AVDName@@XZ 1001f21c f   libvcruntime:undname.obj
 0001:0001e281       ?getStorageConvention@UnDecorator@@CA?AVDName@@XZ 1001f281 f i libvcruntime:undname.obj
 0001:0001e296       ?getString@DName@@QBEPADPAD0@Z 1001f296 f i libvcruntime:undname.obj
 0001:0001e2ce       ?getString@DName@@QBEPADPADH@Z 1001f2ce f i libvcruntime:undname.obj
 0001:0001e339       ?getString@DNameStatusNode@@UBEPADPAD0@Z 1001f339 f i libvcruntime:undname.obj
 0001:0001e369       ?getString@charNode@@UBEPADPAD0@Z 1001f369 f i libvcruntime:undname.obj
 0001:0001e383       ?getString@pDNameNode@@UBEPADPAD0@Z 1001f383 f i libvcruntime:undname.obj
 0001:0001e39f       ?getString@pairNode@@UBEPADPAD0@Z 1001f39f f i libvcruntime:undname.obj
 0001:0001e3f6       ?getString@pcharNode@@UBEPADPAD0@Z 1001f3f6 f i libvcruntime:undname.obj
 0001:0001e417       ?getStringEncoding@UnDecorator@@CA?AVDName@@PBDH@Z 1001f417 f   libvcruntime:undname.obj
 0001:0001e4f3       ?getStringHelper@@YAPADPADPBD1H@Z 1001f4f3 f i libvcruntime:undname.obj
 0001:0001e537       ?getSymbolName@UnDecorator@@CA?AVDName@@XZ 1001f537 f i libvcruntime:undname.obj
 0001:0001e591       ?getTemplateArgumentList@UnDecorator@@CA?AVDName@@XZ 1001f591 f   libvcruntime:undname.obj
 0001:0001e8d5       ?getTemplateConstant@UnDecorator@@CA?AVDName@@XZ 1001f8d5 f   libvcruntime:undname.obj
 0001:0001ecd3       ?getTemplateName@UnDecorator@@CA?AVDName@@_N@Z 1001fcd3 f   libvcruntime:undname.obj
 0001:0001ee8d       ?getThisType@UnDecorator@@CA?AVDName@@XZ 1001fe8d f i libvcruntime:undname.obj
 0001:0001eecc       ?getThrowTypes@UnDecorator@@CA?AVDName@@XZ 1001fecc f   libvcruntime:undname.obj
 0001:0001eef7       ?getTypeEncoding@UnDecorator@@CAHXZ 1001fef7 f i libvcruntime:undname.obj
 0001:0001f2e9       ?getUndecoratedName@UnDecorator@@QAEPADPADH@Z 100202e9 f i libvcruntime:undname.obj
 0001:0001f3de       ?getVCallThunkType@UnDecorator@@CA?AVDName@@XZ 100203de f i libvcruntime:undname.obj
 0001:0001f436       ?getVbTableType@UnDecorator@@CA?AVDName@@ABV2@@Z 10020436 f i libvcruntime:undname.obj
 0001:0001f450       ?getVdispMapType@UnDecorator@@CA?AVDName@@ABV2@@Z 10020450 f i libvcruntime:undname.obj
 0001:0001f4b9       ?getVfTableType@UnDecorator@@CA?AVDName@@ABV2@@Z 100204b9 f i libvcruntime:undname.obj
 0001:0001f674       ?getZName@UnDecorator@@CA?AVDName@@_N0@Z 10020674 f   libvcruntime:undname.obj
 0001:0001f8f2       ?haveTemplateParameters@UnDecorator@@SAHXZ 100208f2 f i libvcruntime:undname.obj
 0001:0001f8ff       ?isArray@DName@@QBEHXZ     100208ff f i libvcruntime:undname.obj
 0001:0001f90b       ?isComArray@DName@@QBEHXZ  1002090b f i libvcruntime:undname.obj
 0001:0001f917       ?isEmpty@DName@@QBEHXZ     10020917 f i libvcruntime:undname.obj
 0001:0001f921       ?isFull@Replicator@@QBEHXZ 10020921 f i libvcruntime:undname.obj
 0001:0001f92c       ?isNoTE@DName@@QBEHXZ      1002092c f i libvcruntime:undname.obj
 0001:0001f938       ?isPinPtr@DName@@QBEHXZ    10020938 f i libvcruntime:undname.obj
 0001:0001f944       ?isPtrRef@DName@@QBEHXZ    10020944 f i libvcruntime:undname.obj
 0001:0001f950       ?isUDC@DName@@QBEHXZ       10020950 f i libvcruntime:undname.obj
 0001:0001f965       ?isUDTThunk@DName@@QBEHXZ  10020965 f i libvcruntime:undname.obj
 0001:0001f97a       ?isVCallThunk@DName@@QBEHXZ 1002097a f i libvcruntime:undname.obj
 0001:0001f986       ?isValid@DName@@QBEHXZ     10020986 f i libvcruntime:undname.obj
 0001:0001f992       ?length@DName@@QBEHXZ      10020992 f i libvcruntime:undname.obj
 0001:0001f9b8       ?length@DNameStatusNode@@UBEHXZ 100209b8 f i libvcruntime:undname.obj
 0001:0001f9bc       ?length@charNode@@UBEHXZ   100209bc f i libvcruntime:undname.obj
 0001:0001f9c0       ?length@pDNameNode@@UBEHXZ 100209c0 f i libvcruntime:undname.obj
 0001:0001f9d1       ?length@pairNode@@UBEHXZ   100209d1 f i libvcruntime:undname.obj
 0001:0001fa28       ?length@pcharNode@@UBEHXZ  10020a28 f i libvcruntime:undname.obj
 0001:0001fa2c       ?make@DNameStatusNode@@SAPBV1@W4DNameStatus@@@Z 10020a2c f i libvcruntime:undname.obj
 0001:0001fa4f       ?parseDecoratedName@UnDecorator@@CA?AVDName@@XZ 10020a4f f   libvcruntime:undname.obj
 0001:0001fb78       ?setIsArray@DName@@QAEXXZ  10020b78 f i libvcruntime:undname.obj
 0001:0001fb82       ?setIsComArray@DName@@QAEXXZ 10020b82 f i libvcruntime:undname.obj
 0001:0001fb8c       ?setIsNoTE@DName@@QAEXXZ   10020b8c f i libvcruntime:undname.obj
 0001:0001fb96       ?setIsPinPtr@DName@@QAEXXZ 10020b96 f i libvcruntime:undname.obj
 0001:0001fba0       ?setIsUDC@DName@@QAEXXZ    10020ba0 f i libvcruntime:undname.obj
 0001:0001fbb0       ?setIsVCallThunk@DName@@QAEXXZ 10020bb0 f i libvcruntime:undname.obj
 0001:0001fbba       ?setPtrRef@DName@@QAEAAV1@XZ 10020bba f i libvcruntime:undname.obj
 0001:0001fbc6       ?status@DName@@QBE?AW4DNameStatus@@XZ 10020bc6 f i libvcruntime:undname.obj
 0001:0001fc4b       ___unDName                 10020c4b f   libvcruntime:undname.obj
 0001:0001fc76       ___unDNameEx               10020c76 f   libvcruntime:undname.obj
 0001:0001fd3c       __vsprintf_s_l             10020d3c f i libvcruntime:undname.obj
 0001:0001fd74       _sprintf_s                 10020d74 f i libvcruntime:undname.obj
 0001:0001fd97       _unDNameGenerateCHPE       10020d97 f   libvcruntime:undname.obj
 0001:0001fe0a       ??$?RU__vcrt_ptd@@@__crt_internal_free_policy@@QBEXQBU__vcrt_ptd@@@Z 10020e0a f i libvcruntime:per_thread_data.obj
 0001:0001fe1e       ??0?$__crt_unique_heap_ptr@U__vcrt_ptd@@U__crt_internal_free_policy@@@@QAE@QAU__vcrt_ptd@@@Z 10020e1e f i libvcruntime:per_thread_data.obj
 0001:0001fe41       ??1?$__crt_unique_heap_ptr@U__vcrt_ptd@@U__crt_internal_free_policy@@@@QAE@XZ 10020e41 f i libvcruntime:per_thread_data.obj
 0001:0001fe60       ??B?$__crt_unique_heap_ptr@U__vcrt_ptd@@U__crt_internal_free_policy@@@@QBE_NXZ 10020e60 f i libvcruntime:per_thread_data.obj
 0001:0001fe67       ?detach@?$__crt_unique_heap_ptr@U__vcrt_ptd@@U__crt_internal_free_policy@@@@QAEPAU__vcrt_ptd@@XZ 10020e67 f i libvcruntime:per_thread_data.obj
 0001:0001fe6d       ?get@?$__crt_unique_heap_ptr@U__vcrt_ptd@@U__crt_internal_free_policy@@@@QBEPAU__vcrt_ptd@@XZ 10020e6d f i libvcruntime:per_thread_data.obj
 0001:0001fe70       ?is_valid@?$__crt_unique_heap_ptr@U__vcrt_ptd@@U__crt_internal_free_policy@@@@QBE_NXZ 10020e70 f i libvcruntime:per_thread_data.obj
 0001:0001fe77       ?release@?$__crt_unique_heap_ptr@U__vcrt_ptd@@U__crt_internal_free_policy@@@@QAEXXZ 10020e77 f i libvcruntime:per_thread_data.obj
 0001:0001feab       ___vcrt_freefls@4          10020eab f   libvcruntime:per_thread_data.obj
 0001:0001fece       ___vcrt_freeptd            10020ece f   libvcruntime:per_thread_data.obj
 0001:0001ff11       ___vcrt_getptd             10020f11 f   libvcruntime:per_thread_data.obj
 0001:0001ff22       ___vcrt_getptd_noexit      10020f22 f   libvcruntime:per_thread_data.obj
 0001:0001ffd8       ___vcrt_getptd_noinit      10020fd8 f   libvcruntime:per_thread_data.obj
 0001:0002001c       ___vcrt_initialize_ptd     1002101c f   libvcruntime:per_thread_data.obj
 0001:0002005b       ___vcrt_uninitialize_ptd   1002105b f   libvcruntime:per_thread_data.obj
 0001:0002007c       ___vcrt_initialize_locks   1002107c f   libvcruntime:locks.obj
 0001:000200c7       ___vcrt_lock               100210c7 f   libvcruntime:locks.obj
 0001:000200e1       ___vcrt_uninitialize_locks 100210e1 f   libvcruntime:locks.obj
 0001:0002011b       ___vcrt_unlock             1002111b f   libvcruntime:locks.obj
 0001:00020135       ??$?BX@__crt_fast_encoded_nullptr_t@@QBEPAXXZ 10021135 f i libvcruntime:winapi_downlevel.obj
 0001:0002013b       ??$__crt_fast_decode_pointer@PAX@@YAPAXQAX@Z 1002113b f i libvcruntime:winapi_downlevel.obj
 0001:00020154       ??$__crt_fast_encode_pointer@PAX@@YAPAXQAX@Z 10021154 f i libvcruntime:winapi_downlevel.obj
 0001:00020178       ??$__crt_interlocked_exchange_pointer@UHINSTANCE__@@PAU1@@@YAPAUHINSTANCE__@@PDSAU0@QAU0@@Z 10021178 f i libvcruntime:winapi_downlevel.obj
 0001:00020188       ??$__crt_interlocked_exchange_pointer@UHINSTANCE__@@PAX@@YAPAUHINSTANCE__@@PDSAU0@QAX@Z 10021188 f i libvcruntime:winapi_downlevel.obj
 0001:00020198       ??$__crt_interlocked_exchange_pointer@XPAX@@YAPAXPDSAXQAX@Z 10021198 f i libvcruntime:winapi_downlevel.obj
 0001:000201a8       ??$__crt_interlocked_read_pointer@UHINSTANCE__@@@@YAPAUHINSTANCE__@@PDSAU0@@Z 100211a8 f i libvcruntime:winapi_downlevel.obj
 0001:000201b4       ??$__crt_interlocked_read_pointer@X@@YAPAXPDSAX@Z 100211b4 f i libvcruntime:winapi_downlevel.obj
 0001:000201c0       ?__crt_fast_encode_pointer@@YA?AU__crt_fast_encoded_nullptr_t@@$$T@Z 100211c0 f i libvcruntime:winapi_downlevel.obj
 0001:000204f3       ___vcrt_FlsAlloc           100214f3 f   libvcruntime:winapi_downlevel.obj
 0001:0002053c       ___vcrt_FlsFree            1002153c f   libvcruntime:winapi_downlevel.obj
 0001:00020585       ___vcrt_FlsGetValue        10021585 f   libvcruntime:winapi_downlevel.obj
 0001:000205ce       ___vcrt_FlsSetValue        100215ce f   libvcruntime:winapi_downlevel.obj
 0001:0002061b       ___vcrt_InitializeCriticalSectionEx 1002161b f   libvcruntime:winapi_downlevel.obj
 0001:00020673       ___vcrt_initialize_winapi_thunks 10021673 f   libvcruntime:winapi_downlevel.obj
 0001:000206a6       ___vcrt_uninitialize_winapi_thunks 100216a6 f   libvcruntime:winapi_downlevel.obj
 0001:000206e4       ??$?B$$A6AXXZ@__crt_fast_encoded_nullptr_t@@QBEP6AXXZXZ 100216e4 f i libvcruntime:purevirt_data.obj
 0001:000206ea       ??$__crt_fast_encode_pointer@P6AXXZ@@YAP6AXXZQ6AXXZ@Z 100216ea f i libvcruntime:purevirt_data.obj
 0001:0002070e       ___vcrt_initialize_pure_virtual_call_handler 1002170e f   libvcruntime:purevirt_data.obj
 0001:00020720       __global_unwind2           10021720 f   libvcruntime:exsup.obj
 0001:00020786       __local_unwind2            10021786 f   libvcruntime:exsup.obj
 0001:0002080a       __abnormal_termination     1002180a f   libvcruntime:exsup.obj
 0001:00020830       __NLG_Notify1              10021830 f   libvcruntime:exsup.obj
 0001:0002083c       __NLG_Notify               1002183c f   libvcruntime:exsup.obj
 0001:00020853       __NLG_Dispatch2            10021853     libvcruntime:exsup.obj
 0001:00020853       __NLG_Dispatch             10021853     libvcruntime:exsup.obj
 0001:0002085b       __NLG_Call                 1002185b f   libvcruntime:exsup.obj
 0001:0002085d       __NLG_Return2              1002185d     libvcruntime:exsup.obj
 0001:000208ad       ??$__crt_fast_decode_pointer@P6AXXZ@@YAP6AXXZQ6AXXZ@Z 100218ad f i libvcruntime:purevirt.obj
 0001:000208c6       ??$__crt_interlocked_exchange_pointer@$$A6AXXZP6AXXZ@@YAP6AXXZPDS6AXXZQ6AXXZ@Z 100218c6 f i libvcruntime:purevirt.obj
 0001:000208d6       ??$__crt_interlocked_read_pointer@$$A6AXXZ@@YAP6AXXZPDS6AXXZ@Z 100218d6 f i libvcruntime:purevirt.obj
 0001:000208e2       __get_purecall_handler     100218e2 f   libvcruntime:purevirt.obj
 0001:000208fc       __purecall                 100218fc f   libvcruntime:purevirt.obj
 0001:0002091f       __set_purecall_handler     1002191f f   libvcruntime:purevirt.obj
 0001:0002094d       ??$?0AAViterator@TryBlockMap@__FrameHandler3@@AAV012@$0A@@?$pair@Viterator@TryBlockMap@__FrameHandler3@@V123@@std@@QAE@AAViterator@TryBlockMap@__FrameHandler3@@0@Z 1002194d f i libvcruntime:trnsctrl.obj
 0001:0002097a       ??$forward@AAViterator@TryBlockMap@__FrameHandler3@@@std@@YAAAViterator@TryBlockMap@__FrameHandler3@@AAV123@@Z 1002197a f i libvcruntime:trnsctrl.obj
 0001:00020984       ??0iterator@TryBlockMap@__FrameHandler3@@QAE@AAV12@I@Z 10021984 f i libvcruntime:trnsctrl.obj
 0001:0002099d       ?GetRangeOfTrysToCheck@__FrameHandler3@@SA?AU?$pair@Viterator@TryBlockMap@__FrameHandler3@@V123@@std@@AAVTryBlockMap@1@HH@Z 1002199d f   libvcruntime:trnsctrl.obj
 0001:00020a3f       ?_CallCatchBlock2@@YAPAXPAUEHRegistrationNode@@PBU_s_FuncInfo@@PAXHK@Z 10021a3f f   libvcruntime:trnsctrl.obj
 0001:00020ab4       ?_CallSETranslator@@YAHPAUEHExceptionRecord@@PAUEHRegistrationNode@@PAX2PBU_s_FuncInfo@@H1@Z 10021ab4 f   libvcruntime:trnsctrl.obj
 0001:00020bc5       ?_JumpToContinuation@@YGXPAXPAUEHRegistrationNode@@@Z 10021bc5 f   libvcruntime:trnsctrl.obj
 0001:00020c01       ?_UnwindNestedFrames@@YGXPAUEHRegistrationNode@@PAUEHExceptionRecord@@@Z 10021c01 f   libvcruntime:trnsctrl.obj
 0001:00020c68       ?getFuncInfo@TryBlockMap@__FrameHandler3@@QAEPBU_s_FuncInfo@@XZ 10021c68 f i libvcruntime:trnsctrl.obj
 0001:00020c6b       __CatchGuardHandler        10021c6b f   libvcruntime:trnsctrl.obj
 0001:00020ca8       __CreateFrameInfo          10021ca8 f   libvcruntime:trnsctrl.obj
 0001:00020cd5       __FindAndUnlinkFrame       10021cd5 f   libvcruntime:trnsctrl.obj
 0001:00020d2b       __TranslatorGuardHandler   10021d2b f   libvcruntime:trnsctrl.obj
 0001:00020def       ___CxxFrameHandler         10021def f   libvcruntime:trnsctrl.obj
 0001:00020e32       ___CxxFrameHandler2        10021e32 f   libvcruntime:trnsctrl.obj
 0001:00020e75       ___CxxFrameHandler3        10021e75 f   libvcruntime:trnsctrl.obj
 0001:00020eb8       ___CxxLongjmpUnwind@4      10021eb8 f   libvcruntime:trnsctrl.obj
 0001:00021799       ??$TypeMatchHelper@V__FrameHandler3@@@@YAHPBU_s_HandlerType@@PBU_s_CatchableType@@PBU_s_ThrowInfo@@@Z 10022799 f i libvcruntime:frame.obj
 0001:0002184a       ??$__InternalCxxFrameHandler@V__FrameHandler3@@@@YA?AW4_EXCEPTION_DISPOSITION@@PAUEHExceptionRecord@@PAUEHRegistrationNode@@PAU_CONTEXT@@PAXPBU_s_FuncInfo@@H1E@Z 1002284a f i libvcruntime:frame.obj
 0001:0002198c       ??0HandlerMap@__FrameHandler3@@QAE@PBU_s_TryBlockMapEntry@@PAX@Z 1002298c f i libvcruntime:frame.obj
 0001:000219a8       ??0TryBlockMap@__FrameHandler3@@QAE@PBU_s_FuncInfo@@PAX@Z 100229a8 f i libvcruntime:frame.obj
 0001:000219c1       ??0bad_exception@std@@QAE@ABV01@@Z 100229c1 f i libvcruntime:frame.obj
 0001:000219e2       ??0bad_exception@std@@QAE@XZ 100229e2 f i libvcruntime:frame.obj
 0001:00021a00       ??0exception@std@@QAE@ABV01@@Z 10022a00 f i libvcruntime:frame.obj
 0001:00021a37       ??0exception@std@@QAE@QBDH@Z 10022a37 f i libvcruntime:frame.obj
 0001:00021a5b       ??0iterator@HandlerMap@__FrameHandler3@@QAE@AAV12@I@Z 10022a5b f i libvcruntime:frame.obj
 0001:00021a74       ??1bad_exception@std@@UAE@XZ 10022a74 f i libvcruntime:frame.obj
 0001:00021a89       ??1exception@std@@UAE@XZ   10022a89 f i libvcruntime:frame.obj
 0001:00021a9e       ??8iterator@HandlerMap@__FrameHandler3@@QBE_NABV012@@Z 10022a9e f i libvcruntime:frame.obj
 0001:00021ab5       ??8type_info@@QBE_NABV0@@Z 10022ab5 f i libvcruntime:frame.obj
 0001:00021adb       ??9iterator@HandlerMap@__FrameHandler3@@QBE_NABV012@@Z 10022adb f i libvcruntime:frame.obj
 0001:00021af2       ??Diterator@HandlerMap@__FrameHandler3@@QAEPBU_s_HandlerType@@XZ 10022af2 f i libvcruntime:frame.obj
 0001:00021b01       ??Diterator@TryBlockMap@__FrameHandler3@@QAEPBU_s_TryBlockMapEntry@@XZ 10022b01 f i libvcruntime:frame.obj
 0001:00021b10       ??Eiterator@HandlerMap@__FrameHandler3@@QAEAAV012@XZ 10022b10 f i libvcruntime:frame.obj
 0001:00021b16       ??Eiterator@TryBlockMap@__FrameHandler3@@QAEAAV012@XZ 10022b16 f i libvcruntime:frame.obj
 0001:00021b1c       ??Miterator@TryBlockMap@__FrameHandler3@@QBE_NABV012@@Z 10022b1c f i libvcruntime:frame.obj
 0001:00021b33       ??_Ebad_exception@std@@UAEPAXI@Z 10022b33 f i libvcruntime:frame.obj
 0001:00021b33       ??_Gbad_exception@std@@UAEPAXI@Z 10022b33 f i libvcruntime:frame.obj
 0001:00021b6b       ??_Gexception@std@@UAEPAXI@Z 10022b6b f i libvcruntime:frame.obj
 0001:00021b6b       ??_Eexception@std@@UAEPAXI@Z 10022b6b f i libvcruntime:frame.obj
 0001:00021ba3       ?BuildCatchObject@__FrameHandler3@@SAXPAUEHExceptionRecord@@PAXPBU_s_HandlerType@@PBU_s_CatchableType@@@Z 10022ba3 f   libvcruntime:frame.obj
 0001:00021ba8       ?BuildCatchObjectHelper@__FrameHandler3@@SAHPAUEHExceptionRecord@@PAXPBU_s_HandlerType@@PBU_s_CatchableType@@@Z 10022ba8 f   libvcruntime:frame.obj
 0001:00021e8c       ?FrameUnwindToEmptyState@__FrameHandler3@@SAXPAUEHRegistrationNode@@PAXPBU_s_FuncInfo@@@Z 10022e8c f   libvcruntime:frame.obj
 0001:00021eaa       ?FrameUnwindToState@__FrameHandler3@@SAXPAUEHRegistrationNode@@PAXPBU_s_FuncInfo@@H@Z 10022eaa f   libvcruntime:frame.obj
 0001:00021fcc       ?GetMaxState@__FrameHandler3@@SAHPAXPBU_s_FuncInfo@@@Z 10022fcc f i libvcruntime:frame.obj
 0001:000220e0       ?TypeMatch@__FrameHandler3@@SAHPBU_s_HandlerType@@PBU_s_CatchableType@@PBU_s_ThrowInfo@@@Z 100230e0 f   libvcruntime:frame.obj
 0001:000220eb       ?_CallMemberFunction1@@YGXQAX00@Z 100230eb f i libvcruntime:frame.obj
 0001:000220ff       ?_CallMemberFunction2@@YGXQAX00H@Z 100230ff f i libvcruntime:frame.obj
 0001:00022116       ?_ValidateExecute@@YA_NP6GHXZ@Z 10023116 f i libvcruntime:frame.obj
 0001:00022125       ?_ValidateRead@@YA_NPBXI@Z 10023125 f i libvcruntime:frame.obj
 0001:00022134       ?_ValidateWrite@@YA_NPAXI@Z 10023134 f i libvcruntime:frame.obj
 0001:00022143       ?begin@HandlerMap@__FrameHandler3@@QAE?AViterator@12@XZ 10023143 f i libvcruntime:frame.obj
 0001:00022157       ?end@HandlerMap@__FrameHandler3@@QAE?AViterator@12@XZ 10023157 f i libvcruntime:frame.obj
 0001:0002216c       ?getESTypes@__FrameHandler3@@SAPBU_s_ESTypeList@@PBU_s_FuncInfo@@@Z 1002316c f i libvcruntime:frame.obj
 0001:00022179       ?getLastEntry@HandlerMap@__FrameHandler3@@QAEPBU_s_HandlerType@@XZ 10023179 f i libvcruntime:frame.obj
 0001:0002218a       ?getMagicNum@__FrameHandler3@@SAIPBU_s_FuncInfo@@@Z 1002318a f i libvcruntime:frame.obj
 0001:0002219c       ?getNumTryBlocks@TryBlockMap@__FrameHandler3@@QAEIXZ 1002319c f i libvcruntime:frame.obj
 0001:000221a2       ?isEHs@__FrameHandler3@@SA_NPBU_s_FuncInfo@@@Z 100231a2 f i libvcruntime:frame.obj
 0001:000221b2       ?isNoExcept@__FrameHandler3@@SA_NPBU_s_FuncInfo@@@Z 100231b2 f i libvcruntime:frame.obj
 0001:000221c6       ?what@exception@std@@UBEPBDXZ 100231c6 f i libvcruntime:frame.obj
 0001:000221d6       ___BuildCatchObject        100231d6 f   libvcruntime:frame.obj
 0001:000221db       ___BuildCatchObjectHelper  100231db f   libvcruntime:frame.obj
 0001:000221e6       ___TypeMatch               100231e6 f   libvcruntime:frame.obj
 0001:000221f1       ___vcrt_EncodePointer      100231f1 f i libvcruntime:frame.obj
 0001:00022210       __CallSettingFrame@12      10023210 f   libvcruntime:lowhelpr.obj
 0001:00022237       __NLG_Return               10023237     libvcruntime:lowhelpr.obj
 0001:00022288       __get_unexpected           10023288 f   libvcruntime:unexpected.obj
 0001:0002229e       _set_unexpected            1002329e f   libvcruntime:unexpected.obj
 0001:000222c3       _unexpected                100232c3 f   libvcruntime:unexpected.obj
 0001:000222e7       ?GetCurrentState@__FrameHandler3@@SAHPAUEHRegistrationNode@@PAXPBU_s_FuncInfo@@@Z 100232e7 f   libvcruntime:ehstate.obj
 0001:0002230b       ?SetState@__FrameHandler3@@SAXPAUEHRegistrationNode@@PBU_s_FuncInfo@@H@Z 1002330b f   libvcruntime:ehstate.obj
 0001:0002231c       ___DestructExceptionObject 1002331c f   libvcruntime:ehhelpers.obj
 0001:000223e4       ?_CallMemberFunction0@@YGXQAX0@Z 100233e4 f i libvcruntime:ehhelpers.obj
 0001:000223f4       ?raw_name@type_info@@QBEPBDXZ 100233f4 f i libvcruntime:ehhelpers.obj
 0001:000223f8       __IsExceptionObjectToBeDestroyed 100233f8 f   libvcruntime:ehhelpers.obj
 0001:00022427       __SetWinRTOutOfMemoryExceptionCallback 10023427 f   libvcruntime:ehhelpers.obj
 0001:00022437       ___AdjustPointer           10023437 f   libvcruntime:ehhelpers.obj
 0001:00022465       ___FrameUnwindFilter       10023465 f   libvcruntime:ehhelpers.obj
 0001:000224bb       ___GetPlatformExceptionInfo 100234bb f   libvcruntime:ehhelpers.obj
 0001:0002251a       ___current_exception       1002351a f   libvcruntime:ehhelpers.obj
 0001:00022525       ___current_exception_context 10023525 f   libvcruntime:ehhelpers.obj
 0001:00022530       ___processing_throw        10023530 f   libvcruntime:ehhelpers.obj
 0001:0002253b       ___std_terminate           1002353b f   libvcruntime:ehhelpers.obj
 0001:00022540       __is_exception_typeof      10023540 f   libvcruntime:ehhelpers.obj
 0001:0002260d       ??$?RD@__crt_public_free_policy@@QBEXQBD@Z 1002360d f i libvcruntime:std_exception.obj
 0001:00022621       ??0?$__crt_unique_heap_ptr@DU__crt_public_free_policy@@@@QAE@QAD@Z 10023621 f i libvcruntime:std_exception.obj
 0001:00022632       ??1?$__crt_unique_heap_ptr@DU__crt_public_free_policy@@@@QAE@XZ 10023632 f i libvcruntime:std_exception.obj
 0001:00022646       ??B?$__crt_unique_heap_ptr@DU__crt_public_free_policy@@@@QBE_NXZ 10023646 f i libvcruntime:std_exception.obj
 0001:0002264d       ?detach@?$__crt_unique_heap_ptr@DU__crt_public_free_policy@@@@QAEPADXZ 1002364d f i libvcruntime:std_exception.obj
 0001:00022653       ?get@?$__crt_unique_heap_ptr@DU__crt_public_free_policy@@@@QBEPADXZ 10023653 f i libvcruntime:std_exception.obj
 0001:00022656       ?is_valid@?$__crt_unique_heap_ptr@DU__crt_public_free_policy@@@@QBE_NXZ 10023656 f i libvcruntime:std_exception.obj
 0001:0002265d       ?release@?$__crt_unique_heap_ptr@DU__crt_public_free_policy@@@@QAEXXZ 1002365d f i libvcruntime:std_exception.obj
 0001:00022671       ___std_exception_copy      10023671 f   libvcruntime:std_exception.obj
 0001:000226ec       ___std_exception_destroy   100236ec f   libvcruntime:std_exception.obj
 0001:00022712       __CxxThrowException@8      10023712 f   libvcruntime:throw.obj
 0001:0002279a       _malloc                    1002379a f   libucrt:malloc.obj
 0001:000227a7       _free                      100237a7 f   libucrt:free.obj
 0001:000227cb       ??$?RPAU__crt_stdio_stream_data@@@__crt_internal_free_policy@@QBEXQBQAU__crt_stdio_stream_data@@@Z 100237cb f i libucrt:_file.obj
 0001:000227e1       ??0?$__crt_unique_heap_ptr@PAU__crt_stdio_stream_data@@U__crt_internal_free_policy@@@@QAE@QAPAU__crt_stdio_stream_data@@@Z 100237e1 f i libucrt:_file.obj
 0001:000227f5       ??0__crt_stdio_stream@@QAE@QAU_iobuf@@@Z 100237f5 f i libucrt:_file.obj
 0001:00022809       ??1?$__crt_unique_heap_ptr@PAU__crt_stdio_stream_data@@U__crt_internal_free_policy@@@@QAE@XZ 10023809 f i libucrt:_file.obj
 0001:0002281f       ??C__crt_stdio_stream@@QBEPAU__crt_stdio_stream_data@@XZ 1002381f f i libucrt:_file.obj
 0001:00022822       ?detach@?$__crt_unique_heap_ptr@PAU__crt_stdio_stream_data@@U__crt_internal_free_policy@@@@QAEPAPAU__crt_stdio_stream_data@@XZ 10023822 f i libucrt:_file.obj
 0001:00022828       ?release@?$__crt_unique_heap_ptr@PAU__crt_stdio_stream_data@@U__crt_internal_free_policy@@@@QAEXXZ 10023828 f i libucrt:_file.obj
 0001:0002283e       ___acrt_initialize_stdio   1002383e f   libucrt:_file.obj
 0001:00022938       ___acrt_iob_func           10023938 f   libucrt:_file.obj
 0001:0002294c       ___acrt_uninitialize_stdio 1002394c f   libucrt:_file.obj
 0001:000229ab       __get_stream_buffer_pointers 100239ab f   libucrt:_file.obj
 0001:00022a02       __lock_file                10023a02 f   libucrt:_file.obj
 0001:00022a1b       __unlock_file              10023a1b f   libucrt:_file.obj
 0001:00022a34       ??$?0ABV?$stream_output_adapter@D@__crt_stdio_output@@AB_KABQBDABQAU__crt_locale_pointers@@ABQAD@?$format_validation_base@DV?$stream_output_adapter@D@__crt_stdio_output@@@__crt_stdio_output@@IAE@ABV?$stream_output_adapter@D@1@AB_KABQBDABQAU__crt_locale_pointers@@ABQAD@Z 10023a34 f i libucrt:output.obj
 0001:00022a5f       ??$?0ABV?$stream_output_adapter@D@__crt_stdio_output@@AB_KABQBDABQAU__crt_locale_pointers@@ABQAD@?$positional_parameter_base@DV?$stream_output_adapter@D@__crt_stdio_output@@@__crt_stdio_output@@IAE@ABV?$stream_output_adapter@D@1@AB_KABQBDABQAU__crt_locale_pointers@@ABQAD@Z 10023a5f f i libucrt:output.obj
 0001:00022ab9       ??$?0ABV?$stream_output_adapter@D@__crt_stdio_output@@AB_KABQBDABQAU__crt_locale_pointers@@ABQAD@?$standard_base@DV?$stream_output_adapter@D@__crt_stdio_output@@@__crt_stdio_output@@IAE@ABV?$stream_output_adapter@D@1@AB_KABQBDABQAU__crt_locale_pointers@@ABQAD@Z 10023ab9 f i libucrt:output.obj
 0001:00022afb       ??$?0ABV?$stream_output_adapter@_W@__crt_stdio_output@@AB_KABQB_WABQAU__crt_locale_pointers@@ABQAD@?$format_validation_base@_WV?$stream_output_adapter@_W@__crt_stdio_output@@@__crt_stdio_output@@IAE@ABV?$stream_output_adapter@_W@1@AB_KABQB_WABQAU__crt_locale_pointers@@ABQAD@Z 10023afb f i libucrt:output.obj
 0001:00022b26       ??$?0ABV?$stream_output_adapter@_W@__crt_stdio_output@@AB_KABQB_WABQAU__crt_locale_pointers@@ABQAD@?$positional_parameter_base@_WV?$stream_output_adapter@_W@__crt_stdio_output@@@__crt_stdio_output@@IAE@ABV?$stream_output_adapter@_W@1@AB_KABQB_WABQAU__crt_locale_pointers@@ABQAD@Z 10023b26 f i libucrt:output.obj
 0001:00022b80       ??$?0ABV?$stream_output_adapter@_W@__crt_stdio_output@@AB_KABQB_WABQAU__crt_locale_pointers@@ABQAD@?$standard_base@_WV?$stream_output_adapter@_W@__crt_stdio_output@@@__crt_stdio_output@@IAE@ABV?$stream_output_adapter@_W@1@AB_KABQB_WABQAU__crt_locale_pointers@@ABQAD@Z 10023b80 f i libucrt:output.obj
 0001:00022bc2       ??$?0ABV?$string_output_adapter@D@__crt_stdio_output@@AB_KABQBDABQAU__crt_locale_pointers@@ABQAD@?$format_validation_base@DV?$string_output_adapter@D@__crt_stdio_output@@@__crt_stdio_output@@IAE@ABV?$string_output_adapter@D@1@AB_KABQBDABQAU__crt_locale_pointers@@ABQAD@Z 10023bc2 f i libucrt:output.obj
 0001:00022bed       ??$?0ABV?$string_output_adapter@D@__crt_stdio_output@@AB_KABQBDABQAU__crt_locale_pointers@@ABQAD@?$positional_parameter_base@DV?$string_output_adapter@D@__crt_stdio_output@@@__crt_stdio_output@@IAE@ABV?$string_output_adapter@D@1@AB_KABQBDABQAU__crt_locale_pointers@@ABQAD@Z 10023bed f i libucrt:output.obj
 0001:00022c47       ??$?0ABV?$string_output_adapter@D@__crt_stdio_output@@AB_KABQBDABQAU__crt_locale_pointers@@ABQAD@?$standard_base@DV?$string_output_adapter@D@__crt_stdio_output@@@__crt_stdio_output@@IAE@ABV?$string_output_adapter@D@1@AB_KABQBDABQAU__crt_locale_pointers@@ABQAD@Z 10023c47 f i libucrt:output.obj
 0001:00022c89       ??$?0ABV?$string_output_adapter@_W@__crt_stdio_output@@AB_KABQB_WABQAU__crt_locale_pointers@@ABQAD@?$format_validation_base@_WV?$string_output_adapter@_W@__crt_stdio_output@@@__crt_stdio_output@@IAE@ABV?$string_output_adapter@_W@1@AB_KABQB_WABQAU__crt_locale_pointers@@ABQAD@Z 10023c89 f i libucrt:output.obj
 0001:00022cb4       ??$?0ABV?$string_output_adapter@_W@__crt_stdio_output@@AB_KABQB_WABQAU__crt_locale_pointers@@ABQAD@?$positional_parameter_base@_WV?$string_output_adapter@_W@__crt_stdio_output@@@__crt_stdio_output@@IAE@ABV?$string_output_adapter@_W@1@AB_KABQB_WABQAU__crt_locale_pointers@@ABQAD@Z 10023cb4 f i libucrt:output.obj
 0001:00022d0e       ??$?0ABV?$string_output_adapter@_W@__crt_stdio_output@@AB_KABQB_WABQAU__crt_locale_pointers@@ABQAD@?$standard_base@_WV?$string_output_adapter@_W@__crt_stdio_output@@@__crt_stdio_output@@IAE@ABV?$string_output_adapter@_W@1@AB_KABQB_WABQAU__crt_locale_pointers@@ABQAD@Z 10023d0e f i libucrt:output.obj
 0001:000230da       ??$__crt_interlocked_read@J@@YAJPDJ@Z 100240da f i libucrt:output.obj
 0001:00024343       ??$count@D@formatting_buffer@__crt_stdio_output@@QBEIXZ 10025343 f i libucrt:output.obj
 0001:00024361       ??$count@_W@formatting_buffer@__crt_stdio_output@@QBEIXZ 10025361 f i libucrt:output.obj
 0001:00024380       ??$data@D@formatting_buffer@__crt_stdio_output@@QAEPADXZ 10025380 f i libucrt:output.obj
 0001:00024390       ??$data@_W@formatting_buffer@__crt_stdio_output@@QAEPA_WXZ 10025390 f i libucrt:output.obj
 0001:000243a0       ??$ensure_buffer_is_big_enough@D@formatting_buffer@__crt_stdio_output@@QAE_NI@Z 100253a0 f i libucrt:output.obj
 0001:0002443e       ??$ensure_buffer_is_big_enough@_W@formatting_buffer@__crt_stdio_output@@QAE_NI@Z 1002543e f i libucrt:output.obj
 0001:000244de       ??$extract_argument_from_va_list@C_J@?$positional_parameter_base@DV?$stream_output_adapter@D@__crt_stdio_output@@@__crt_stdio_output@@IAE_NAA_J@Z 100254de f i libucrt:output.obj
 0001:00024575       ??$extract_argument_from_va_list@C_J@?$positional_parameter_base@DV?$string_output_adapter@D@__crt_stdio_output@@@__crt_stdio_output@@IAE_NAA_J@Z 10025575 f i libucrt:output.obj
 0001:0002460c       ??$extract_argument_from_va_list@C_J@?$positional_parameter_base@_WV?$stream_output_adapter@_W@__crt_stdio_output@@@__crt_stdio_output@@IAE_NAA_J@Z 1002560c f i libucrt:output.obj
 0001:000246a3       ??$extract_argument_from_va_list@C_J@?$positional_parameter_base@_WV?$string_output_adapter@_W@__crt_stdio_output@@@__crt_stdio_output@@IAE_NAA_J@Z 100256a3 f i libucrt:output.obj
 0001:0002473a       ??$extract_argument_from_va_list@C_J@?$standard_base@DV?$stream_output_adapter@D@__crt_stdio_output@@@__crt_stdio_output@@IAE_NAA_J@Z 1002573a f i libucrt:output.obj
 0001:00024760       ??$extract_argument_from_va_list@C_J@?$standard_base@DV?$string_output_adapter@D@__crt_stdio_output@@@__crt_stdio_output@@IAE_NAA_J@Z 10025760 f i libucrt:output.obj
 0001:00024786       ??$extract_argument_from_va_list@C_J@?$standard_base@_WV?$stream_output_adapter@_W@__crt_stdio_output@@@__crt_stdio_output@@IAE_NAA_J@Z 10025786 f i libucrt:output.obj
 0001:000247ac       ??$extract_argument_from_va_list@C_J@?$standard_base@_WV?$string_output_adapter@_W@__crt_stdio_output@@@__crt_stdio_output@@IAE_NAA_J@Z 100257ac f i libucrt:output.obj
 0001:000247d2       ??$extract_argument_from_va_list@E_J@?$positional_parameter_base@DV?$stream_output_adapter@D@__crt_stdio_output@@@__crt_stdio_output@@IAE_NAA_J@Z 100257d2 f i libucrt:output.obj
 0001:00024869       ??$extract_argument_from_va_list@E_J@?$positional_parameter_base@DV?$string_output_adapter@D@__crt_stdio_output@@@__crt_stdio_output@@IAE_NAA_J@Z 10025869 f i libucrt:output.obj
 0001:00024900       ??$extract_argument_from_va_list@E_J@?$positional_parameter_base@_WV?$stream_output_adapter@_W@__crt_stdio_output@@@__crt_stdio_output@@IAE_NAA_J@Z 10025900 f i libucrt:output.obj
 0001:00024997       ??$extract_argument_from_va_list@E_J@?$positional_parameter_base@_WV?$string_output_adapter@_W@__crt_stdio_output@@@__crt_stdio_output@@IAE_NAA_J@Z 10025997 f i libucrt:output.obj
 0001:00024a2e       ??$extract_argument_from_va_list@E_J@?$standard_base@DV?$stream_output_adapter@D@__crt_stdio_output@@@__crt_stdio_output@@IAE_NAA_J@Z 10025a2e f i libucrt:output.obj
 0001:00024a54       ??$extract_argument_from_va_list@E_J@?$standard_base@DV?$string_output_adapter@D@__crt_stdio_output@@@__crt_stdio_output@@IAE_NAA_J@Z 10025a54 f i libucrt:output.obj
 0001:00024a7a       ??$extract_argument_from_va_list@E_J@?$standard_base@_WV?$stream_output_adapter@_W@__crt_stdio_output@@@__crt_stdio_output@@IAE_NAA_J@Z 10025a7a f i libucrt:output.obj
 0001:00024aa0       ??$extract_argument_from_va_list@E_J@?$standard_base@_WV?$string_output_adapter@_W@__crt_stdio_output@@@__crt_stdio_output@@IAE_NAA_J@Z 10025aa0 f i libucrt:output.obj
 0001:00024ac6       ??$extract_argument_from_va_list@F_J@?$positional_parameter_base@DV?$stream_output_adapter@D@__crt_stdio_output@@@__crt_stdio_output@@IAE_NAA_J@Z 10025ac6 f i libucrt:output.obj
 0001:00024b5d       ??$extract_argument_from_va_list@F_J@?$positional_parameter_base@DV?$string_output_adapter@D@__crt_stdio_output@@@__crt_stdio_output@@IAE_NAA_J@Z 10025b5d f i libucrt:output.obj
 0001:00024bf4       ??$extract_argument_from_va_list@F_J@?$positional_parameter_base@_WV?$stream_output_adapter@_W@__crt_stdio_output@@@__crt_stdio_output@@IAE_NAA_J@Z 10025bf4 f i libucrt:output.obj
 0001:00024c8b       ??$extract_argument_from_va_list@F_J@?$positional_parameter_base@_WV?$string_output_adapter@_W@__crt_stdio_output@@@__crt_stdio_output@@IAE_NAA_J@Z 10025c8b f i libucrt:output.obj
 0001:00024d22       ??$extract_argument_from_va_list@F_J@?$standard_base@DV?$stream_output_adapter@D@__crt_stdio_output@@@__crt_stdio_output@@IAE_NAA_J@Z 10025d22 f i libucrt:output.obj
 0001:00024d48       ??$extract_argument_from_va_list@F_J@?$standard_base@DV?$string_output_adapter@D@__crt_stdio_output@@@__crt_stdio_output@@IAE_NAA_J@Z 10025d48 f i libucrt:output.obj
 0001:00024d6e       ??$extract_argument_from_va_list@F_J@?$standard_base@_WV?$stream_output_adapter@_W@__crt_stdio_output@@@__crt_stdio_output@@IAE_NAA_J@Z 10025d6e f i libucrt:output.obj
 0001:00024d94       ??$extract_argument_from_va_list@F_J@?$standard_base@_WV?$string_output_adapter@_W@__crt_stdio_output@@@__crt_stdio_output@@IAE_NAA_J@Z 10025d94 f i libucrt:output.obj
 0001:00024dba       ??$extract_argument_from_va_list@GD@?$positional_parameter_base@DV?$stream_output_adapter@D@__crt_stdio_output@@@__crt_stdio_output@@IAE_NAAD@Z 10025dba f i libucrt:output.obj
 0001:00024e50       ??$extract_argument_from_va_list@GD@?$positional_parameter_base@DV?$string_output_adapter@D@__crt_stdio_output@@@__crt_stdio_output@@IAE_NAAD@Z 10025e50 f i libucrt:output.obj
 0001:00024ee6       ??$extract_argument_from_va_list@GD@?$standard_base@DV?$stream_output_adapter@D@__crt_stdio_output@@@__crt_stdio_output@@IAE_NAAD@Z 10025ee6 f i libucrt:output.obj
 0001:00024f06       ??$extract_argument_from_va_list@GD@?$standard_base@DV?$string_output_adapter@D@__crt_stdio_output@@@__crt_stdio_output@@IAE_NAAD@Z 10025f06 f i libucrt:output.obj
 0001:00024f26       ??$extract_argument_from_va_list@G_J@?$positional_parameter_base@DV?$stream_output_adapter@D@__crt_stdio_output@@@__crt_stdio_output@@IAE_NAA_J@Z 10025f26 f i libucrt:output.obj
 0001:00024fbd       ??$extract_argument_from_va_list@G_J@?$positional_parameter_base@DV?$string_output_adapter@D@__crt_stdio_output@@@__crt_stdio_output@@IAE_NAA_J@Z 10025fbd f i libucrt:output.obj
 0001:00025054       ??$extract_argument_from_va_list@G_J@?$positional_parameter_base@_WV?$stream_output_adapter@_W@__crt_stdio_output@@@__crt_stdio_output@@IAE_NAA_J@Z 10026054 f i libucrt:output.obj
 0001:000250eb       ??$extract_argument_from_va_list@G_J@?$positional_parameter_base@_WV?$string_output_adapter@_W@__crt_stdio_output@@@__crt_stdio_output@@IAE_NAA_J@Z 100260eb f i libucrt:output.obj
 0001:00025182       ??$extract_argument_from_va_list@G_J@?$standard_base@DV?$stream_output_adapter@D@__crt_stdio_output@@@__crt_stdio_output@@IAE_NAA_J@Z 10026182 f i libucrt:output.obj
 0001:000251a8       ??$extract_argument_from_va_list@G_J@?$standard_base@DV?$string_output_adapter@D@__crt_stdio_output@@@__crt_stdio_output@@IAE_NAA_J@Z 100261a8 f i libucrt:output.obj
 0001:000251ce       ??$extract_argument_from_va_list@G_J@?$standard_base@_WV?$stream_output_adapter@_W@__crt_stdio_output@@@__crt_stdio_output@@IAE_NAA_J@Z 100261ce f i libucrt:output.obj
 0001:000251f4       ??$extract_argument_from_va_list@G_J@?$standard_base@_WV?$string_output_adapter@_W@__crt_stdio_output@@@__crt_stdio_output@@IAE_NAA_J@Z 100261f4 f i libucrt:output.obj
 0001:0002521a       ??$extract_argument_from_va_list@H_J@?$positional_parameter_base@DV?$stream_output_adapter@D@__crt_stdio_output@@@__crt_stdio_output@@IAE_NAA_J@Z 1002621a f i libucrt:output.obj
 0001:000252ae       ??$extract_argument_from_va_list@H_J@?$positional_parameter_base@DV?$string_output_adapter@D@__crt_stdio_output@@@__crt_stdio_output@@IAE_NAA_J@Z 100262ae f i libucrt:output.obj
 0001:00025342       ??$extract_argument_from_va_list@H_J@?$positional_parameter_base@_WV?$stream_output_adapter@_W@__crt_stdio_output@@@__crt_stdio_output@@IAE_NAA_J@Z 10026342 f i libucrt:output.obj
 0001:000253d6       ??$extract_argument_from_va_list@H_J@?$positional_parameter_base@_WV?$string_output_adapter@_W@__crt_stdio_output@@@__crt_stdio_output@@IAE_NAA_J@Z 100263d6 f i libucrt:output.obj
 0001:0002546a       ??$extract_argument_from_va_list@H_J@?$standard_base@DV?$stream_output_adapter@D@__crt_stdio_output@@@__crt_stdio_output@@IAE_NAA_J@Z 1002646a f i libucrt:output.obj
 0001:0002548f       ??$extract_argument_from_va_list@H_J@?$standard_base@DV?$string_output_adapter@D@__crt_stdio_output@@@__crt_stdio_output@@IAE_NAA_J@Z 1002648f f i libucrt:output.obj
 0001:000254b4       ??$extract_argument_from_va_list@H_J@?$standard_base@_WV?$stream_output_adapter@_W@__crt_stdio_output@@@__crt_stdio_output@@IAE_NAA_J@Z 100264b4 f i libucrt:output.obj
 0001:000254d9       ??$extract_argument_from_va_list@H_J@?$standard_base@_WV?$string_output_adapter@_W@__crt_stdio_output@@@__crt_stdio_output@@IAE_NAA_J@Z 100264d9 f i libucrt:output.obj
 0001:000254fe       ??$extract_argument_from_va_list@I_J@?$positional_parameter_base@DV?$stream_output_adapter@D@__crt_stdio_output@@@__crt_stdio_output@@IAE_NAA_J@Z 100264fe f i libucrt:output.obj
 0001:0002559e       ??$extract_argument_from_va_list@I_J@?$positional_parameter_base@DV?$string_output_adapter@D@__crt_stdio_output@@@__crt_stdio_output@@IAE_NAA_J@Z 1002659e f i libucrt:output.obj
 0001:0002563e       ??$extract_argument_from_va_list@I_J@?$positional_parameter_base@_WV?$stream_output_adapter@_W@__crt_stdio_output@@@__crt_stdio_output@@IAE_NAA_J@Z 1002663e f i libucrt:output.obj
 0001:000256de       ??$extract_argument_from_va_list@I_J@?$positional_parameter_base@_WV?$string_output_adapter@_W@__crt_stdio_output@@@__crt_stdio_output@@IAE_NAA_J@Z 100266de f i libucrt:output.obj
 0001:0002577e       ??$extract_argument_from_va_list@I_J@?$standard_base@DV?$stream_output_adapter@D@__crt_stdio_output@@@__crt_stdio_output@@IAE_NAA_J@Z 1002677e f i libucrt:output.obj
 0001:000257a3       ??$extract_argument_from_va_list@I_J@?$standard_base@DV?$string_output_adapter@D@__crt_stdio_output@@@__crt_stdio_output@@IAE_NAA_J@Z 100267a3 f i libucrt:output.obj
 0001:000257c8       ??$extract_argument_from_va_list@I_J@?$standard_base@_WV?$stream_output_adapter@_W@__crt_stdio_output@@@__crt_stdio_output@@IAE_NAA_J@Z 100267c8 f i libucrt:output.obj
 0001:000257ed       ??$extract_argument_from_va_list@I_J@?$standard_base@_WV?$string_output_adapter@_W@__crt_stdio_output@@@__crt_stdio_output@@IAE_NAA_J@Z 100267ed f i libucrt:output.obj
 0001:00025812       ??$extract_argument_from_va_list@PADPAD@?$positional_parameter_base@DV?$stream_output_adapter@D@__crt_stdio_output@@@__crt_stdio_output@@IAE_NAAPAD@Z 10026812 f i libucrt:output.obj
 0001:000258a8       ??$extract_argument_from_va_list@PADPAD@?$positional_parameter_base@DV?$string_output_adapter@D@__crt_stdio_output@@@__crt_stdio_output@@IAE_NAAPAD@Z 100268a8 f i libucrt:output.obj
 0001:0002593e       ??$extract_argument_from_va_list@PADPAD@?$positional_parameter_base@_WV?$stream_output_adapter@_W@__crt_stdio_output@@@__crt_stdio_output@@IAE_NAAPAD@Z 1002693e f i libucrt:output.obj
 0001:000259d4       ??$extract_argument_from_va_list@PADPAD@?$positional_parameter_base@_WV?$string_output_adapter@_W@__crt_stdio_output@@@__crt_stdio_output@@IAE_NAAPAD@Z 100269d4 f i libucrt:output.obj
 0001:00025a6a       ??$extract_argument_from_va_list@PADPAD@?$standard_base@DV?$stream_output_adapter@D@__crt_stdio_output@@@__crt_stdio_output@@IAE_NAAPAD@Z 10026a6a f i libucrt:output.obj
 0001:00025a8a       ??$extract_argument_from_va_list@PADPAD@?$standard_base@DV?$string_output_adapter@D@__crt_stdio_output@@@__crt_stdio_output@@IAE_NAAPAD@Z 10026a8a f i libucrt:output.obj
 0001:00025aaa       ??$extract_argument_from_va_list@PADPAD@?$standard_base@_WV?$stream_output_adapter@_W@__crt_stdio_output@@@__crt_stdio_output@@IAE_NAAPAD@Z 10026aaa f i libucrt:output.obj
 0001:00025aca       ??$extract_argument_from_va_list@PADPAD@?$standard_base@_WV?$string_output_adapter@_W@__crt_stdio_output@@@__crt_stdio_output@@IAE_NAAPAD@Z 10026aca f i libucrt:output.obj
 0001:00025ec2       ??$extract_argument_from_va_list@PAXPAX@?$positional_parameter_base@DV?$stream_output_adapter@D@__crt_stdio_output@@@__crt_stdio_output@@IAE_NAAPAX@Z 10026ec2 f i libucrt:output.obj
 0001:00025f58       ??$extract_argument_from_va_list@PAXPAX@?$positional_parameter_base@DV?$string_output_adapter@D@__crt_stdio_output@@@__crt_stdio_output@@IAE_NAAPAX@Z 10026f58 f i libucrt:output.obj
 0001:00025fee       ??$extract_argument_from_va_list@PAXPAX@?$positional_parameter_base@_WV?$stream_output_adapter@_W@__crt_stdio_output@@@__crt_stdio_output@@IAE_NAAPAX@Z 10026fee f i libucrt:output.obj
 0001:00026084       ??$extract_argument_from_va_list@PAXPAX@?$positional_parameter_base@_WV?$string_output_adapter@_W@__crt_stdio_output@@@__crt_stdio_output@@IAE_NAAPAX@Z 10027084 f i libucrt:output.obj
 0001:0002611a       ??$extract_argument_from_va_list@PAXPAX@?$standard_base@DV?$stream_output_adapter@D@__crt_stdio_output@@@__crt_stdio_output@@IAE_NAAPAX@Z 1002711a f i libucrt:output.obj
 0001:0002613a       ??$extract_argument_from_va_list@PAXPAX@?$standard_base@DV?$string_output_adapter@D@__crt_stdio_output@@@__crt_stdio_output@@IAE_NAAPAX@Z 1002713a f i libucrt:output.obj
 0001:0002615a       ??$extract_argument_from_va_list@PAXPAX@?$standard_base@_WV?$stream_output_adapter@_W@__crt_stdio_output@@@__crt_stdio_output@@IAE_NAAPAX@Z 1002715a f i libucrt:output.obj
 0001:0002617a       ??$extract_argument_from_va_list@PAXPAX@?$standard_base@_WV?$string_output_adapter@_W@__crt_stdio_output@@@__crt_stdio_output@@IAE_NAAPAX@Z 1002717a f i libucrt:output.obj
 0001:0002619a       ??$extract_argument_from_va_list@U_CRT_DOUBLE@@U1@@?$positional_parameter_base@DV?$stream_output_adapter@D@__crt_stdio_output@@@__crt_stdio_output@@IAE_NAAU_CRT_DOUBLE@@@Z 1002719a f i libucrt:output.obj
 0001:00026241       ??$extract_argument_from_va_list@U_CRT_DOUBLE@@U1@@?$positional_parameter_base@DV?$string_output_adapter@D@__crt_stdio_output@@@__crt_stdio_output@@IAE_NAAU_CRT_DOUBLE@@@Z 10027241 f i libucrt:output.obj
 0001:000262e8       ??$extract_argument_from_va_list@U_CRT_DOUBLE@@U1@@?$positional_parameter_base@_WV?$stream_output_adapter@_W@__crt_stdio_output@@@__crt_stdio_output@@IAE_NAAU_CRT_DOUBLE@@@Z 100272e8 f i libucrt:output.obj
 0001:0002638f       ??$extract_argument_from_va_list@U_CRT_DOUBLE@@U1@@?$positional_parameter_base@_WV?$string_output_adapter@_W@__crt_stdio_output@@@__crt_stdio_output@@IAE_NAAU_CRT_DOUBLE@@@Z 1002738f f i libucrt:output.obj
 0001:00026436       ??$extract_argument_from_va_list@U_CRT_DOUBLE@@U1@@?$standard_base@DV?$stream_output_adapter@D@__crt_stdio_output@@@__crt_stdio_output@@IAE_NAAU_CRT_DOUBLE@@@Z 10027436 f i libucrt:output.obj
 0001:0002645e       ??$extract_argument_from_va_list@U_CRT_DOUBLE@@U1@@?$standard_base@DV?$string_output_adapter@D@__crt_stdio_output@@@__crt_stdio_output@@IAE_NAAU_CRT_DOUBLE@@@Z 1002745e f i libucrt:output.obj
 0001:00026486       ??$extract_argument_from_va_list@U_CRT_DOUBLE@@U1@@?$standard_base@_WV?$stream_output_adapter@_W@__crt_stdio_output@@@__crt_stdio_output@@IAE_NAAU_CRT_DOUBLE@@@Z 10027486 f i libucrt:output.obj
 0001:000264ae       ??$extract_argument_from_va_list@U_CRT_DOUBLE@@U1@@?$standard_base@_WV?$string_output_adapter@_W@__crt_stdio_output@@@__crt_stdio_output@@IAE_NAAU_CRT_DOUBLE@@@Z 100274ae f i libucrt:output.obj
 0001:000264d6       ??$extract_argument_from_va_list@_J_J@?$positional_parameter_base@DV?$stream_output_adapter@D@__crt_stdio_output@@@__crt_stdio_output@@IAE_NAA_J@Z 100274d6 f i libucrt:output.obj
 0001:0002657d       ??$extract_argument_from_va_list@_J_J@?$positional_parameter_base@DV?$string_output_adapter@D@__crt_stdio_output@@@__crt_stdio_output@@IAE_NAA_J@Z 1002757d f i libucrt:output.obj
 0001:00026624       ??$extract_argument_from_va_list@_J_J@?$positional_parameter_base@_WV?$stream_output_adapter@_W@__crt_stdio_output@@@__crt_stdio_output@@IAE_NAA_J@Z 10027624 f i libucrt:output.obj
 0001:000266cb       ??$extract_argument_from_va_list@_J_J@?$positional_parameter_base@_WV?$string_output_adapter@_W@__crt_stdio_output@@@__crt_stdio_output@@IAE_NAA_J@Z 100276cb f i libucrt:output.obj
 0001:00026772       ??$extract_argument_from_va_list@_J_J@?$standard_base@DV?$stream_output_adapter@D@__crt_stdio_output@@@__crt_stdio_output@@IAE_NAA_J@Z 10027772 f i libucrt:output.obj
 0001:0002679a       ??$extract_argument_from_va_list@_J_J@?$standard_base@DV?$string_output_adapter@D@__crt_stdio_output@@@__crt_stdio_output@@IAE_NAA_J@Z 1002779a f i libucrt:output.obj
 0001:000267c2       ??$extract_argument_from_va_list@_J_J@?$standard_base@_WV?$stream_output_adapter@_W@__crt_stdio_output@@@__crt_stdio_output@@IAE_NAA_J@Z 100277c2 f i libucrt:output.obj
 0001:000267ea       ??$extract_argument_from_va_list@_J_J@?$standard_base@_WV?$string_output_adapter@_W@__crt_stdio_output@@@__crt_stdio_output@@IAE_NAA_J@Z 100277ea f i libucrt:output.obj
 0001:00026812       ??$extract_argument_from_va_list@_K_J@?$positional_parameter_base@DV?$stream_output_adapter@D@__crt_stdio_output@@@__crt_stdio_output@@IAE_NAA_J@Z 10027812 f i libucrt:output.obj
 0001:000268b9       ??$extract_argument_from_va_list@_K_J@?$positional_parameter_base@DV?$string_output_adapter@D@__crt_stdio_output@@@__crt_stdio_output@@IAE_NAA_J@Z 100278b9 f i libucrt:output.obj
 0001:00026960       ??$extract_argument_from_va_list@_K_J@?$positional_parameter_base@_WV?$stream_output_adapter@_W@__crt_stdio_output@@@__crt_stdio_output@@IAE_NAA_J@Z 10027960 f i libucrt:output.obj
 0001:00026a07       ??$extract_argument_from_va_list@_K_J@?$positional_parameter_base@_WV?$string_output_adapter@_W@__crt_stdio_output@@@__crt_stdio_output@@IAE_NAA_J@Z 10027a07 f i libucrt:output.obj
 0001:00026aae       ??$extract_argument_from_va_list@_K_J@?$standard_base@DV?$stream_output_adapter@D@__crt_stdio_output@@@__crt_stdio_output@@IAE_NAA_J@Z 10027aae f i libucrt:output.obj
 0001:00026ad6       ??$extract_argument_from_va_list@_K_J@?$standard_base@DV?$string_output_adapter@D@__crt_stdio_output@@@__crt_stdio_output@@IAE_NAA_J@Z 10027ad6 f i libucrt:output.obj
 0001:00026afe       ??$extract_argument_from_va_list@_K_J@?$standard_base@_WV?$stream_output_adapter@_W@__crt_stdio_output@@@__crt_stdio_output@@IAE_NAA_J@Z 10027afe f i libucrt:output.obj
[...]
 0002:0000fc08       __sehtable$??$?RV<lambda_69a2805e680e0e292e8ba93315fe43a8>@@AAV<lambda_f03950bc5685219e0bcd2087efbe011e>@@V<lambda_03fcd07e894ec930e3f35da366ca99d6>@@@?$__crt_seh_guarded_call@H@@QAEH$$QAV<lambda_69a2805e680e0e292e8ba93315fe43a8>@@AAV<lambda_f03950bc5685219e0bcd2087efbe011e>@@$$QAV<lambda_03fcd07e894ec930e3f35da366ca99d6>@@@Z 1007ec08     libucrt:onexit.obj
 0002:0000fc28       __sehtable$_terminate      1007ec28     libucrt:terminate.obj
 0002:0000fc48       __sehtable$??$?RV<lambda_93797fb4802c957ba6a7f08e1250235b>@@AAV<lambda_1f3ce6bd48e0aa2e72a71c02eee379d3>@@V<lambda_56cae30c9364c9b6c15aeaac05d0418e>@@@?$__crt_seh_guarded_call@H@@QAEH$$QAV<lambda_93797fb4802c957ba6a7f08e1250235b>@@AAV<lambda_1f3ce6bd48e0aa2e72a71c02eee379d3>@@$$QAV<lambda_56cae30c9364c9b6c15aeaac05d0418e>@@@Z 1007ec48     libucrt:winapi_thunks.obj
 0002:0000fc68       __sehtable$__fcloseall     1007ec68     libucrt:closeall.obj
 0002:0000fc88       __sehtable$??$?RV<lambda_2866be3712abc81a800a822484c830d8>@@AAV<lambda_39ca0ed439415581b5b15c265174cece>@@V<lambda_2b24c74d71094a6cd0cb82e44167d71b>@@@?$__crt_seh_guarded_call@X@@QAEX$$QAV<lambda_2866be3712abc81a800a822484c830d8>@@AAV<lambda_39ca0ed439415581b5b15c265174cece>@@$$QAV<lambda_2b24c74d71094a6cd0cb82e44167d71b>@@@Z 1007ec88     libucrt:fflush.obj
 0002:0000fca8       __sehtable$??$?RV<lambda_2cc53f568c5a2bb6f192f930a45d44ea>@@AAV<lambda_ab61a845afdef5b7c387490eaf3616ee>@@V<lambda_c2ffc0b7726aa6be21d5f0026187e748>@@@?$__crt_seh_guarded_call@X@@QAEX$$QAV<lambda_2cc53f568c5a2bb6f192f930a45d44ea>@@AAV<lambda_ab61a845afdef5b7c387490eaf3616ee>@@$$QAV<lambda_c2ffc0b7726aa6be21d5f0026187e748>@@@Z 1007eca8     libucrt:fflush.obj
 0002:0000fcc8       __sehtable$??$?RV<lambda_6d20deecaf4856105ebacbad442d1079>@@AAV<lambda_9a32fed5bf61b6b509b2d3f6003082a1>@@V<lambda_63ea2239ed67c638ddbae41947fdf875>@@@?$__crt_seh_guarded_call@H@@QAEH$$QAV<lambda_6d20deecaf4856105ebacbad442d1079>@@AAV<lambda_9a32fed5bf61b6b509b2d3f6003082a1>@@$$QAV<lambda_63ea2239ed67c638ddbae41947fdf875>@@@Z 1007ecc8     libucrt:fflush.obj
 0002:0000fce8       __sehtable$___acrt_initialize_lowio 1007ece8     libucrt:ioinit.obj
 0002:0000fd08       __sehtable$??$?RV<lambda_15ade71b0218206bbe3333a0c9b79046>@@AAV<lambda_da44e0f8b0f19ba52fefafb335991732>@@V<lambda_207f2d024fc103971653565357d6cd41>@@@?$__crt_seh_guarded_call@X@@QAEX$$QAV<lambda_15ade71b0218206bbe3333a0c9b79046>@@AAV<lambda_da44e0f8b0f19ba52fefafb335991732>@@$$QAV<lambda_207f2d024fc103971653565357d6cd41>@@@Z 1007ed08     libucrt:per_thread_data.obj
 0002:0000fd28       __sehtable$??$?RV<lambda_a7e850c220f1c8d1e6efeecdedd162c6>@@AAV<lambda_46720907175c18b6c9d2717bc0d2d362>@@V<lambda_9048902d66e8d99359bc9897bbb930a8>@@@?$__crt_seh_guarded_call@X@@QAEX$$QAV<lambda_a7e850c220f1c8d1e6efeecdedd162c6>@@AAV<lambda_46720907175c18b6c9d2717bc0d2d362>@@$$QAV<lambda_9048902d66e8d99359bc9897bbb930a8>@@@Z 1007ed28     libucrt:per_thread_data.obj
 0002:0000fd48       __sehtable$??$?RV<lambda_38edbb1296d33220d7e4dd0ed76b244a>@@AAV<lambda_5ce1d447e08cb34b2473517608e21441>@@V<lambda_fb385d3da700c9147fc39e65dd577a8c>@@@?$__crt_seh_guarded_call@X@@QAEX$$QAV<lambda_38edbb1296d33220d7e4dd0ed76b244a>@@AAV<lambda_5ce1d447e08cb34b2473517608e21441>@@$$QAV<lambda_fb385d3da700c9147fc39e65dd577a8c>@@@Z 1007ed48     libucrt:per_thread_data.obj
 0002:0000fd68       __sehtable$??$?RV<lambda_6affb1475c98b40b75cdec977db92e3c>@@AAV<lambda_b8d4b9c228a6ecc3f80208dbb4b4a104>@@V<lambda_608742c3c92a14382c1684fc64f96c88>@@@?$__crt_seh_guarded_call@X@@QAEX$$QAV<lambda_6affb1475c98b40b75cdec977db92e3c>@@AAV<lambda_b8d4b9c228a6ecc3f80208dbb4b4a104>@@$$QAV<lambda_608742c3c92a14382c1684fc64f96c88>@@@Z 1007ed68     libucrt:per_thread_data.obj
 0002:0000fd88       __sehtable$_fputwc         1007ed88     libucrt:fputwc.obj
 0002:0000fda8       __sehtable$_fputc          1007eda8     libucrt:fputc.obj
 0002:0000fdc8       __sehtable$__free_locale   1007edc8     libucrt:wsetlocale.obj
 0002:0000fdf8       __sehtable$??$?RV<lambda_e5124f882df8998aaf41531e079ba474>@@AAV<lambda_3e16ef9562a7dcce91392c22ab16ea36>@@V<lambda_e25ca0880e6ef98be67edffd8c599615>@@@?$__crt_seh_guarded_call@X@@QAEX$$QAV<lambda_e5124f882df8998aaf41531e079ba474>@@AAV<lambda_3e16ef9562a7dcce91392c22ab16ea36>@@$$QAV<lambda_e25ca0880e6ef98be67edffd8c599615>@@@Z 1007edf8     libucrt:wsetlocale.obj
 0002:0000fe18       __sehtable$??$?RV<lambda_82aef432098b982f9ede325b418aa67a>@@AAV<lambda_862e9a3f04921db6ca1ce3faa2bf3edf>@@V<lambda_ffabc152e504b53d7492b9889b10c020>@@@?$__crt_seh_guarded_call@X@@QAEX$$QAV<lambda_82aef432098b982f9ede325b418aa67a>@@AAV<lambda_862e9a3f04921db6ca1ce3faa2bf3edf>@@$$QAV<lambda_ffabc152e504b53d7492b9889b10c020>@@@Z 1007ee18     libucrt:wsetlocale.obj
 0002:0000fe38       __sehtable$??$?RV<lambda_6673f7c4c09a5d469d0c27ae364621ce>@@AAV<lambda_ebab98244f73a74f49db879bf13fa982>@@V<lambda_be20789b7a146653eab82509ec35b419>@@@?$__crt_seh_guarded_call@X@@QAEX$$QAV<lambda_6673f7c4c09a5d469d0c27ae364621ce>@@AAV<lambda_ebab98244f73a74f49db879bf13fa982>@@$$QAV<lambda_be20789b7a146653eab82509ec35b419>@@@Z 1007ee38     libucrt:wsetlocale.obj
 0002:0000fe58       __sehtable$??$?RV<lambda_4fdada1b837b2abbf20876fac97688ad>@@AAV<lambda_b57350f2640456a0859d250846f69caf>@@V<lambda_eed5e4f92b5b7d55fa22c48c484aaa54>@@@?$__crt_seh_guarded_call@X@@QAEX$$QAV<lambda_4fdada1b837b2abbf20876fac97688ad>@@AAV<lambda_b57350f2640456a0859d250846f69caf>@@$$QAV<lambda_eed5e4f92b5b7d55fa22c48c484aaa54>@@@Z 1007ee58     libucrt:wsetlocale.obj
 0002:0000fe78       __sehtable$??$?RV<lambda_135d2772fca65dc1248eeaa1b56e886a>@@AAV<lambda_2a444430fde8c29194d880d93eed5e8f>@@AAV<lambda_8dff2cf36a5417162780cd64fa2883ef>@@@?$__crt_seh_guarded_call@X@@QAEX$$QAV<lambda_135d2772fca65dc1248eeaa1b56e886a>@@AAV<lambda_2a444430fde8c29194d880d93eed5e8f>@@AAV<lambda_8dff2cf36a5417162780cd64fa2883ef>@@@Z 1007ee78     libucrt:wsetlocale.obj
 0002:0000fe98       __sehtable$??$?RV<lambda_218ce3db14220d0be481dae8ef3383b6>@@AAV<lambda_628dfdc04ba53c8bfc02c9951375f3f5>@@V<lambda_57dc472bd5c9d5f3b2cbca59b8a843ae>@@@?$__crt_seh_guarded_call@H@@QAEH$$QAV<lambda_218ce3db14220d0be481dae8ef3383b6>@@AAV<lambda_628dfdc04ba53c8bfc02c9951375f3f5>@@$$QAV<lambda_57dc472bd5c9d5f3b2cbca59b8a843ae>@@@Z 1007ee98     libucrt:close.obj
 0002:0000feb8       __sehtable$?__acrt_stdio_allocate_stream@@YA?AV__crt_stdio_stream@@XZ 1007eeb8     libucrt:stream.obj
 0002:0000fed8       __sehtable$__read          1007eed8     libucrt:read.obj
 0002:0000fef8       __sehtable$__write         1007eef8     libucrt:write.obj
 0002:0000ff18       __sehtable$??$common_lseek@J@@YAJHJH@Z 1007ef18     libucrt:lseek.obj
 0002:0000ff38       __sehtable$??$common_lseek@_J@@YA_JH_JH@Z 1007ef38     libucrt:lseek.obj
 0002:0000ff58       __sehtable$___set_fpsr_sse2 1007ef58     libucrt:fpctrl.obj
 0002:0000ff78       __sehtable$??$?RV<lambda_70c0770dcc4f6ec6272bb01dc82d3c91>@@AAV<lambda_ca71763b3c0644891230e4f79ea54fa6>@@V<lambda_ca266f0f09348b8765c113e3a39a2bc1>@@@?$__crt_seh_guarded_call@H@@QAEH$$QAV<lambda_70c0770dcc4f6ec6272bb01dc82d3c91>@@AAV<lambda_ca71763b3c0644891230e4f79ea54fa6>@@$$QAV<lambda_ca266f0f09348b8765c113e3a39a2bc1>@@@Z 1007ef78     libucrt:setvbuf.obj
 0002:0000ff98       __sehtable$_signal         1007ef98     libucrt:signal.obj
 0002:0000ffb8       __sehtable$_raise          1007efb8     libucrt:signal.obj
 0002:0000ffd8       __sehtable$?ctrlevent_capture@@YGHK@Z 1007efd8     libucrt:signal.obj
 0002:0000fff8       __sehtable$??$?RV<lambda_cbab9ec6f41b0180b23cc171c22676b0>@@AAV<lambda_44731a7d0e6d81c3e6aa82d741081786>@@V<lambda_4b292cb8dd18144e164572427af410ab>@@@?$__crt_seh_guarded_call@P6AXH@Z@@QAEP6AXH@Z$$QAV<lambda_cbab9ec6f41b0180b23cc171c22676b0>@@AAV<lambda_44731a7d0e6d81c3e6aa82d741081786>@@$$QAV<lambda_4b292cb8dd18144e164572427af410ab>@@@Z 1007eff8     libucrt:signal.obj
 0002:00010018       __sehtable$?update_thread_multibyte_data_internal@@YAPAU__crt_multibyte_data@@QAU__acrt_ptd@@QAPAU1@@Z 1007f018     libucrt:mbctype.obj
 0002:00010038       __sehtable$??$?RV<lambda_ceb1ee4838e85a9d631eb091e2fbe199>@@AAV<lambda_ae742caa10f662c28703da3d2ea5e57e>@@V<lambda_cd08b5d6af4937fe54fc07d0c9bf6b37>@@@?$__crt_seh_guarded_call@X@@QAEX$$QAV<lambda_ceb1ee4838e85a9d631eb091e2fbe199>@@AAV<lambda_ae742caa10f662c28703da3d2ea5e57e>@@$$QAV<lambda_cd08b5d6af4937fe54fc07d0c9bf6b37>@@@Z 1007f038     libucrt:mbctype.obj
 0002:00010058       __sehtable$__query_new_handler 1007f058     libucrt:new_handler.obj
 0002:00010078       __sehtable$__set_new_handler 1007f078     libucrt:new_handler.obj
 0002:00010098       __sehtable$??$?RV<lambda_9e9de3de5fa147e2223d7db92bc10aa6>@@AAV<lambda_38ce7e780aa69e748d6df282ebc68efe>@@V<lambda_8ca6da459f0f6780f1cff60fdc3d00e5>@@@?$__crt_seh_guarded_call@H@@QAEH$$QAV<lambda_9e9de3de5fa147e2223d7db92bc10aa6>@@AAV<lambda_38ce7e780aa69e748d6df282ebc68efe>@@$$QAV<lambda_8ca6da459f0f6780f1cff60fdc3d00e5>@@@Z 1007f098     libucrt:commit.obj
 0002:000100b8       __sehtable$__open_osfhandle 1007f0b8     libucrt:osfinfo.obj
 0002:000100d8       __sehtable$__alloc_osfhnd  1007f0d8     libucrt:osfinfo.obj
 0002:000100f8       __sehtable$___acrt_lowio_ensure_fh_exists 1007f0f8     libucrt:osfinfo.obj
 0002:00010118       __sehtable$___acrt_update_thread_locale_data 1007f118     libucrt:locale_refcounting.obj
 0002:00010138       __sehtable$??$common_open@D@@YAHQBDHH@Z 1007f138     libucrt:open.obj
 0002:00010158       __sehtable$??$common_open@_W@@YAHQB_WHH@Z 1007f158     libucrt:open.obj
 0002:00010178       __sehtable$??$common_sopen_dispatch@D@@YAHQBDHHHQAHH@Z 1007f178     libucrt:open.obj
 0002:00010198       __sehtable$??$common_sopen_dispatch@_W@@YAHQB_WHHHQAHH@Z 1007f198     libucrt:open.obj
 0002:000101b8       __sehtable$??$?RV<lambda_f828341fbe69b7c0d4c527b01f22877f>@@AAV<lambda_9e0b6ab72a5b3ae37ad997d08b519f50>@@V<lambda_f01deac0a8d65d6e0411edf7e0af5775>@@@?$__crt_seh_guarded_call@G@@QAEG$$QAV<lambda_f828341fbe69b7c0d4c527b01f22877f>@@AAV<lambda_9e0b6ab72a5b3ae37ad997d08b519f50>@@$$QAV<lambda_f01deac0a8d65d6e0411edf7e0af5775>@@@Z 1007f1b8     libucrt:putwch.obj
 0002:000101d8       __sehtable$__setmode       1007f1d8     libucrt:setmode.obj
 0002:000101f8       __sehtable$??$?RV<lambda_3b12a17125e8c5b5e6e6f6c6050db0c1>@@AAV<lambda_522ac1b1e1a1180d6f374a882b81d1c8>@@V<lambda_e92b96cac182f562f30acc9fb7872857>@@@?$__crt_seh_guarded_call@H@@QAEH$$QAV<lambda_3b12a17125e8c5b5e6e6f6c6050db0c1>@@AAV<lambda_522ac1b1e1a1180d6f374a882b81d1c8>@@$$QAV<lambda_e92b96cac182f562f30acc9fb7872857>@@@Z 1007f1f8     libucrt:chsize.obj
 0002:00010218       __unwindtable$?_wcstombs_l_helper@@YAIPADPB_WIPAU__crt_locale_pointers@@@Z 1007f218     libucrt:wcstombs.obj
 0002:00010220       __ehfuncinfo$?_wcstombs_l_helper@@YAIPADPB_WIPAU__crt_locale_pointers@@@Z 1007f220     libucrt:wcstombs.obj
 0002:00010248       __sehtable$__IsNonwritableInCurrentImage 1007f248     LIBCMT:pesect.obj
 0002:000104b0       .edata                     1007f4b0     dynamixel_control_slrt.exp
 0002:000104d8       rgpv                       1007f4d8     dynamixel_control_slrt.exp
 0002:000104f4       rgszName                   1007f4f4     dynamixel_control_slrt.exp
 0002:00010510       rgwOrd                     1007f510     dynamixel_control_slrt.exp
 0002:0001051e       szName                     1007f51e     dynamixel_control_slrt.exp
 0002:00010539       $N00001                    1007f539     dynamixel_control_slrt.exp
 0002:00010544       $N00002                    1007f544     dynamixel_control_slrt.exp
 0002:0001054d       $N00003                    1007f54d     dynamixel_control_slrt.exp
 0002:0001055a       $N00004                    1007f55a     dynamixel_control_slrt.exp
 0002:00010564       $N00005                    1007f564     dynamixel_control_slrt.exp
 0002:00010574       $N00006                    1007f574     dynamixel_control_slrt.exp
 0002:00010582       $N00007                    1007f582     dynamixel_control_slrt.exp
 0003:00000010       _mdlInfo                   10080010     xpctarget.obj
 0003:00000110       _rtDataAddrMap             10080110     dynamixel_control_capi.obj
 0003:000001c8       _mmiStatic                 100801c8     dynamixel_control_capi.obj
 0003:00000554       _rtwCAPI_mallocError       10080554     rtw_modelmap_utils.obj
 0003:00000558       _basedivisors              10080558     sersetupbase.obj
 0003:000005f0       ?__vcrt_flsindex@@3KA      100805f0     libvcruntime:per_thread_data.obj
 0003:000006f4       ?errno_no_memory@@3HA      100806f4     libucrt:errno.obj
 0003:000006f8       ?doserrno_no_memory@@3KA   100806f8     libucrt:errno.obj
 0003:0000073c       ?__acrt_flsindex@@3KA      1008073c     libucrt:per_thread_data.obj
 0003:00000740       __ctype_loc_style          10080740     libucrt:wsetlocale.obj
 0003:0000096c       ?__DAZ_ENABLED@?1??__set_fpsr_sse2@@9@9 1008096c     libucrt:fpctrl.obj
 0003:00000c00       __mbctypes                 10080c00     libucrt:mbctype.obj
 0003:00000d38       __mbcasemaps               10080d38     libucrt:mbctype.obj
 0003:00000e6c       ?__rgctypeflag@@3PADA      10080e6c     libucrt:mbctype.obj
 0003:00000e70       ?__rgcode_page_info@@3PAUcode_page_info@@A 10080e70     libucrt:mbctype.obj
 0003:00001010       ?__dcrt_lowio_console_output_handle@@3PAXA 10081010     libucrt:initcon.obj
 0003:000013e4       _rtm                       100813e4     xpctarget.obj
 0003:000013f8       ?dims@?1??rt_mxGetDimensions@@9@9 100813f8     rt_matrx.obj
 0003:00001408       ?msg@?4??dynamixel_co_RS232ISR_Start@@9@9 10081408     dynamixel_control.obj
 0003:00001440       ?msg@?M@??dynamixel_control_RS232ISR@@9@9 10081440     dynamixel_control.obj
 0003:000014a8       ?msg@?4??dynamixel_control_output0@@9@9 100814a8     dynamixel_control.obj
 0003:00001510       ?msg@?9??dynamixel_control_output0@@9@9 10081510     dynamixel_control.obj
 0003:00001578       ?ermsg@?L@??dynamixel_control_initialize@@9@9 10081578     dynamixel_control.obj
 0003:000015e0       ?rt_DataLoggingInfo@?4??dynamixel_control@@9@9 100815e0     dynamixel_control.obj
 0003:00001694       _rtVarDimsAddrMap          10081694     dynamixel_control_capi.obj
 0003:000016c8       _msg                       100816c8     asciiencode.obj
 0003:00001808       _msg                       10081808     sersetupbase.obj
 0003:00001940       _GS_ExceptionRecord        10081940     LIBCMT:gs_report.obj
 0003:00001990       _GS_ContextRecord          10081990     LIBCMT:gs_report.obj
 0003:00001d08       ?__proc_attached@@3HA      10081d08     LIBCMT:dll_dllmain.obj
 0003:00001d44       ?is_initialized_as_dll@@3_NA 10081d44     LIBCMT:utility.obj
 0003:00001d45       ?module_local_atexit_table_initialized@@3_NA 10081d45     LIBCMT:utility.obj
 0003:00001d48       ?module_local_atexit_table@@3U_onexit_table_t@@A 10081d48     LIBCMT:utility.obj
 0003:00001d54       ?module_local_at_quick_exit_table@@3U_onexit_table_t@@A 10081d54     LIBCMT:utility.obj
 0003:00001d94       ?heap@@3V_HeapManager@@A   10081d94     libvcruntime:undname.obj
 0003:00001db4       ?__vcrt_startup_thread_ptd@@3U__vcrt_ptd@@A 10081db4     libvcruntime:per_thread_data.obj
 0003:00001de4       ___vcrt_lock_table         10081de4     libvcruntime:locks.obj
 0003:00001dfc       ___vcrt_locks_initialized  10081dfc     libvcruntime:locks.obj
 0003:00001e08       ?module_handles@@3PAPAUHINSTANCE__@@A 10081e08     libvcruntime:winapi_downlevel.obj
 0003:00001e14       ?encoded_function_pointers@@3PAPAXA 10081e14     libvcruntime:winapi_downlevel.obj
 0003:00001e48       ?c_termination_complete@@3JA 10081e48     libucrt:exit.obj
 0003:00001e4c       ?thread_local_exit_callback_func@@3P6GXPAXK0@ZA 10081e4c     libucrt:exit.obj
 0003:00001e58       ?program_name@?1???$common_configure_argv@D@@YAHW4_crt_argv_mode@@@Z@4PADA 10081e58     libucrt:argv_parsing.obj
 0003:00001f98       ?program_name@?1???$common_configure_argv@_W@@YAHW4_crt_argv_mode@@@Z@4PA_WA 10081f98     libucrt:argv_parsing.obj
 0003:00002240       ?__acrt_invalid_parameter_handler@@3V?$dual_state_global@P6AXPB_W00II@Z@__crt_state_management@@A 10082240     libucrt:invalid_parameter.obj
 0003:00002248       ?module_handles@@3PAPAUHINSTANCE__@@A 10082248     libucrt:winapi_thunks.obj
 0003:00002298       ?encoded_function_pointers@@3PAPAXA 10082298     libucrt:winapi_thunks.obj
 0003:0000234c       ?static_enum_proc@?1??enum_system_locales_ex_nolock@@YAHQ6GHPA_WKJ@Z@Z@4P6GH0KJ@ZA 1008234c     libucrt:winapi_thunks.obj
 0003:000025bc       ?internal_state@?1??_mbtowc_l@@9@4U_Mbstatet@@A 100825bc     libucrt:mbtowc.obj
 0003:000025c8       ?enable_percent_n@@3IA     100825c8     libucrt:printf_count_output.obj
 0003:000025e0       ?__acrt_lock_table@@3PAU_RTL_CRITICAL_SECTION@@A 100825e0     libucrt:locks.obj
 0003:00002730       ?__acrt_locks_initialized@@3IA 10082730     libucrt:locks.obj
 0003:00002778       ?state_cache@?1???$get_cached_win_policy@Ubegin_thread_init_policy_properties@?1??__acrt_get_begin_thread_init_policy@@YA?AW4begin_thread_init_policy@@XZ@@@YA?AW4begin_thread_init_policy@@W4AppPolicyThreadInitializationType@@@Z@4JA 10082778     libucrt:win_policies.obj
 0003:0000277c       ?state_cache@?1???$get_cached_win_policy@Udeveloper_information_policy_properties@?1??__acrt_get_developer_information_policy@@YA?AW4developer_information_policy@@XZ@@@YA?AW4developer_information_policy@@W4AppPolicyShowDeveloperDiagnostic@@@Z@4JA 1008277c     libucrt:win_policies.obj
 0003:00002780       ?state_cache@?1???$get_cached_win_policy@Uwindowing_model_policy_properties@?1??__acrt_get_windowing_model_policy@@YA?AW4windowing_model_policy@@XZ@@@YA?AW4windowing_model_policy@@W4AppPolicyWindowingModel@@@Z@4JA 10082780     libucrt:win_policies.obj
 0003:00002784       ?__acrt_app_type@@3W4_crt_app_type@@A 10082784     libucrt:report_runtime_error.obj
 0003:00002788       ?outmsg@?9??__acrt_report_runtime_error@@9@4PA_WA 10082788     libucrt:report_runtime_error.obj
 0003:00002eec       ___acrt_error_mode         10082eec     libucrt:set_error_mode.obj
 0003:00002ef0       ?console_ctrl_handler_installed@@3_NA 10082ef0     libucrt:signal.obj
 0003:00002ef4       ?ctrlc_action@@3V?$dual_state_global@P6AXH@Z@__crt_state_management@@A 10082ef4     libucrt:signal.obj
 0003:00002ef8       ?ctrlbreak_action@@3V?$dual_state_global@P6AXH@Z@__crt_state_management@@A 10082ef8     libucrt:signal.obj
 0003:00002efc       ?abort_action@@3V?$dual_state_global@P6AXH@Z@__crt_state_management@@A 10082efc     libucrt:signal.obj
 0003:00002f00       ?term_action@@3V?$dual_state_global@P6AXH@Z@__crt_state_management@@A 10082f00     libucrt:signal.obj
 0003:00002f08       ?user_matherr@@3V?$dual_state_global@P6AHPAU_exception@@@Z@__crt_state_management@@A 10082f08     libucrt:matherr.obj
 0003:00002f18       ?fSystemSet@@3HA           10082f18     libucrt:mbctype.obj
 0003:00002f1f       ?initialized@?1??__acrt_initialize_multibyte@@9@4_NA 10082f1f     libucrt:mbctype.obj
 0003:00002f40       ?__acrt_new_handler@@3V?$dual_state_global@P6AHI@Z@__crt_state_management@@A 10082f40     libucrt:new_handler.obj
 0003:00002f44       ?__acrt_global_new_mode@@3V?$dual_state_global@J@__crt_state_management@@A 10082f44     libucrt:new_mode.obj
 0003:00002f48       ?mbst@?1??mbrlen@@9@4U_Mbstatet@@A 10082f48     libucrt:mbrtowc.obj
 0003:00002f54       ?mbst@?1??mbrtowc@@9@4U_Mbstatet@@A 10082f54     libucrt:mbrtowc.obj
 0003:00002f60       ?mbst@?1??_mbsrtowcs_helper@@YAIPA_WPAPBDIPAU_Mbstatet@@@Z@4U2@A 10082f60     libucrt:mbrtowc.obj
 0003:00002f74       ?internal_pst@?1??__mbrtoc32_utf8@__crt_mbstring@@YAIPA_UPBDIPAU_Mbstatet@@@Z@4U3@A 10082f74     libucrt:mbrtoc32.obj
 0003:00002f88       __pmatherr_set             10082f88     libucrt:libm_error.obj
 0003:00002f90       ?internal_pst@?1??__c16rtomb_utf8@__crt_mbstring@@YAIPAD_SPAU_Mbstatet@@@Z@4U3@A 10082f90     libucrt:c16rtomb.obj
 0004:000004e4       .idata$6                   100964e4     kernel32:KERNEL32.dll
