 hil_tuning_slrt

 Timestamp is 5c78c5a7 (Fri Mar  1 11:09:51 2019)

 Preferred load address is 10000000

 Start         Length     Name                   Class
 0001:00000000 0008127dH .text$mn                CODE
 0001:0008127d 00001085H .text$x                 CODE
 0002:00000000 00000104H .CRT$XCA                DATA
 0002:00000104 00000104H .CRT$XCZ                DATA
 0002:00000208 00000104H .CRT$XIA                DATA
 0002:0000030c 00000110H .CRT$XIC                DATA
 0002:0000041c 00000104H .CRT$XIZ                DATA
 0002:00000520 00000104H .CRT$XPA                DATA
 0002:00000624 0000010cH .CRT$XPX                DATA
 0002:00000730 00000104H .CRT$XPXA               DATA
 0002:00000834 00000104H .CRT$XPZ                DATA
 0002:00000938 00000104H .CRT$XTA                DATA
 0002:00000a3c 00000104H .CRT$XTZ                DATA
 0002:00000b40 00012160H .rdata                  DATA
 0002:00012ca0 00000450H .rdata$r                DATA
 0002:000130f0 00000128H .rdata$sxdata           DATA
 0002:00013218 000001ccH .rdata$zzzdbg           DATA
 0002:000133e4 00000104H .rtc$IAA                DATA
 0002:000134e8 00000104H .rtc$IZZ                DATA
 0002:000135ec 00000104H .rtc$TAA                DATA
 0002:000136f0 00000108H .rtc$TZZ                DATA
 0002:000137f8 00000db8H .xdata$x                DATA
 0002:000145b0 00000203H .edata                  DATA
 0003:00000000 0000402cH .data                   DATA
 0003:0000402c 00000254H .data$r                 DATA
 0003:00004280 000162c8H .bss                    DATA
 0004:00000000 000001b4H .idata$5                DATA
 0004:000001b4 00000014H .idata$2                DATA
 0004:000001c8 00000014H .idata$3                DATA
 0004:000001dc 000001b4H .idata$4                DATA
 0004:00000390 000007a2H .idata$6                DATA
 0005:00000000 00000104H .00cfg                  DATA

  Address         Publics by Value              Rva+Base       Lib:Object

 0000:00000000       ___hybrid_code_map_count   00000000     <absolute>
 0000:00000000       ___guard_fids_table        00000000     <absolute>
 0000:00000000       ___hybrid_code_map         00000000     <absolute>
 0000:00000000       ___enclave_config          00000000     <absolute>
 0000:00000000       ___dynamic_value_reloc_table 00000000     <absolute>
 0000:00000000       ___guard_longjmp_count     00000000     <absolute>
 0000:00000000       ___guard_iat_table         00000000     <absolute>
 0000:00000000       ___guard_fids_count        00000000     <absolute>
 0000:00000000       ___guard_longjmp_table     00000000     <absolute>
 0000:00000000       __except_list              00000000     <absolute>
 0000:00000000       ___volatile_metadata       00000000     <absolute>
 0000:00000000       ___guard_iat_count         00000000     <absolute>
 0000:00000000       ___hybrid_auxiliary_iat    00000000     <absolute>
 0000:00000008       ___safe_se_handler_count   00000008     <absolute>
 0000:00000100       ___guard_flags             00000100     <absolute>
 0000:00000000       ___ImageBase               10000000     <linker-defined>
 0001:00007270       _DllMain@12                10008270 f   xpctarget.obj
 0001:00007280       _SLRTSetErrorStatus        10008280 f   xpctarget.obj
 0001:000072a0       _changeStepSize            100082a0 f   xpctarget.obj
 0001:00007310       _getDLMVersion             10008310 f   xpctarget.obj
 0001:00007320       _getFullPathToRefMdl       10008320 f   xpctarget.obj
 0001:000073d0       _getRefMdlPath             100083d0 f   xpctarget.obj
 0001:00007450       _getRefMdlSignalNumber     10008450 f   xpctarget.obj
 0001:00007500       _getrlmdlinfo              10008500 f   xpctarget.obj
 0001:00007660       _hil_tuning_ChangeStepSize 10008660 f   xpctarget.obj
 0001:000076d0       _slrtRegisterSignalToLoggingService 100086d0 f   xpctarget.obj
 0001:00007830       _updateDiscreteEvents      10008830 f   xpctarget.obj
 0001:00007840       _getNumRef                 10008840 f   appmappingData.obj
 0001:00007850       ___local_stdio_printf_options 10008850 f i legacy_stdio.obj
 0001:00007860       __vfprintf_l               10008860 f i legacy_stdio.obj
 0001:00007890       _vprintf                   10008890 f i legacy_stdio.obj
 0001:000078d0       _rt_mxCreateCharMatrixFromStrings 100088d0 f   rt_matrx.obj
 0001:00007a30       _rt_mxCreateDoubleMatrix   10008a30 f   rt_matrx.obj
 0001:00007a90       _rt_mxCreateNumericArray   10008a90 f   rt_matrx.obj
 0001:00007b00       _rt_mxCreateString         10008b00 f   rt_matrx.obj
 0001:00007b90       _rt_mxDuplicateArray       10008b90 f   rt_matrx.obj
 0001:00007bf0       _rt_mxGetDimensions        10008bf0 f   rt_matrx.obj
 0001:00007c30       _rt_mxGetEps               10008c30 f   rt_matrx.obj
 0001:00007c40       _rt_mxGetString            10008c40 f   rt_matrx.obj
 0001:00007cc0       _rtPrintfNoOp              10008cc0 f   rt_printf.obj
 0001:00007cd0       __vsnprintf_l              10008cd0 f i rt_logging.obj
 0001:00007d10       __vsprintf_l               10008d10 f i rt_logging.obj
 0001:00007d50       _fprintf                   10008d50 f i rt_logging.obj
 0001:00008250       _printf                    10009250 f i rt_logging.obj
 0001:00008290       _rt_CreateLogVar           10009290 f   rt_logging.obj
 0001:00008320       _rt_CreateLogVarWithConvert 10009320 f   rt_logging.obj
 0001:00008c50       _rt_CreateStructLogVar     10009c50 f   rt_logging.obj
 0001:000099d0       _rt_GetMxIdFromDTypeId     1000a9d0 f   rt_logging.obj
 0001:00009a00       _rt_GetMxIdFromDTypeIdForRSim 1000aa00 f   rt_logging.obj
 0001:0000c5a0       _rt_StartDataLogging       1000d5a0 f   rt_logging.obj
 0001:0000ca60       _rt_StartDataLoggingWithStartTime 1000da60 f   rt_logging.obj
 0001:0000cee0       _rt_StopDataLogging        1000dee0 f   rt_logging.obj
 0001:0000cf00       _rt_StopDataLoggingImpl    1000df00 f   rt_logging.obj
 0001:0000d340       _rt_UpdateLogVar           1000e340 f   rt_logging.obj
 0001:0000e580       _rt_UpdateStructLogVar     1000f580 f   rt_logging.obj
 0001:0000e610       _rt_UpdateTXXFYLogVars     1000f610 f   rt_logging.obj
 0001:0000ebf0       _rt_UpdateTXYLogVars       1000fbf0 f   rt_logging.obj
 0001:0000ee30       _rt_getTempMemory          1000fe30 f   rt_logging.obj
 0001:0000ee80       _sprintf                   1000fe80 f i rt_logging.obj
 0001:0000eec0       _MdlInitialize             1000fec0 f   hil_tuning.obj
 0001:0000eed0       _MdlInitializeSampleTimes  1000fed0 f   hil_tuning.obj
 0001:0000eee0       _MdlInitializeSizes        1000fee0 f   hil_tuning.obj
 0001:0000eef0       _MdlOutputs                1000fef0 f   hil_tuning.obj
 0001:0000ef00       _MdlStart                  1000ff00 f   hil_tuning.obj
 0001:0000eff0       _MdlTerminate              1000fff0 f   hil_tuning.obj
 0001:0000f060       _MdlUpdate                 10010060 f   hil_tuning.obj
 0001:0000f170       _hil_tuning                10010170 f   hil_tuning.obj
 0001:00013370       _look1_binlxpw             10014370 f   hil_tuning.obj
 0001:00013450       _rt_remd_snf               10014450 f   hil_tuning.obj
 0001:000136a0       _hil_tuning_GetCAPIStaticMap 100146a0 f   hil_tuning_capi.obj
 0001:000136b0       _hil_tuning_InitializeDataMapInfo 100146b0 f   hil_tuning_capi.obj
 0001:00013780       _mdlXcp_GetMdlXcpInfo      10014780 f   hil_tuning_xcp.obj
 0001:00013790       _SLRT_update_TET           10014790 f   hil_tuning_xcp_TET.obj
 0001:00013860       _rtGetInf                  10014860 f   rtGetInf.obj
 0001:00013890       _rtGetInfF                 10014890 f   rtGetInf.obj
 0001:000138b0       _rtGetMinusInf             100148b0 f   rtGetInf.obj
 0001:000138e0       _rtGetMinusInfF            100148e0 f   rtGetInf.obj
 0001:00013900       _rtGetNaN                  10014900 f   rtGetNaN.obj
 0001:00013930       _rtGetNaNF                 10014930 f   rtGetNaN.obj
 0001:00013950       _rtIsInf                   10014950 f   rt_nonfinite.obj
 0001:00013990       _rtIsInfF                  10014990 f   rt_nonfinite.obj
 0001:000139d0       _rtIsNaN                   100149d0 f   rt_nonfinite.obj
 0001:000139e0       _rtIsNaNF                  100149e0 f   rt_nonfinite.obj
 0001:000139f0       _rt_InitInfAndNaN          100149f0 f   rt_nonfinite.obj
 0001:00013a50       _rt_CleanUpForStateLogWithMMI 10014a50 f   rt_logging_mmi.obj
 0001:00013b60       _rt_FillStateSigInfoFromMMI 10014b60 f   rt_logging_mmi.obj
 0001:00013f30       _rtwCAPI_CountSysRan       10014f30 f   rtw_modelmap_utils.obj
 0001:00013fd0       _rtwCAPI_EncodePath        10014fd0 f   rtw_modelmap_utils.obj
 0001:000140e0       _rtwCAPI_FillSysRan        100150e0 f   rtw_modelmap_utils.obj
 0001:000141d0       _rtwCAPI_FreeFullPaths     100151d0 f   rtw_modelmap_utils.obj
 0001:00014260       _rtwCAPI_GetFullStateBlockPath 10015260 f   rtw_modelmap_utils.obj
 0001:000143f0       _rtwCAPI_GetNumContStateRecords 100153f0 f   rtw_modelmap_utils.obj
 0001:000144b0       _rtwCAPI_GetNumSigLogRecords 100154b0 f   rtw_modelmap_utils.obj
 0001:00014500       _rtwCAPI_GetNumSigLogRecordsForRTWLogging 10015500 f   rtw_modelmap_utils.obj
 0001:000145a0       _rtwCAPI_GetNumStateRecords 100155a0 f   rtw_modelmap_utils.obj
 0001:000145f0       _rtwCAPI_GetNumStateRecordsForRTWLogging 100155f0 f   rtw_modelmap_utils.obj
 0001:00014690       _rtwCAPI_GetSigAddrFromMap 10015690 f   rtw_modelmap_utils.obj
 0001:00014750       _rtwCAPI_GetSigLogRecordInfo 10015750 f   rtw_modelmap_utils.obj
 0001:00014b80       _rtwCAPI_GetStateRecordInfo 10015b80 f   rtw_modelmap_utils.obj
 0001:00015080       _rtwCAPI_GetStateWidth     10016080 f   rtw_modelmap_utils.obj
 0001:000150e0       _rtwCAPI_HasStates         100160e0 f   rtw_modelmap_utils.obj
 0001:00015140       _rtwCAPI_UpdateFullPaths   10016140 f   rtw_modelmap_utils.obj
 0001:00015320       _timestamp_x86             10016320 f   host_timer_x86.obj
 0001:00015330       _taskTimeEnd               10016330 f   xpc_code_profiling_utility_functions.obj
 0001:00015340       _taskTimeEnd_              10016340 f   xpc_code_profiling_utility_functions.obj
 0001:00015350       _taskTimeStart             10016350 f   xpc_code_profiling_utility_functions.obj
 0001:00015360       _taskTimeStart_            10016360 f   xpc_code_profiling_utility_functions.obj
 0001:00015370       _xilProfilingTimerFreeze   10016370 f   xpc_code_profiling_utility_functions.obj
 0001:00015380       _xilProfilingTimerUnFreeze 10016380 f   xpc_code_profiling_utility_functions.obj
 0001:00015390       _xilUploadProfilingData    10016390 f   xpc_code_profiling_utility_functions.obj
 0001:000153a0       ___local_stdio_scanf_options 100163a0 f i asciidecode.obj
 0001:000153b0       __vsscanf_l                100163b0 f i asciidecode.obj
 0001:000153e0       _asciidecode               100163e0 f   asciidecode.obj
 0001:00015ea0       _sscanf                    10016ea0 f i asciidecode.obj
 0001:00015ed0       _asciiencode               10016ed0 f   asciiencode.obj
 0001:000174c0       _slrtIPConfig              100184c0 f   slrtIPConfig.obj
 0001:00017bf0       _slrtUDPReceive            10018bf0 f   slrtUDPReceive.obj
 0001:000181b0       _slrtUDPSend               100191b0 f   slrtUDPSend.obj
 0001:00018200       _GetPCIDeviceFull          10019200 f   xpcruntime:xpcimports.obj
 0001:00018370       _GetPCIDeviceFunction      10019370 f   xpcruntime:xpcimports.obj
 0001:000184e0       _ShowPCIDevice             100194e0 f   xpcruntime:xpcimports.obj
 0001:00018b10       _slrtGetPciConfigAtFunction 10019b10 f   xpcruntime:xpcimports.obj
 0001:00018e80       _xpcGetPciConfigAtSlot     10019e80 f   xpcruntime:xpcimports.obj
 0001:00018ea0       _xpcInitProcs              10019ea0 f   xpcruntime:xpcimports.obj
 0001:0001a520       _xpceuploadevent           1001b520 f   xpcruntime:xpcimports.obj
 0001:0001a530       __ftoui3                   1001b530 f   LIBCMT:ftol3.obj
 0001:0001a53f       __ftoul3                   1001b53f f   LIBCMT:ftol3.obj
 0001:0001a54e       __ftol3                    1001b54e f   LIBCMT:ftol3.obj
 0001:0001a55b       __ftol3_NaN                1001b55b f   LIBCMT:ftol3.obj
 0001:0001a573       __ftol3_work               1001b573 f   LIBCMT:ftol3.obj
 0001:0001a5f9       __ftol3_common             1001b5f9 f   LIBCMT:ftol3.obj
 0001:0001a6bb       __ftol3_arg_error          1001b6bb f   LIBCMT:ftol3.obj
 0001:0001a6cd       __ftol3_except             1001b6cd f   LIBCMT:ftol3.obj
 0001:0001a711       __dtoui3                   1001b711 f   LIBCMT:ftol3.obj
 0001:0001a720       __dtoul3                   1001b720 f   LIBCMT:ftol3.obj
 0001:0001a72f       __dtol3                    1001b72f f   LIBCMT:ftol3.obj
 0001:0001a73c       __dtol3_NaN                1001b73c f   LIBCMT:ftol3.obj
 0001:0001a759       __dtol3_work               1001b759 f   LIBCMT:ftol3.obj
 0001:0001a840       __ultod3                   1001b840 f   LIBCMT:ftol3.obj
 0001:0001a880       __ltod3                    1001b880 f   LIBCMT:ftol3.obj
 0001:0001a984       ___raise_securityfailure   1001b984 f   LIBCMT:gs_report.obj
 0001:0001a9b6       ___report_gsfailure        1001b9b6 f   LIBCMT:gs_report.obj
 0001:0001aaed       ___report_rangecheckfailure 1001baed f   LIBCMT:gs_report.obj
 0001:0001aafc       ___report_securityfailure  1001bafc f   LIBCMT:gs_report.obj
 0001:0001abfd       ___report_securityfailureEx 1001bbfd f   LIBCMT:gs_report.obj
 0001:0001ad56       @__security_check_cookie@4 1001bd56 f   LIBCMT:secchk.obj
 0001:0001ad6b       ___isa_available_init      1001bd6b f   LIBCMT:cpu_disp.obj
 0001:0001b34c       __CRT_INIT@12              1001c34c f   LIBCMT:dll_dllmain.obj
 0001:0001b357       __DllMainCRTStartup@12     1001c357 f   LIBCMT:dll_dllmain.obj
 0001:0001b3e2       ___security_init_cookie    1001c3e2 f   LIBCMT:gs_support.obj
 0001:0001b43f       ?__scrt_initialize_type_info@@YAXXZ 1001c43f f   LIBCMT:tncleanup.obj
 0001:0001b44e       ?__scrt_uninitialize_type_info@@YAXXZ 1001c44e f   LIBCMT:tncleanup.obj
 0001:0001b45d       ___scrt_initialize_default_local_stdio_options 1001c45d f   LIBCMT:default_local_stdio_options.obj
 0001:0001b481       ??$__crt_fast_decode_pointer@PAP6AXXZ@@YAPAP6AXXZQAP6AXXZ@Z 1001c481 f i LIBCMT:utility.obj
 0001:0001b49a       ??$__crt_fast_encode_pointer@PAP6AXXZ@@YAPAP6AXXZQAP6AXXZ@Z 1001c49a f i LIBCMT:utility.obj
 0001:0001b4be       ?__crt_rotate_pointer_value@@YAIIH@Z 1001c4be f i LIBCMT:utility.obj
 0001:0001b4ce       ?configure_argv@__scrt_narrow_argv_policy@@SAHXZ 1001c4ce f i LIBCMT:utility.obj
 0001:0001b533       ?initialize_environment@__scrt_narrow_environment_policy@@SAHXZ 1001c533 f i LIBCMT:utility.obj
 0001:0001b579       _NtCurrentTeb              1001c579 f i LIBCMT:utility.obj
 0001:0001b580       ___scrt_acquire_startup_lock 1001c580 f   LIBCMT:utility.obj
 0001:0001b5be       ___scrt_dllmain_after_initialize_c 1001c5be f   LIBCMT:utility.obj
 0001:0001b5f3       ___scrt_dllmain_before_initialize_c 1001c5f3 f   LIBCMT:utility.obj
 0001:0001b604       ___scrt_dllmain_crt_thread_attach 1001c604 f   LIBCMT:utility.obj
 0001:0001b62a       ___scrt_dllmain_crt_thread_detach 1001c62a f   LIBCMT:utility.obj
 0001:0001b63a       ___scrt_dllmain_exception_filter 1001c63a f   LIBCMT:utility.obj
 0001:0001b67b       ___scrt_dllmain_uninitialize_c 1001c67b f   LIBCMT:utility.obj
 0001:0001b6a6       ___scrt_dllmain_uninitialize_critical 1001c6a6 f   LIBCMT:utility.obj
 0001:0001b6b6       ___scrt_initialize_crt     1001c6b6 f   LIBCMT:utility.obj
 0001:0001b6fd       ___scrt_initialize_onexit_tables 1001c6fd f   LIBCMT:utility.obj
 0001:0001b7cb       ___scrt_is_nonwritable_in_current_image 1001c7cb f   LIBCMT:utility.obj
 0001:0001b884       ___scrt_release_startup_lock 1001c884 f   LIBCMT:utility.obj
 0001:0001b8a8       ___scrt_uninitialize_crt   1001c8a8 f   LIBCMT:utility.obj
 0001:0001b8da       __onexit                   1001c8da f   LIBCMT:utility.obj
 0001:0001b923       _at_quick_exit             1001c923 f   LIBCMT:utility.obj
 0001:0001b960       _atexit                    1001c960 f   LIBCMT:utility.obj
 0001:0001b97a       ___scrt_get_dyn_tls_init_callback 1001c97a f   LIBCMT:dyn_tls_init.obj
 0001:0001b980       ___scrt_fastfail           1001c980 f   LIBCMT:utility_desktop.obj
 0001:0001bae0       ___scrt_get_show_window_mode 1001cae0 f   LIBCMT:utility_desktop.obj
 0001:0001bb1d       ___scrt_initialize_mta     1001cb1d f   LIBCMT:utility_desktop.obj
 0001:0001bb22       ___scrt_initialize_winrt   1001cb22 f   LIBCMT:utility_desktop.obj
 0001:0001bb25       ___scrt_is_managed_app     1001cb25 f   LIBCMT:utility_desktop.obj
 0001:0001bb78       ___scrt_set_unhandled_exception_filter 1001cb78 f   LIBCMT:utility_desktop.obj
 0001:0001bb87       ___scrt_exe_initialize_mta 1001cb87 f   LIBCMT:utility_desktop.obj
 0001:0001bb87       ___scrt_stub_for_initialize_mta 1001cb87 f   LIBCMT:utility_desktop.obj
 0001:0001bb8a       ___scrt_unhandled_exception_filter@4 1001cb8a f   LIBCMT:utility_desktop.obj
 0001:0001bbdb       __crt_debugger_hook        1001cbdb f   LIBCMT:utility_desktop.obj
 0001:0001bbe5       __RTC_Initialize           1001cbe5 f   LIBCMT:initsect.obj
 0001:0001bc1c       __RTC_Terminate            1001cc1c f   LIBCMT:initsect.obj
 0001:0001bc60       __SEH_prolog4              1001cc60 f   LIBCMT:sehprolg4.obj
 0001:0001bca6       __SEH_epilog4              1001cca6 f   LIBCMT:sehprolg4.obj
 0001:0001bcd1       @_guard_check_icall_nop@4  1001ccd1 f i LIBCMT:guard_support.obj
 0001:0001bcd2       _ReadNoFence               1001ccd2 f i LIBCMT:guard_support.obj
 0001:0001bcde       _ReadPointerNoFence        1001ccde f i LIBCMT:guard_support.obj
 0001:0001bcea       __guard_icall_checks_enforced 1001ccea f i LIBCMT:guard_support.obj
 0001:0001bd00       __get_startup_argv_mode    1001cd00 f   LIBCMT:argv_mode.obj
 0001:0001bd04       ___scrt_is_ucrt_dll_in_use 1001cd04 f   LIBCMT:ucrt_detection.obj
 0001:0001bd13       _GetModuleHandleA@4        1001cd13 f   kernel32:KERNEL32.dll
 0001:0001bd19       _GetProcAddress@8          1001cd19 f   kernel32:KERNEL32.dll
 0001:0001bd1f       _UnhandledExceptionFilter@4 1001cd1f f   kernel32:KERNEL32.dll
 0001:0001bd25       _SetUnhandledExceptionFilter@4 1001cd25 f   kernel32:KERNEL32.dll
 0001:0001bd2b       _GetCurrentProcess@0       1001cd2b f   kernel32:KERNEL32.dll
 0001:0001bd31       _TerminateProcess@8        1001cd31 f   kernel32:KERNEL32.dll
 0001:0001bd37       _IsProcessorFeaturePresent@4 1001cd37 f   kernel32:KERNEL32.dll
 0001:0001bd3d       _QueryPerformanceCounter@4 1001cd3d f   kernel32:KERNEL32.dll
 0001:0001bd43       _GetCurrentProcessId@0     1001cd43 f   kernel32:KERNEL32.dll
 0001:0001bd49       _GetCurrentThreadId@0      1001cd49 f   kernel32:KERNEL32.dll
 0001:0001bd4f       _GetSystemTimeAsFileTime@4 1001cd4f f   kernel32:KERNEL32.dll
 0001:0001bd55       _InitializeSListHead@4     1001cd55 f   kernel32:KERNEL32.dll
 0001:0001bd5b       _IsDebuggerPresent@0       1001cd5b f   kernel32:KERNEL32.dll
 0001:0001bd61       _GetStartupInfoW@4         1001cd61 f   kernel32:KERNEL32.dll
 0001:0001bd67       _GetModuleHandleW@4        1001cd67 f   kernel32:KERNEL32.dll
 0001:0001bd70       _memcpy                    1001cd70 f   libvcruntime:memcpy.obj
 0001:0001c450       _strchr                    1001d450 f   libvcruntime:strchr.obj
 0001:0001c4be       ___from_strstr_to_strchr   1001d4be     libvcruntime:strchr.obj
 0001:0001c5d0       _memmove                   1001d5d0 f   libvcruntime:memmove.obj
 0001:0001ccb0       _memset                    1001dcb0 f   libvcruntime:memset.obj
 0001:0001cea0       __except_handler4          1001dea0 f   libvcruntime:chandler4.obj
 0001:0001d05c       ??$?RD@__crt_internal_free_policy@@QBEXQBD@Z 1001e05c f i libvcruntime:std_type_info.obj
 0001:0001d070       ??$?RX@__crt_internal_free_policy@@QBEXQBX@Z 1001e070 f i libvcruntime:std_type_info.obj
 0001:0001d084       ??$__crt_interlocked_compare_exchange_pointer@$$CBDPAD$$T@@YAPBDPDSBDQAD$$T@Z 1001e084 f i libvcruntime:std_type_info.obj
 0001:0001d09a       ??$__crt_interlocked_read_pointer@$$CBD@@YAPBDPDSBD@Z 1001e09a f i libvcruntime:std_type_info.obj
 0001:0001d0a6       ??0?$__crt_unique_heap_ptr@DU__crt_internal_free_policy@@@@QAE@QAD@Z 1001e0a6 f i libvcruntime:std_type_info.obj
 0001:0001d0b7       ??0?$__crt_unique_heap_ptr@XU__crt_internal_free_policy@@@@QAE@QAX@Z 1001e0b7 f i libvcruntime:std_type_info.obj
 0001:0001d0c8       ??1?$__crt_unique_heap_ptr@DU__crt_internal_free_policy@@@@QAE@XZ 1001e0c8 f i libvcruntime:std_type_info.obj
 0001:0001d0dc       ??1?$__crt_unique_heap_ptr@XU__crt_internal_free_policy@@@@QAE@XZ 1001e0dc f i libvcruntime:std_type_info.obj
 0001:0001d0fc       ??B?$__crt_unique_heap_ptr@DU__crt_internal_free_policy@@@@QBE_NXZ 1001e0fc f i libvcruntime:std_type_info.obj
 0001:0001d103       ??B?$__crt_unique_heap_ptr@XU__crt_internal_free_policy@@@@QBE_NXZ 1001e103 f i libvcruntime:std_type_info.obj
 0001:0001d132       ?__crt_interlocked_read_32@@YAHPDH@Z 1001e132 f i libvcruntime:std_type_info.obj
 0001:0001d13e       ?detach@?$__crt_unique_heap_ptr@XU__crt_internal_free_policy@@@@QAEPAXXZ 1001e13e f i libvcruntime:std_type_info.obj
 0001:0001d144       ?get@?$__crt_unique_heap_ptr@DU__crt_internal_free_policy@@@@QBEPADXZ 1001e144 f i libvcruntime:std_type_info.obj
 0001:0001d147       ?get@?$__crt_unique_heap_ptr@XU__crt_internal_free_policy@@@@QBEPAXXZ 1001e147 f i libvcruntime:std_type_info.obj
 0001:0001d14a       ?is_valid@?$__crt_unique_heap_ptr@DU__crt_internal_free_policy@@@@QBE_NXZ 1001e14a f i libvcruntime:std_type_info.obj
 0001:0001d151       ?is_valid@?$__crt_unique_heap_ptr@XU__crt_internal_free_policy@@@@QBE_NXZ 1001e151 f i libvcruntime:std_type_info.obj
 0001:0001d158       ?release@?$__crt_unique_heap_ptr@DU__crt_internal_free_policy@@@@QAEXXZ 1001e158 f i libvcruntime:std_type_info.obj
 0001:0001d16c       ?release@?$__crt_unique_heap_ptr@XU__crt_internal_free_policy@@@@QAEXXZ 1001e16c f i libvcruntime:std_type_info.obj
 0001:0001d180       ___std_type_info_compare   1001e180 f   libvcruntime:std_type_info.obj
 0001:0001d1cb       ___std_type_info_destroy_list 1001e1cb f   libvcruntime:std_type_info.obj
 0001:0001d1f6       ___std_type_info_hash      1001e1f6 f   libvcruntime:std_type_info.obj
 0001:0001d225       ___std_type_info_name      1001e225 f   libvcruntime:std_type_info.obj
 0001:0001d318       ___vcrt_initialize         1001e318 f   libvcruntime:initialization.obj
 0001:0001d34b       ___vcrt_thread_attach      1001e34b f   libvcruntime:initialization.obj
 0001:0001d358       ___vcrt_thread_detach      1001e358 f   libvcruntime:initialization.obj
 0001:0001d365       ___vcrt_uninitialize       1001e365 f   libvcruntime:initialization.obj
 0001:0001d38b       ___vcrt_uninitialize_critical 1001e38b f   libvcruntime:initialization.obj
 0001:0001d3a0       __local_unwind4            1001e3a0 f   libvcruntime:exsup4.obj
 0001:0001d478       __seh_longjmp_unwind4@4    1001e478 f   libvcruntime:exsup4.obj
 0001:0001d4a0       @_EH4_CallFilterFunc@8     1001e4a0 f   libvcruntime:exsup4.obj
 0001:0001d4b8       @_EH4_TransferToHandler@8  1001e4b8 f   libvcruntime:exsup4.obj
 0001:0001d4d4       @_EH4_GlobalUnwind2@8      1001e4d4 f   libvcruntime:exsup4.obj
 0001:0001d4f0       @_EH4_LocalUnwind@16       1001e4f0 f   libvcruntime:exsup4.obj
 0001:0001d56d       ___except_validate_context_record 1001e56d f   libvcruntime:jbcxrval.obj
 0001:0001d5a9       ___except_validate_jump_buffer 1001e5a9 f   libvcruntime:jbcxrval.obj
 0001:0001d5e1       ___except_validate_jump_buffer_common 1001e5e1 f i libvcruntime:jbcxrval.obj
 0001:0001d628       ??0Block@_HeapManager@@QAE@XZ 1001e628 f i libvcruntime:undname.obj
 0001:0001d62e       ??0DName@@QAE@AAPBDD@Z     1001e62e f   libvcruntime:undname.obj
 0001:0001d70c       ??0DName@@QAE@ABV0@@Z      1001e70c f i libvcruntime:undname.obj
 0001:0001d727       ??0DName@@QAE@D@Z          1001e727 f   libvcruntime:undname.obj
 0001:0001d755       ??0DName@@QAE@PAV0@@Z      1001e755 f   libvcruntime:undname.obj
 0001:0001d7af       ??0DName@@QAE@PBD@Z        1001e7af f   libvcruntime:undname.obj
 0001:0001d7ee       ??0DName@@QAE@W4DNameStatus@@@Z 1001e7ee f   libvcruntime:undname.obj
 0001:0001d83e       ??0DName@@QAE@XZ           1001e83e f i libvcruntime:undname.obj
 0001:0001d84a       ??0DName@@QAE@_J@Z         1001e84a f   libvcruntime:undname.obj
 0001:0001d8f9       ??0DName@@QAE@_K@Z         1001e8f9 f   libvcruntime:undname.obj
 0001:0001d978       ??0DNameNode@@IAE@XZ       1001e978 f i libvcruntime:undname.obj
 0001:0001d983       ??0Replicator@@QAE@XZ      1001e983 f i libvcruntime:undname.obj
 0001:0001d994       ??0UnDecorator@@QAE@PBDP6APADJ@ZK@Z 1001e994 f i libvcruntime:undname.obj
 0001:0001d9f3       ??0charNode@@QAE@D@Z       1001e9f3 f i libvcruntime:undname.obj
 0001:0001da0d       ??0pDNameNode@@QAE@PAVDName@@@Z 1001ea0d f   libvcruntime:undname.obj
 0001:0001da3f       ??0pairNode@@QAE@PBVDNameNode@@0@Z 1001ea3f f i libvcruntime:undname.obj
 0001:0001da65       ??0pcharNode@@QAE@PBDH@Z   1001ea65 f   libvcruntime:undname.obj
 0001:0001dadb       ??2@YAPAXIAAV_HeapManager@@H@Z 1001eadb f i libvcruntime:undname.obj
 0001:0001daf5       ??4DName@@QAEAAV0@ABV0@@Z  1001eaf5 f   libvcruntime:undname.obj
 0001:0001db10       ??4DName@@QAEAAV0@D@Z      1001eb10 f i libvcruntime:undname.obj
 0001:0001db3e       ??4DName@@QAEAAV0@PAV0@@Z  1001eb3e f   libvcruntime:undname.obj
 0001:0001db90       ??4DName@@QAEAAV0@PBD@Z    1001eb90 f   libvcruntime:undname.obj
 0001:0001dbc5       ??4DName@@QAEAAV0@W4DNameStatus@@@Z 1001ebc5 f   libvcruntime:undname.obj
 0001:0001dc03       ??AReplicator@@QBE?AVDName@@H@Z 1001ec03 f   libvcruntime:undname.obj
 0001:0001dc5a       ??H@YA?AVDName@@DABV0@@Z   1001ec5a f i libvcruntime:undname.obj
 0001:0001dc84       ??H@YA?AVDName@@PBDABV0@@Z 1001ec84 f i libvcruntime:undname.obj
 0001:0001dcae       ??H@YA?AVDName@@W4DNameStatus@@ABV0@@Z 1001ecae f i libvcruntime:undname.obj
 0001:0001dcd8       ??HDName@@QBE?AV0@ABV0@@Z  1001ecd8 f   libvcruntime:undname.obj
 0001:0001dd02       ??HDName@@QBE?AV0@D@Z      1001ed02 f   libvcruntime:undname.obj
 0001:0001dd2c       ??HDName@@QBE?AV0@PAV0@@Z  1001ed2c f   libvcruntime:undname.obj
 0001:0001dd56       ??HDName@@QBE?AV0@PBD@Z    1001ed56 f   libvcruntime:undname.obj
 0001:0001dd80       ??HDName@@QBE?AV0@W4DNameStatus@@@Z 1001ed80 f   libvcruntime:undname.obj
 0001:0001ddaa       ??YDName@@QAEAAV0@ABV0@@Z  1001edaa f   libvcruntime:undname.obj
 0001:0001ddfb       ??YDName@@QAEAAV0@D@Z      1001edfb f   libvcruntime:undname.obj
 0001:0001de5f       ??YDName@@QAEAAV0@PAV0@@Z  1001ee5f f   libvcruntime:undname.obj
 0001:0001dedd       ??YDName@@QAEAAV0@PBD@Z    1001eedd f   libvcruntime:undname.obj
 0001:0001df56       ??YDName@@QAEAAV0@W4DNameStatus@@@Z 1001ef56 f   libvcruntime:undname.obj
 0001:0001dfa6       ??YReplicator@@QAEAAV0@ABVDName@@@Z 1001efa6 f   libvcruntime:undname.obj
 0001:0001e002       ??_5DName@@QAEAAV0@ABV0@@Z 1001f002 f   libvcruntime:undname.obj
 0001:0001e025       ?Constructor@_HeapManager@@QAEXP6APAXI@ZP6AXPAX@Z@Z 1001f025 f i libvcruntime:undname.obj
 0001:0001e049       ?Destructor@_HeapManager@@QAEXXZ 1001f049 f i libvcruntime:undname.obj
 0001:0001e08f       ?UScore@UnDecorator@@SAPBDW4Tokens@@@Z 1001f08f f   libvcruntime:undname.obj
 0001:0001e0b5       ?append@DName@@AAEXPBVDNameNode@@@Z 1001f0b5 f   libvcruntime:undname.obj
 0001:0001e10c       ?composeDeclaration@UnDecorator@@CA?AVDName@@ABV2@@Z 1001f10c f i libvcruntime:undname.obj
 0001:0001f120       ?doAccessSpecifiers@UnDecorator@@SAHXZ 10020120 f i libvcruntime:undname.obj
 0001:0001f131       ?doAllocationLanguage@UnDecorator@@SAHXZ 10020131 f i libvcruntime:undname.obj
 0001:0001f142       ?doAllocationModel@UnDecorator@@SAHXZ 10020142 f i libvcruntime:undname.obj
 0001:0001f153       ?doEcsu@UnDecorator@@SAHXZ 10020153 f i libvcruntime:undname.obj
 0001:0001f164       ?doEllipsis@UnDecorator@@SAHXZ 10020164 f i libvcruntime:undname.obj
 0001:0001f175       ?doFunctionReturns@UnDecorator@@SAHXZ 10020175 f i libvcruntime:undname.obj
 0001:0001f186       ?doMSKeywords@UnDecorator@@SAHXZ 10020186 f i libvcruntime:undname.obj
 0001:0001f196       ?doMemberTypes@UnDecorator@@SAHXZ 10020196 f i libvcruntime:undname.obj
 0001:0001f1a7       ?doNameOnly@UnDecorator@@SAHXZ 100201a7 f i libvcruntime:undname.obj
 0001:0001f1b4       ?doNoIdentCharCheck@UnDecorator@@SAHXZ 100201b4 f i libvcruntime:undname.obj
 0001:0001f1c1       ?doPchar@DName@@AAEXPBDH@Z 100201c1 f   libvcruntime:undname.obj
 0001:0001f268       ?doPtr64@UnDecorator@@SAHXZ 10020268 f i libvcruntime:undname.obj
 0001:0001f279       ?doRestrictionSpec@UnDecorator@@SAHXZ 10020279 f i libvcruntime:undname.obj
 0001:0001f28a       ?doThisTypes@UnDecorator@@SAHXZ 1002028a f i libvcruntime:undname.obj
 0001:0001f2a0       ?doThrowTypes@UnDecorator@@SAHXZ 100202a0 f i libvcruntime:undname.obj
 0001:0001f2b1       ?doTypeOnly@UnDecorator@@SAHXZ 100202b1 f i libvcruntime:undname.obj
 0001:0001f2be       ?doUnderScore@UnDecorator@@SAHXZ 100202be f i libvcruntime:undname.obj
 0001:0001f2cb       ?getArgumentList@UnDecorator@@CA?AVDName@@XZ 100202cb f   libvcruntime:undname.obj
 0001:0001f3fe       ?getArgumentTypes@UnDecorator@@CA?AVDName@@XZ 100203fe f   libvcruntime:undname.obj
 0001:0001f4fa       ?getArrayType@UnDecorator@@CA?AVDName@@ABV2@@Z 100204fa f i libvcruntime:undname.obj
 0001:0001f717       ?getBasedType@UnDecorator@@CA?AVDName@@XZ 10020717 f   libvcruntime:undname.obj
 0001:0001f7d5       ?getBasicDataType@UnDecorator@@CA?AVDName@@ABV2@@Z 100207d5 f   libvcruntime:undname.obj
 0001:0001fcab       ?getCHPEName@UnDecorator@@QAEPADPADH@Z 10020cab f i libvcruntime:undname.obj
 0001:0001fdc1       ?getCallIndex@UnDecorator@@CA?AVDName@@XZ 10020dc1 f i libvcruntime:undname.obj
 0001:0001fdda       ?getCallingConvention@UnDecorator@@CA?AVDName@@XZ 10020dda f   libvcruntime:undname.obj
 0001:0001fee1       ?getDataIndirectType@UnDecorator@@CA?AVDName@@ABV2@PBD0H@Z 10020ee1 f   libvcruntime:undname.obj
 0001:00020645       ?getDataIndirectType@UnDecorator@@CA?AVDName@@XZ 10021645 f i libvcruntime:undname.obj
 0001:00020683       ?getDataType@UnDecorator@@CA?AVDName@@PAV2@@Z 10021683 f   libvcruntime:undname.obj
 0001:00020779       ?getDecoratedName@UnDecorator@@CA?AVDName@@XZ 10021779 f   libvcruntime:undname.obj
 0001:00020a4b       ?getDimension@UnDecorator@@CA?AVDName@@_N@Z 10021a4b f   libvcruntime:undname.obj
 0001:00020bb1       ?getDispatchTarget@UnDecorator@@CA?AVDName@@XZ 10021bb1 f   libvcruntime:undname.obj
 0001:00020c1a       ?getDisplacement@UnDecorator@@CA?AVDName@@XZ 10021c1a f i libvcruntime:undname.obj
 0001:00020c33       ?getECSUDataType@UnDecorator@@CA?AVDName@@XZ 10021c33 f   libvcruntime:undname.obj
 0001:00020d91       ?getECSUName@UnDecorator@@CA?AVDName@@XZ 10021d91 f i libvcruntime:undname.obj
 0001:00020da6       ?getEnumType@UnDecorator@@CA?AVDName@@XZ 10021da6 f i libvcruntime:undname.obj
 0001:00020ed2       ?getExtendedDataIndirectType@UnDecorator@@CA?AVDName@@AAPBDAA_NH@Z 10021ed2 f   libvcruntime:undname.obj
 0001:000210f6       ?getExternalDataType@UnDecorator@@CA?AVDName@@ABV2@@Z 100220f6 f i libvcruntime:undname.obj
 0001:00021176       ?getFunctionIndirectType@UnDecorator@@CA?AVDName@@ABV2@@Z 10022176 f   libvcruntime:undname.obj
 0001:00021644       ?getGuardNumber@UnDecorator@@CA?AVDName@@XZ 10022644 f i libvcruntime:undname.obj
 0001:0002165d       ?getLastChar@DName@@QBEDXZ 1002265d f i libvcruntime:undname.obj
 0001:00021685       ?getLastChar@DNameStatusNode@@UBEDXZ 10022685 f i libvcruntime:undname.obj
 0001:00021694       ?getLastChar@charNode@@UBEDXZ 10022694 f i libvcruntime:undname.obj
 0001:00021698       ?getLastChar@pDNameNode@@UBEDXZ 10022698 f i libvcruntime:undname.obj
 0001:000216a9       ?getLastChar@pairNode@@UBEDXZ 100226a9 f i libvcruntime:undname.obj
 0001:000216eb       ?getLastChar@pcharNode@@UBEDXZ 100226eb f i libvcruntime:undname.obj
 0001:00021701       ?getLexicalFrame@UnDecorator@@CA?AVDName@@XZ 10022701 f i libvcruntime:undname.obj
 0001:0002174f       ?getMemory@_HeapManager@@QAEPAXIH@Z 1002274f f   libvcruntime:undname.obj
 0001:000217f7       ?getNoexcept@UnDecorator@@CA?AVDName@@XZ 100227f7 f   libvcruntime:undname.obj
 0001:0002184d       ?getNumberOfDimensions@UnDecorator@@CAHXZ 1002284d f   libvcruntime:undname.obj
 0001:000218c6       ?getOperatorName@UnDecorator@@CA?AVDName@@_NPA_N@Z 100228c6 f i libvcruntime:undname.obj
 0001:000220b4       ?getPointerType@UnDecorator@@CA?AVDName@@ABV2@0@Z 100230b4 f i libvcruntime:undname.obj
 0001:000220d9       ?getPointerTypeArray@UnDecorator@@CA?AVDName@@ABV2@0@Z 100230d9 f i libvcruntime:undname.obj
 0001:000220fe       ?getPrimaryDataType@UnDecorator@@CA?AVDName@@ABV2@@Z 100230fe f   libvcruntime:undname.obj
 0001:0002235b       ?getPtrRefDataType@UnDecorator@@CA?AVDName@@ABV2@H@Z 1002335b f   libvcruntime:undname.obj
 0001:000224ce       ?getPtrRefType@UnDecorator@@CA?AVDName@@ABV2@0PBD@Z 100234ce f   libvcruntime:undname.obj
 0001:00022606       ?getReferenceType@UnDecorator@@CA?AVDName@@ABV2@0PBD@Z 10023606 f i libvcruntime:undname.obj
 0001:00022629       ?getRestrictionSpec@UnDecorator@@CA?AVDName@@XZ 10023629 f   libvcruntime:undname.obj
 0001:00022760       ?getReturnType@UnDecorator@@CA?AVDName@@PAV2@@Z 10023760 f   libvcruntime:undname.obj
 0001:0002279a       ?getScope@UnDecorator@@CA?AVDName@@XZ 1002379a f   libvcruntime:undname.obj
 0001:00022c13       ?getScopedName@UnDecorator@@CA?AVDName@@XZ 10023c13 f   libvcruntime:undname.obj
 0001:00022d1c       ?getSignedDimension@UnDecorator@@CA?AVDName@@XZ 10023d1c f   libvcruntime:undname.obj
 0001:00022d81       ?getStorageConvention@UnDecorator@@CA?AVDName@@XZ 10023d81 f i libvcruntime:undname.obj
 0001:00022d96       ?getString@DName@@QBEPADPAD0@Z 10023d96 f i libvcruntime:undname.obj
 0001:00022dce       ?getString@DName@@QBEPADPADH@Z 10023dce f i libvcruntime:undname.obj
 0001:00022e39       ?getString@DNameStatusNode@@UBEPADPAD0@Z 10023e39 f i libvcruntime:undname.obj
 0001:00022e69       ?getString@charNode@@UBEPADPAD0@Z 10023e69 f i libvcruntime:undname.obj
 0001:00022e83       ?getString@pDNameNode@@UBEPADPAD0@Z 10023e83 f i libvcruntime:undname.obj
 0001:00022e9f       ?getString@pairNode@@UBEPADPAD0@Z 10023e9f f i libvcruntime:undname.obj
 0001:00022ef6       ?getString@pcharNode@@UBEPADPAD0@Z 10023ef6 f i libvcruntime:undname.obj
 0001:00022f17       ?getStringEncoding@UnDecorator@@CA?AVDName@@PBDH@Z 10023f17 f   libvcruntime:undname.obj
 0001:00022ff3       ?getStringHelper@@YAPADPADPBD1H@Z 10023ff3 f i libvcruntime:undname.obj
 0001:00023037       ?getSymbolName@UnDecorator@@CA?AVDName@@XZ 10024037 f i libvcruntime:undname.obj
 0001:00023091       ?getTemplateArgumentList@UnDecorator@@CA?AVDName@@XZ 10024091 f   libvcruntime:undname.obj
 0001:000233d5       ?getTemplateConstant@UnDecorator@@CA?AVDName@@XZ 100243d5 f   libvcruntime:undname.obj
 0001:000237d3       ?getTemplateName@UnDecorator@@CA?AVDName@@_N@Z 100247d3 f   libvcruntime:undname.obj
 0001:0002398d       ?getThisType@UnDecorator@@CA?AVDName@@XZ 1002498d f i libvcruntime:undname.obj
 0001:000239cc       ?getThrowTypes@UnDecorator@@CA?AVDName@@XZ 100249cc f   libvcruntime:undname.obj
 0001:000239f7       ?getTypeEncoding@UnDecorator@@CAHXZ 100249f7 f i libvcruntime:undname.obj
 0001:00023de9       ?getUndecoratedName@UnDecorator@@QAEPADPADH@Z 10024de9 f i libvcruntime:undname.obj
 0001:00023ede       ?getVCallThunkType@UnDecorator@@CA?AVDName@@XZ 10024ede f i libvcruntime:undname.obj
 0001:00023f36       ?getVbTableType@UnDecorator@@CA?AVDName@@ABV2@@Z 10024f36 f i libvcruntime:undname.obj
 0001:00023f50       ?getVdispMapType@UnDecorator@@CA?AVDName@@ABV2@@Z 10024f50 f i libvcruntime:undname.obj
 0001:00023fb9       ?getVfTableType@UnDecorator@@CA?AVDName@@ABV2@@Z 10024fb9 f i libvcruntime:undname.obj
 0001:00024174       ?getZName@UnDecorator@@CA?AVDName@@_N0@Z 10025174 f   libvcruntime:undname.obj
 0001:000243f2       ?haveTemplateParameters@UnDecorator@@SAHXZ 100253f2 f i libvcruntime:undname.obj
 0001:000243ff       ?isArray@DName@@QBEHXZ     100253ff f i libvcruntime:undname.obj
 0001:0002440b       ?isComArray@DName@@QBEHXZ  1002540b f i libvcruntime:undname.obj
 0001:00024417       ?isEmpty@DName@@QBEHXZ     10025417 f i libvcruntime:undname.obj
 0001:00024421       ?isFull@Replicator@@QBEHXZ 10025421 f i libvcruntime:undname.obj
 0001:0002442c       ?isNoTE@DName@@QBEHXZ      1002542c f i libvcruntime:undname.obj
 0001:00024438       ?isPinPtr@DName@@QBEHXZ    10025438 f i libvcruntime:undname.obj
 0001:00024444       ?isPtrRef@DName@@QBEHXZ    10025444 f i libvcruntime:undname.obj
 0001:00024450       ?isUDC@DName@@QBEHXZ       10025450 f i libvcruntime:undname.obj
 0001:00024465       ?isUDTThunk@DName@@QBEHXZ  10025465 f i libvcruntime:undname.obj
 0001:0002447a       ?isVCallThunk@DName@@QBEHXZ 1002547a f i libvcruntime:undname.obj
 0001:00024486       ?isValid@DName@@QBEHXZ     10025486 f i libvcruntime:undname.obj
 0001:00024492       ?length@DName@@QBEHXZ      10025492 f i libvcruntime:undname.obj
 0001:000244b8       ?length@DNameStatusNode@@UBEHXZ 100254b8 f i libvcruntime:undname.obj
 0001:000244bc       ?length@charNode@@UBEHXZ   100254bc f i libvcruntime:undname.obj
 0001:000244c0       ?length@pDNameNode@@UBEHXZ 100254c0 f i libvcruntime:undname.obj
 0001:000244d1       ?length@pairNode@@UBEHXZ   100254d1 f i libvcruntime:undname.obj
 0001:00024528       ?length@pcharNode@@UBEHXZ  10025528 f i libvcruntime:undname.obj
 0001:0002452c       ?make@DNameStatusNode@@SAPBV1@W4DNameStatus@@@Z 1002552c f i libvcruntime:undname.obj
 0001:0002454f       ?parseDecoratedName@UnDecorator@@CA?AVDName@@XZ 1002554f f   libvcruntime:undname.obj
 0001:00024678       ?setIsArray@DName@@QAEXXZ  10025678 f i libvcruntime:undname.obj
 0001:00024682       ?setIsComArray@DName@@QAEXXZ 10025682 f i libvcruntime:undname.obj
 0001:0002468c       ?setIsNoTE@DName@@QAEXXZ   1002568c f i libvcruntime:undname.obj
 0001:00024696       ?setIsPinPtr@DName@@QAEXXZ 10025696 f i libvcruntime:undname.obj
 0001:000246a0       ?setIsUDC@DName@@QAEXXZ    100256a0 f i libvcruntime:undname.obj
 0001:000246b0       ?setIsVCallThunk@DName@@QAEXXZ 100256b0 f i libvcruntime:undname.obj
 0001:000246ba       ?setPtrRef@DName@@QAEAAV1@XZ 100256ba f i libvcruntime:undname.obj
 0001:000246c6       ?status@DName@@QBE?AW4DNameStatus@@XZ 100256c6 f i libvcruntime:undname.obj
 0001:0002474b       ___unDName                 1002574b f   libvcruntime:undname.obj
 0001:00024776       ___unDNameEx               10025776 f   libvcruntime:undname.obj
 0001:0002483c       __vsprintf_s_l             1002583c f i libvcruntime:undname.obj
 0001:00024874       _sprintf_s                 10025874 f i libvcruntime:undname.obj
 0001:00024897       _unDNameGenerateCHPE       10025897 f   libvcruntime:undname.obj
 0001:0002490a       ??$?RU__vcrt_ptd@@@__crt_internal_free_policy@@QBEXQBU__vcrt_ptd@@@Z 1002590a f i libvcruntime:per_thread_data.obj
 0001:0002491e       ??0?$__crt_unique_heap_ptr@U__vcrt_ptd@@U__crt_internal_free_policy@@@@QAE@QAU__vcrt_ptd@@@Z 1002591e f i libvcruntime:per_thread_data.obj
 0001:00024941       ??1?$__crt_unique_heap_ptr@U__vcrt_ptd@@U__crt_internal_free_policy@@@@QAE@XZ 10025941 f i libvcruntime:per_thread_data.obj
 0001:00024960       ??B?$__crt_unique_heap_ptr@U__vcrt_ptd@@U__crt_internal_free_policy@@@@QBE_NXZ 10025960 f i libvcruntime:per_thread_data.obj
 0001:00024967       ?detach@?$__crt_unique_heap_ptr@U__vcrt_ptd@@U__crt_internal_free_policy@@@@QAEPAU__vcrt_ptd@@XZ 10025967 f i libvcruntime:per_thread_data.obj
 0001:0002496d       ?get@?$__crt_unique_heap_ptr@U__vcrt_ptd@@U__crt_internal_free_policy@@@@QBEPAU__vcrt_ptd@@XZ 1002596d f i libvcruntime:per_thread_data.obj
 0001:00024970       ?is_valid@?$__crt_unique_heap_ptr@U__vcrt_ptd@@U__crt_internal_free_policy@@@@QBE_NXZ 10025970 f i libvcruntime:per_thread_data.obj
 0001:00024977       ?release@?$__crt_unique_heap_ptr@U__vcrt_ptd@@U__crt_internal_free_policy@@@@QAEXXZ 10025977 f i libvcruntime:per_thread_data.obj
 0001:000249ab       ___vcrt_freefls@4          100259ab f   libvcruntime:per_thread_data.obj
 0001:000249ce       ___vcrt_freeptd            100259ce f   libvcruntime:per_thread_data.obj
 0001:00024a11       ___vcrt_getptd             10025a11 f   libvcruntime:per_thread_data.obj
 0001:00024a22       ___vcrt_getptd_noexit      10025a22 f   libvcruntime:per_thread_data.obj
 0001:00024ad8       ___vcrt_getptd_noinit      10025ad8 f   libvcruntime:per_thread_data.obj
 0001:00024b1c       ___vcrt_initialize_ptd     10025b1c f   libvcruntime:per_thread_data.obj
 0001:00024b5b       ___vcrt_uninitialize_ptd   10025b5b f   libvcruntime:per_thread_data.obj
 0001:00024b7c       ___vcrt_initialize_locks   10025b7c f   libvcruntime:locks.obj
 0001:00024bc7       ___vcrt_lock               10025bc7 f   libvcruntime:locks.obj
 0001:00024be1       ___vcrt_uninitialize_locks 10025be1 f   libvcruntime:locks.obj
 0001:00024c1b       ___vcrt_unlock             10025c1b f   libvcruntime:locks.obj
 0001:00024c35       ??$?BX@__crt_fast_encoded_nullptr_t@@QBEPAXXZ 10025c35 f i libvcruntime:winapi_downlevel.obj
 0001:00024c3b       ??$__crt_fast_decode_pointer@PAX@@YAPAXQAX@Z 10025c3b f i libvcruntime:winapi_downlevel.obj
 0001:00024c54       ??$__crt_fast_encode_pointer@PAX@@YAPAXQAX@Z 10025c54 f i libvcruntime:winapi_downlevel.obj
 0001:00024c78       ??$__crt_interlocked_exchange_pointer@UHINSTANCE__@@PAU1@@@YAPAUHINSTANCE__@@PDSAU0@QAU0@@Z 10025c78 f i libvcruntime:winapi_downlevel.obj
 0001:00024c88       ??$__crt_interlocked_exchange_pointer@UHINSTANCE__@@PAX@@YAPAUHINSTANCE__@@PDSAU0@QAX@Z 10025c88 f i libvcruntime:winapi_downlevel.obj
 0001:00024c98       ??$__crt_interlocked_exchange_pointer@XPAX@@YAPAXPDSAXQAX@Z 10025c98 f i libvcruntime:winapi_downlevel.obj
 0001:00024ca8       ??$__crt_interlocked_read_pointer@UHINSTANCE__@@@@YAPAUHINSTANCE__@@PDSAU0@@Z 10025ca8 f i libvcruntime:winapi_downlevel.obj
 0001:00024cb4       ??$__crt_interlocked_read_pointer@X@@YAPAXPDSAX@Z 10025cb4 f i libvcruntime:winapi_downlevel.obj
 0001:00024cc0       ?__crt_fast_encode_pointer@@YA?AU__crt_fast_encoded_nullptr_t@@$$T@Z 10025cc0 f i libvcruntime:winapi_downlevel.obj
 0001:00024ff3       ___vcrt_FlsAlloc           10025ff3 f   libvcruntime:winapi_downlevel.obj
 0001:0002503c       ___vcrt_FlsFree            1002603c f   libvcruntime:winapi_downlevel.obj
 0001:00025085       ___vcrt_FlsGetValue        10026085 f   libvcruntime:winapi_downlevel.obj
 0001:000250ce       ___vcrt_FlsSetValue        100260ce f   libvcruntime:winapi_downlevel.obj
 0001:0002511b       ___vcrt_InitializeCriticalSectionEx 1002611b f   libvcruntime:winapi_downlevel.obj
 0001:00025173       ___vcrt_initialize_winapi_thunks 10026173 f   libvcruntime:winapi_downlevel.obj
 0001:000251a6       ___vcrt_uninitialize_winapi_thunks 100261a6 f   libvcruntime:winapi_downlevel.obj
 0001:000251e4       ??$?B$$A6AXXZ@__crt_fast_encoded_nullptr_t@@QBEP6AXXZXZ 100261e4 f i libvcruntime:purevirt_data.obj
 0001:000251ea       ??$__crt_fast_encode_pointer@P6AXXZ@@YAP6AXXZQ6AXXZ@Z 100261ea f i libvcruntime:purevirt_data.obj
 0001:0002520e       ___vcrt_initialize_pure_virtual_call_handler 1002620e f   libvcruntime:purevirt_data.obj
 0001:00025220       __global_unwind2           10026220 f   libvcruntime:exsup.obj
 0001:00025286       __local_unwind2            10026286 f   libvcruntime:exsup.obj
 0001:0002530a       __abnormal_termination     1002630a f   libvcruntime:exsup.obj
 0001:00025330       __NLG_Notify1              10026330 f   libvcruntime:exsup.obj
 0001:0002533c       __NLG_Notify               1002633c f   libvcruntime:exsup.obj
 0001:00025353       __NLG_Dispatch2            10026353     libvcruntime:exsup.obj
 0001:00025353       __NLG_Dispatch             10026353     libvcruntime:exsup.obj
 0001:0002535b       __NLG_Call                 1002635b f   libvcruntime:exsup.obj
 0001:0002535d       __NLG_Return2              1002635d     libvcruntime:exsup.obj
 0001:000253ad       ??$__crt_fast_decode_pointer@P6AXXZ@@YAP6AXXZQ6AXXZ@Z 100263ad f i libvcruntime:purevirt.obj
 0001:000253c6       ??$__crt_interlocked_exchange_pointer@$$A6AXXZP6AXXZ@@YAP6AXXZPDS6AXXZQ6AXXZ@Z 100263c6 f i libvcruntime:purevirt.obj
 0001:000253d6       ??$__crt_interlocked_read_pointer@$$A6AXXZ@@YAP6AXXZPDS6AXXZ@Z 100263d6 f i libvcruntime:purevirt.obj
 0001:000253e2       __get_purecall_handler     100263e2 f   libvcruntime:purevirt.obj
 0001:000253fc       __purecall                 100263fc f   libvcruntime:purevirt.obj
 0001:0002541f       __set_purecall_handler     1002641f f   libvcruntime:purevirt.obj
 0001:0002544d       ??$?0AAViterator@TryBlockMap@__FrameHandler3@@AAV012@$0A@@?$pair@Viterator@TryBlockMap@__FrameHandler3@@V123@@std@@QAE@AAViterator@TryBlockMap@__FrameHandler3@@0@Z 1002644d f i libvcruntime:trnsctrl.obj
 0001:0002547a       ??$forward@AAViterator@TryBlockMap@__FrameHandler3@@@std@@YAAAViterator@TryBlockMap@__FrameHandler3@@AAV123@@Z 1002647a f i libvcruntime:trnsctrl.obj
 0001:00025484       ??0iterator@TryBlockMap@__FrameHandler3@@QAE@AAV12@I@Z 10026484 f i libvcruntime:trnsctrl.obj
 0001:0002549d       ?GetRangeOfTrysToCheck@__FrameHandler3@@SA?AU?$pair@Viterator@TryBlockMap@__FrameHandler3@@V123@@std@@AAVTryBlockMap@1@HH@Z 1002649d f   libvcruntime:trnsctrl.obj
 0001:0002553f       ?_CallCatchBlock2@@YAPAXPAUEHRegistrationNode@@PBU_s_FuncInfo@@PAXHK@Z 1002653f f   libvcruntime:trnsctrl.obj
 0001:000255b4       ?_CallSETranslator@@YAHPAUEHExceptionRecord@@PAUEHRegistrationNode@@PAX2PBU_s_FuncInfo@@H1@Z 100265b4 f   libvcruntime:trnsctrl.obj
 0001:000256c5       ?_JumpToContinuation@@YGXPAXPAUEHRegistrationNode@@@Z 100266c5 f   libvcruntime:trnsctrl.obj
 0001:00025701       ?_UnwindNestedFrames@@YGXPAUEHRegistrationNode@@PAUEHExceptionRecord@@@Z 10026701 f   libvcruntime:trnsctrl.obj
 0001:00025768       ?getFuncInfo@TryBlockMap@__FrameHandler3@@QAEPBU_s_FuncInfo@@XZ 10026768 f i libvcruntime:trnsctrl.obj
 0001:0002576b       __CatchGuardHandler        1002676b f   libvcruntime:trnsctrl.obj
 0001:000257a8       __CreateFrameInfo          100267a8 f   libvcruntime:trnsctrl.obj
 0001:000257d5       __FindAndUnlinkFrame       100267d5 f   libvcruntime:trnsctrl.obj
 0001:0002582b       __TranslatorGuardHandler   1002682b f   libvcruntime:trnsctrl.obj
 0001:000258ef       ___CxxFrameHandler         100268ef f   libvcruntime:trnsctrl.obj
 0001:00025932       ___CxxFrameHandler2        10026932 f   libvcruntime:trnsctrl.obj
 0001:00025975       ___CxxFrameHandler3        10026975 f   libvcruntime:trnsctrl.obj
 0001:000259b8       ___CxxLongjmpUnwind@4      100269b8 f   libvcruntime:trnsctrl.obj
 0001:00026299       ??$TypeMatchHelper@V__FrameHandler3@@@@YAHPBU_s_HandlerType@@PBU_s_CatchableType@@PBU_s_ThrowInfo@@@Z 10027299 f i libvcruntime:frame.obj
 0001:0002634a       ??$__InternalCxxFrameHandler@V__FrameHandler3@@@@YA?AW4_EXCEPTION_DISPOSITION@@PAUEHExceptionRecord@@PAUEHRegistrationNode@@PAU_CONTEXT@@PAXPBU_s_FuncInfo@@H1E@Z 1002734a f i libvcruntime:frame.obj
 0001:0002648c       ??0HandlerMap@__FrameHandler3@@QAE@PBU_s_TryBlockMapEntry@@PAX@Z 1002748c f i libvcruntime:frame.obj
 0001:000264a8       ??0TryBlockMap@__FrameHandler3@@QAE@PBU_s_FuncInfo@@PAX@Z 100274a8 f i libvcruntime:frame.obj
 0001:000264c1       ??0bad_exception@std@@QAE@ABV01@@Z 100274c1 f i libvcruntime:frame.obj
 0001:000264e2       ??0bad_exception@std@@QAE@XZ 100274e2 f i libvcruntime:frame.obj
 0001:00026500       ??0exception@std@@QAE@ABV01@@Z 10027500 f i libvcruntime:frame.obj
 0001:00026537       ??0exception@std@@QAE@QBDH@Z 10027537 f i libvcruntime:frame.obj
 0001:0002655b       ??0iterator@HandlerMap@__FrameHandler3@@QAE@AAV12@I@Z 1002755b f i libvcruntime:frame.obj
 0001:00026574       ??1bad_exception@std@@UAE@XZ 10027574 f i libvcruntime:frame.obj
 0001:00026589       ??1exception@std@@UAE@XZ   10027589 f i libvcruntime:frame.obj
 0001:0002659e       ??8iterator@HandlerMap@__FrameHandler3@@QBE_NABV012@@Z 1002759e f i libvcruntime:frame.obj
 0001:000265b5       ??8type_info@@QBE_NABV0@@Z 100275b5 f i libvcruntime:frame.obj
 0001:000265db       ??9iterator@HandlerMap@__FrameHandler3@@QBE_NABV012@@Z 100275db f i libvcruntime:frame.obj
 0001:000265f2       ??Diterator@HandlerMap@__FrameHandler3@@QAEPBU_s_HandlerType@@XZ 100275f2 f i libvcruntime:frame.obj
 0001:00026601       ??Diterator@TryBlockMap@__FrameHandler3@@QAEPBU_s_TryBlockMapEntry@@XZ 10027601 f i libvcruntime:frame.obj
 0001:00026610       ??Eiterator@HandlerMap@__FrameHandler3@@QAEAAV012@XZ 10027610 f i libvcruntime:frame.obj
 0001:00026616       ??Eiterator@TryBlockMap@__FrameHandler3@@QAEAAV012@XZ 10027616 f i libvcruntime:frame.obj
 0001:0002661c       ??Miterator@TryBlockMap@__FrameHandler3@@QBE_NABV012@@Z 1002761c f i libvcruntime:frame.obj
 0001:00026633       ??_Ebad_exception@std@@UAEPAXI@Z 10027633 f i libvcruntime:frame.obj
 0001:00026633       ??_Gbad_exception@std@@UAEPAXI@Z 10027633 f i libvcruntime:frame.obj
 0001:0002666b       ??_Gexception@std@@UAEPAXI@Z 1002766b f i libvcruntime:frame.obj
 0001:0002666b       ??_Eexception@std@@UAEPAXI@Z 1002766b f i libvcruntime:frame.obj
 0001:000266a3       ?BuildCatchObject@__FrameHandler3@@SAXPAUEHExceptionRecord@@PAXPBU_s_HandlerType@@PBU_s_CatchableType@@@Z 100276a3 f   libvcruntime:frame.obj
 0001:000266a8       ?BuildCatchObjectHelper@__FrameHandler3@@SAHPAUEHExceptionRecord@@PAXPBU_s_HandlerType@@PBU_s_CatchableType@@@Z 100276a8 f   libvcruntime:frame.obj
 0001:0002698c       ?FrameUnwindToEmptyState@__FrameHandler3@@SAXPAUEHRegistrationNode@@PAXPBU_s_FuncInfo@@@Z 1002798c f   libvcruntime:frame.obj
 0001:000269aa       ?FrameUnwindToState@__FrameHandler3@@SAXPAUEHRegistrationNode@@PAXPBU_s_FuncInfo@@H@Z 100279aa f   libvcruntime:frame.obj
 0001:00026acc       ?GetMaxState@__FrameHandler3@@SAHPAXPBU_s_FuncInfo@@@Z 10027acc f i libvcruntime:frame.obj
 0001:00026be0       ?TypeMatch@__FrameHandler3@@SAHPBU_s_HandlerType@@PBU_s_CatchableType@@PBU_s_ThrowInfo@@@Z 10027be0 f   libvcruntime:frame.obj
 0001:00026beb       ?_CallMemberFunction1@@YGXQAX00@Z 10027beb f i libvcruntime:frame.obj
 0001:00026bff       ?_CallMemberFunction2@@YGXQAX00H@Z 10027bff f i libvcruntime:frame.obj
 0001:00026c16       ?_ValidateExecute@@YA_NP6GHXZ@Z 10027c16 f i libvcruntime:frame.obj
 0001:00026c25       ?_ValidateRead@@YA_NPBXI@Z 10027c25 f i libvcruntime:frame.obj
 0001:00026c34       ?_ValidateWrite@@YA_NPAXI@Z 10027c34 f i libvcruntime:frame.obj
 0001:00026c43       ?begin@HandlerMap@__FrameHandler3@@QAE?AViterator@12@XZ 10027c43 f i libvcruntime:frame.obj
 0001:00026c57       ?end@HandlerMap@__FrameHandler3@@QAE?AViterator@12@XZ 10027c57 f i libvcruntime:frame.obj
 0001:00026c6c       ?getESTypes@__FrameHandler3@@SAPBU_s_ESTypeList@@PBU_s_FuncInfo@@@Z 10027c6c f i libvcruntime:frame.obj
 0001:00026c79       ?getLastEntry@HandlerMap@__FrameHandler3@@QAEPBU_s_HandlerType@@XZ 10027c79 f i libvcruntime:frame.obj
 0001:00026c8a       ?getMagicNum@__FrameHandler3@@SAIPBU_s_FuncInfo@@@Z 10027c8a f i libvcruntime:frame.obj
 0001:00026c9c       ?getNumTryBlocks@TryBlockMap@__FrameHandler3@@QAEIXZ 10027c9c f i libvcruntime:frame.obj
 0001:00026ca2       ?isEHs@__FrameHandler3@@SA_NPBU_s_FuncInfo@@@Z 10027ca2 f i libvcruntime:frame.obj
 0001:00026cb2       ?isNoExcept@__FrameHandler3@@SA_NPBU_s_FuncInfo@@@Z 10027cb2 f i libvcruntime:frame.obj
 0001:00026cc6       ?what@exception@std@@UBEPBDXZ 10027cc6 f i libvcruntime:frame.obj
 0001:00026cd6       ___BuildCatchObject        10027cd6 f   libvcruntime:frame.obj
 0001:00026cdb       ___BuildCatchObjectHelper  10027cdb f   libvcruntime:frame.obj
 0001:00026ce6       ___TypeMatch               10027ce6 f   libvcruntime:frame.obj
 0001:00026cf1       ___vcrt_EncodePointer      10027cf1 f i libvcruntime:frame.obj
 0001:00026d10       __CallSettingFrame@12      10027d10 f   libvcruntime:lowhelpr.obj
 0001:00026d37       __NLG_Return               10027d37     libvcruntime:lowhelpr.obj
 0001:00026d88       __get_unexpected           10027d88 f   libvcruntime:unexpected.obj
 0001:00026d9e       _set_unexpected            10027d9e f   libvcruntime:unexpected.obj
 0001:00026dc3       _unexpected                10027dc3 f   libvcruntime:unexpected.obj
 0001:00026de7       ?GetCurrentState@__FrameHandler3@@SAHPAUEHRegistrationNode@@PAXPBU_s_FuncInfo@@@Z 10027de7 f   libvcruntime:ehstate.obj
 0001:00026e0b       ?SetState@__FrameHandler3@@SAXPAUEHRegistrationNode@@PBU_s_FuncInfo@@H@Z 10027e0b f   libvcruntime:ehstate.obj
 0001:00026e1c       ___DestructExceptionObject 10027e1c f   libvcruntime:ehhelpers.obj
 0001:00026ee4       ?_CallMemberFunction0@@YGXQAX0@Z 10027ee4 f i libvcruntime:ehhelpers.obj
 0001:00026ef4       ?raw_name@type_info@@QBEPBDXZ 10027ef4 f i libvcruntime:ehhelpers.obj
 0001:00026ef8       __IsExceptionObjectToBeDestroyed 10027ef8 f   libvcruntime:ehhelpers.obj
 0001:00026f27       __SetWinRTOutOfMemoryExceptionCallback 10027f27 f   libvcruntime:ehhelpers.obj
 0001:00026f37       ___AdjustPointer           10027f37 f   libvcruntime:ehhelpers.obj
 0001:00026f65       ___FrameUnwindFilter       10027f65 f   libvcruntime:ehhelpers.obj
 0001:00026fbb       ___GetPlatformExceptionInfo 10027fbb f   libvcruntime:ehhelpers.obj
 0001:0002701a       ___current_exception       1002801a f   libvcruntime:ehhelpers.obj
 0001:00027025       ___current_exception_context 10028025 f   libvcruntime:ehhelpers.obj
 0001:00027030       ___processing_throw        10028030 f   libvcruntime:ehhelpers.obj
 0001:0002703b       ___std_terminate           1002803b f   libvcruntime:ehhelpers.obj
 0001:00027040       __is_exception_typeof      10028040 f   libvcruntime:ehhelpers.obj
 0001:0002710d       ??$?RD@__crt_public_free_policy@@QBEXQBD@Z 1002810d f i libvcruntime:std_exception.obj
 0001:00027121       ??0?$__crt_unique_heap_ptr@DU__crt_public_free_policy@@@@QAE@QAD@Z 10028121 f i libvcruntime:std_exception.obj
 0001:00027132       ??1?$__crt_unique_heap_ptr@DU__crt_public_free_policy@@@@QAE@XZ 10028132 f i libvcruntime:std_exception.obj
 0001:00027146       ??B?$__crt_unique_heap_ptr@DU__crt_public_free_policy@@@@QBE_NXZ 10028146 f i libvcruntime:std_exception.obj
 0001:0002714d       ?detach@?$__crt_unique_heap_ptr@DU__crt_public_free_policy@@@@QAEPADXZ 1002814d f i libvcruntime:std_exception.obj
 0001:00027153       ?get@?$__crt_unique_heap_ptr@DU__crt_public_free_policy@@@@QBEPADXZ 10028153 f i libvcruntime:std_exception.obj
 0001:00027156       ?is_valid@?$__crt_unique_heap_ptr@DU__crt_public_free_policy@@@@QBE_NXZ 10028156 f i libvcruntime:std_exception.obj
 0001:0002715d       ?release@?$__crt_unique_heap_ptr@DU__crt_public_free_policy@@@@QAEXXZ 1002815d f i libvcruntime:std_exception.obj
 0001:00027171       ___std_exception_copy      10028171 f   libvcruntime:std_exception.obj
 0001:000271ec       ___std_exception_destroy   100281ec f   libvcruntime:std_exception.obj
 0001:00027212       __CxxThrowException@8      10028212 f   libvcruntime:throw.obj
 0001:0002729a       _malloc                    1002829a f   libucrt:malloc.obj
 0001:000272a7       _free                      100282a7 f   libucrt:free.obj
 0001:000272cb       ??$?RPAU__crt_stdio_stream_data@@@__crt_internal_free_policy@@QBEXQBQAU__crt_stdio_stream_data@@@Z 100282cb f i libucrt:_file.obj
 0001:000272e1       ??0?$__crt_unique_heap_ptr@PAU__crt_stdio_stream_data@@U__crt_internal_free_policy@@@@QAE@QAPAU__crt_stdio_stream_data@@@Z 100282e1 f i libucrt:_file.obj
 0001:000272f5       ??0__crt_stdio_stream@@QAE@QAU_iobuf@@@Z 100282f5 f i libucrt:_file.obj
 0001:00027309       ??1?$__crt_unique_heap_ptr@PAU__crt_stdio_stream_data@@U__crt_internal_free_policy@@@@QAE@XZ 10028309 f i libucrt:_file.obj
 0001:0002731f       ??C__crt_stdio_stream@@QBEPAU__crt_stdio_stream_data@@XZ 1002831f f i libucrt:_file.obj
 0001:00027322       ?detach@?$__crt_unique_heap_ptr@PAU__crt_stdio_stream_data@@U__crt_internal_free_policy@@@@QAEPAPAU__crt_stdio_stream_data@@XZ 10028322 f i libucrt:_file.obj
 0001:00027328       ?release@?$__crt_unique_heap_ptr@PAU__crt_stdio_stream_data@@U__crt_internal_free_policy@@@@QAEXXZ 10028328 f i libucrt:_file.obj
 0001:0002733e       ___acrt_initialize_stdio   1002833e f   libucrt:_file.obj
 0001:00027438       ___acrt_iob_func           10028438 f   libucrt:_file.obj
 0001:0002744c       ___acrt_uninitialize_stdio 1002844c f   libucrt:_file.obj
 0001:000274ab       __get_stream_buffer_pointers 100284ab f   libucrt:_file.obj
 0001:00027502       __lock_file                10028502 f   libucrt:_file.obj
 0001:0002751b       __unlock_file              1002851b f   libucrt:_file.obj
 0001:00027534       ??$?0ABV?$stream_output_adapter@D@__crt_stdio_output@@AB_KABQBDABQAU__crt_locale_pointers@@ABQAD@?$format_validation_base@DV?$stream_output_adapter@D@__crt_stdio_output@@@__crt_stdio_output@@IAE@ABV?$stream_output_adapter@D@1@AB_KABQBDABQAU__crt_locale_pointers@@ABQAD@Z 10028534 f i libucrt:output.obj
 0001:0002755f       ??$?0ABV?$stream_output_adapter@D@__crt_stdio_output@@AB_KABQBDABQAU__crt_locale_pointers@@ABQAD@?$positional_parameter_base@DV?$stream_output_adapter@D@__crt_stdio_output@@@__crt_stdio_output@@IAE@ABV?$stream_output_adapter@D@1@AB_KABQBDABQAU__crt_locale_pointers@@ABQAD@Z 1002855f f i libucrt:output.obj
 0001:000275b9       ??$?0ABV?$stream_output_adapter@D@__crt_stdio_output@@AB_KABQBDABQAU__crt_locale_pointers@@ABQAD@?$standard_base@DV?$stream_output_adapter@D@__crt_stdio_output@@@__crt_stdio_output@@IAE@ABV?$stream_output_adapter@D@1@AB_KABQBDABQAU__crt_locale_pointers@@ABQAD@Z 100285b9 f i libucrt:output.obj
 0001:000275fb       ??$?0ABV?$stream_output_adapter@_W@__crt_stdio_output@@AB_KABQB_WABQAU__crt_locale_pointers@@ABQAD@?$format_validation_base@_WV?$stream_output_adapter@_W@__crt_stdio_output@@@__crt_stdio_output@@IAE@ABV?$stream_output_adapter@_W@1@AB_KABQB_WABQAU__crt_locale_pointers@@ABQAD@Z 100285fb f i libucrt:output.obj
 0001:00027626       ??$?0ABV?$stream_output_adapter@_W@__crt_stdio_output@@AB_KABQB_WABQAU__crt_locale_pointers@@ABQAD@?$positional_parameter_base@_WV?$stream_output_adapter@_W@__crt_stdio_output@@@__crt_stdio_output@@IAE@ABV?$stream_output_adapter@_W@1@AB_KABQB_WABQAU__crt_locale_pointers@@ABQAD@Z 10028626 f i libucrt:output.obj
 0001:00027680       ??$?0ABV?$stream_output_adapter@_W@__crt_stdio_output@@AB_KABQB_WABQAU__crt_locale_pointers@@ABQAD@?$standard_base@_WV?$stream_output_adapter@_W@__crt_stdio_output@@@__crt_stdio_output@@IAE@ABV?$stream_output_adapter@_W@1@AB_KABQB_WABQAU__crt_locale_pointers@@ABQAD@Z 10028680 f i libucrt:output.obj
 0001:000276c2       ??$?0ABV?$string_output_adapter@D@__crt_stdio_output@@AB_KABQBDABQAU__crt_locale_pointers@@ABQAD@?$format_validation_base@DV?$string_output_adapter@D@__crt_stdio_output@@@__crt_stdio_output@@IAE@ABV?$string_output_adapter@D@1@AB_KABQBDABQAU__crt_locale_pointers@@ABQAD@Z 100286c2 f i libucrt:output.obj
 0001:000276ed       ??$?0ABV?$string_output_adapter@D@__crt_stdio_output@@AB_KABQBDABQAU__crt_locale_pointers@@ABQAD@?$positional_parameter_base@DV?$string_output_adapter@D@__crt_stdio_output@@@__crt_stdio_output@@IAE@ABV?$string_output_adapter@D@1@AB_KABQBDABQAU__crt_locale_pointers@@ABQAD@Z 100286ed f i libucrt:output.obj
 0001:00027747       ??$?0ABV?$string_output_adapter@D@__crt_stdio_output@@AB_KABQBDABQAU__crt_locale_pointers@@ABQAD@?$standard_base@DV?$string_output_adapter@D@__crt_stdio_output@@@__crt_stdio_output@@IAE@ABV?$string_output_adapter@D@1@AB_KABQBDABQAU__crt_locale_pointers@@ABQAD@Z 10028747 f i libucrt:output.obj
 0001:00027789       ??$?0ABV?$string_output_adapter@_W@__crt_stdio_output@@AB_KABQB_WABQAU__crt_locale_pointers@@ABQAD@?$format_validation_base@_WV?$string_output_adapter@_W@__crt_stdio_output@@@__crt_stdio_output@@IAE@ABV?$string_output_adapter@_W@1@AB_KABQB_WABQAU__crt_locale_pointers@@ABQAD@Z 10028789 f i libucrt:output.obj
 0001:000277b4       ??$?0ABV?$string_output_adapter@_W@__crt_stdio_output@@AB_KABQB_WABQAU__crt_locale_pointers@@ABQAD@?$positional_parameter_base@_WV?$string_output_adapter@_W@__crt_stdio_output@@@__crt_stdio_output@@IAE@ABV?$string_output_adapter@_W@1@AB_KABQB_WABQAU__crt_locale_pointers@@ABQAD@Z 100287b4 f i libucrt:output.obj
 0001:0002780e       ??$?0ABV?$string_output_adapter@_W@__crt_stdio_output@@AB_KABQB_WABQAU__crt_locale_pointers@@ABQAD@?$standard_base@_WV?$string_output_adapter@_W@__crt_stdio_output@@@__crt_stdio_output@@IAE@ABV?$string_output_adapter@_W@1@AB_KABQB_WABQAU__crt_locale_pointers@@ABQAD@Z 1002880e f i libucrt:output.obj
 0001:00027bda       ??$__crt_interlocked_read@J@@YAJPDJ@Z 10028bda f i libucrt:output.obj
 0001:00028e43       ??$count@D@formatting_buffer@__crt_stdio_output@@QBEIXZ 10029e43 f i libucrt:output.obj
 0001:00028e61       ??$count@_W@formatting_buffer@__crt_stdio_output@@QBEIXZ 10029e61 f i libucrt:output.obj
 0001:00028e80       ??$data@D@formatting_buffer@__crt_stdio_output@@QAEPADXZ 10029e80 f i libucrt:output.obj
 0001:00028e90       ??$data@_W@formatting_buffer@__crt_stdio_output@@QAEPA_WXZ 10029e90 f i libucrt:output.obj
 0001:00028ea0       ??$ensure_buffer_is_big_enough@D@formatting_buffer@__crt_stdio_output@@QAE_NI@Z 10029ea0 f i libucrt:output.obj
 0001:00028f3e       ??$ensure_buffer_is_big_enough@_W@formatting_buffer@__crt_stdio_output@@QAE_NI@Z 10029f3e f i libucrt:output.obj
 0001:00028fde       ??$extract_argument_from_va_list@C_J@?$positional_parameter_base@DV?$stream_output_adapter@D@__crt_stdio_output@@@__crt_stdio_output@@IAE_NAA_J@Z 10029fde f i libucrt:output.obj
 0001:00029075       ??$extract_argument_from_va_list@C_J@?$positional_parameter_base@DV?$string_output_adapter@D@__crt_stdio_output@@@__crt_stdio_output@@IAE_NAA_J@Z 1002a075 f i libucrt:output.obj
 0001:0002910c       ??$extract_argument_from_va_list@C_J@?$positional_parameter_base@_WV?$stream_output_adapter@_W@__crt_stdio_output@@@__crt_stdio_output@@IAE_NAA_J@Z 1002a10c f i libucrt:output.obj
 0001:000291a3       ??$extract_argument_from_va_list@C_J@?$positional_parameter_base@_WV?$string_output_adapter@_W@__crt_stdio_output@@@__crt_stdio_output@@IAE_NAA_J@Z 1002a1a3 f i libucrt:output.obj
 0001:0002923a       ??$extract_argument_from_va_list@C_J@?$standard_base@DV?$stream_output_adapter@D@__crt_stdio_output@@@__crt_stdio_output@@IAE_NAA_J@Z 1002a23a f i libucrt:output.obj
 0001:00029260       ??$extract_argument_from_va_list@C_J@?$standard_base@DV?$string_output_adapter@D@__crt_stdio_output@@@__crt_stdio_output@@IAE_NAA_J@Z 1002a260 f i libucrt:output.obj
 0001:00029286       ??$extract_argument_from_va_list@C_J@?$standard_base@_WV?$stream_output_adapter@_W@__crt_stdio_output@@@__crt_stdio_output@@IAE_NAA_J@Z 1002a286 f i libucrt:output.obj
 0001:000292ac       ??$extract_argument_from_va_list@C_J@?$standard_base@_WV?$string_output_adapter@_W@__crt_stdio_output@@@__crt_stdio_output@@IAE_NAA_J@Z 1002a2ac f i libucrt:output.obj
 0001:000292d2       ??$extract_argument_from_va_list@E_J@?$positional_parameter_base@DV?$stream_output_adapter@D@__crt_stdio_output@@@__crt_stdio_output@@IAE_NAA_J@Z 1002a2d2 f i libucrt:output.obj
 0001:00029369       ??$extract_argument_from_va_list@E_J@?$positional_parameter_base@DV?$string_output_adapter@D@__crt_stdio_output@@@__crt_stdio_output@@IAE_NAA_J@Z 1002a369 f i libucrt:output.obj
 0001:00029400       ??$extract_argument_from_va_list@E_J@?$positional_parameter_base@_WV?$stream_output_adapter@_W@__crt_stdio_output@@@__crt_stdio_output@@IAE_NAA_J@Z 1002a400 f i libucrt:output.obj
 0001:00029497       ??$extract_argument_from_va_list@E_J@?$positional_parameter_base@_WV?$string_output_adapter@_W@__crt_stdio_output@@@__crt_stdio_output@@IAE_NAA_J@Z 1002a497 f i libucrt:output.obj
 0001:0002952e       ??$extract_argument_from_va_list@E_J@?$standard_base@DV?$stream_output_adapter@D@__crt_stdio_output@@@__crt_stdio_output@@IAE_NAA_J@Z 1002a52e f i libucrt:output.obj
 0001:00029554       ??$extract_argument_from_va_list@E_J@?$standard_base@DV?$string_output_adapter@D@__crt_stdio_output@@@__crt_stdio_output@@IAE_NAA_J@Z 1002a554 f i libucrt:output.obj
 0001:0002957a       ??$extract_argument_from_va_list@E_J@?$standard_base@_WV?$stream_output_adapter@_W@__crt_stdio_output@@@__crt_stdio_output@@IAE_NAA_J@Z 1002a57a f i libucrt:output.obj
 0001:000295a0       ??$extract_argument_from_va_list@E_J@?$standard_base@_WV?$string_output_adapter@_W@__crt_stdio_output@@@__crt_stdio_output@@IAE_NAA_J@Z 1002a5a0 f i libucrt:output.obj
 0001:000295c6       ??$extract_argument_from_va_list@F_J@?$positional_parameter_base@DV?$stream_output_adapter@D@__crt_stdio_output@@@__crt_stdio_output@@IAE_NAA_J@Z 1002a5c6 f i libucrt:output.obj
 0001:0002965d       ??$extract_argument_from_va_list@F_J@?$positional_parameter_base@DV?$string_output_adapter@D@__crt_stdio_output@@@__crt_stdio_output@@IAE_NAA_J@Z 1002a65d f i libucrt:output.obj
 0001:000296f4       ??$extract_argument_from_va_list@F_J@?$positional_parameter_base@_WV?$stream_output_adapter@_W@__crt_stdio_output@@@__crt_stdio_output@@IAE_NAA_J@Z 1002a6f4 f i libucrt:output.obj
 0001:0002978b       ??$extract_argument_from_va_list@F_J@?$positional_parameter_base@_WV?$string_output_adapter@_W@__crt_stdio_output@@@__crt_stdio_output@@IAE_NAA_J@Z 1002a78b f i libucrt:output.obj
 0001:00029822       ??$extract_argument_from_va_list@F_J@?$standard_base@DV?$stream_output_adapter@D@__crt_stdio_output@@@__crt_stdio_output@@IAE_NAA_J@Z 1002a822 f i libucrt:output.obj
 0001:00029848       ??$extract_argument_from_va_list@F_J@?$standard_base@DV?$string_output_adapter@D@__crt_stdio_output@@@__crt_stdio_output@@IAE_NAA_J@Z 1002a848 f i libucrt:output.obj
 0001:0002986e       ??$extract_argument_from_va_list@F_J@?$standard_base@_WV?$stream_output_adapter@_W@__crt_stdio_output@@@__crt_stdio_output@@IAE_NAA_J@Z 1002a86e f i libucrt:output.obj
 0001:00029894       ??$extract_argument_from_va_list@F_J@?$standard_base@_WV?$string_output_adapter@_W@__crt_stdio_output@@@__crt_stdio_output@@IAE_NAA_J@Z 1002a894 f i libucrt:output.obj
 0001:000298ba       ??$extract_argument_from_va_list@GD@?$positional_parameter_base@DV?$stream_output_adapter@D@__crt_stdio_output@@@__crt_stdio_output@@IAE_NAAD@Z 1002a8ba f i libucrt:output.obj
 0001:00029950       ??$extract_argument_from_va_list@GD@?$positional_parameter_base@DV?$string_output_adapter@D@__crt_stdio_output@@@__crt_stdio_output@@IAE_NAAD@Z 1002a950 f i libucrt:output.obj
 0001:000299e6       ??$extract_argument_from_va_list@GD@?$standard_base@DV?$stream_output_adapter@D@__crt_stdio_output@@@__crt_stdio_output@@IAE_NAAD@Z 1002a9e6 f i libucrt:output.obj
 0001:00029a06       ??$extract_argument_from_va_list@GD@?$standard_base@DV?$string_output_adapter@D@__crt_stdio_output@@@__crt_stdio_output@@IAE_NAAD@Z 1002aa06 f i libucrt:output.obj
 0001:00029a26       ??$extract_argument_from_va_list@G_J@?$positional_parameter_base@DV?$stream_output_adapter@D@__crt_stdio_output@@@__crt_stdio_output@@IAE_NAA_J@Z 1002aa26 f i libucrt:output.obj
 0001:00029abd       ??$extract_argument_from_va_list@G_J@?$positional_parameter_base@DV?$string_output_adapter@D@__crt_stdio_output@@@__crt_stdio_output@@IAE_NAA_J@Z 1002aabd f i libucrt:output.obj
 0001:00029b54       ??$extract_argument_from_va_list@G_J@?$positional_parameter_base@_WV?$stream_output_adapter@_W@__crt_stdio_output@@@__crt_stdio_output@@IAE_NAA_J@Z 1002ab54 f i libucrt:output.obj
 0001:00029beb       ??$extract_argument_from_va_list@G_J@?$positional_parameter_base@_WV?$string_output_adapter@_W@__crt_stdio_output@@@__crt_stdio_output@@IAE_NAA_J@Z 1002abeb f i libucrt:output.obj
 0001:00029c82       ??$extract_argument_from_va_list@G_J@?$standard_base@DV?$stream_output_adapter@D@__crt_stdio_output@@@__crt_stdio_output@@IAE_NAA_J@Z 1002ac82 f i libucrt:output.obj
 0001:00029ca8       ??$extract_argument_from_va_list@G_J@?$standard_base@DV?$string_output_adapter@D@__crt_stdio_output@@@__crt_stdio_output@@IAE_NAA_J@Z 1002aca8 f i libucrt:output.obj
 0001:00029cce       ??$extract_argument_from_va_list@G_J@?$standard_base@_WV?$stream_output_adapter@_W@__crt_stdio_output@@@__crt_stdio_output@@IAE_NAA_J@Z 1002acce f i libucrt:output.obj
 0001:00029cf4       ??$extract_argument_from_va_list@G_J@?$standard_base@_WV?$string_output_adapter@_W@__crt_stdio_output@@@__crt_stdio_output@@IAE_NAA_J@Z 1002acf4 f i libucrt:output.obj
 0001:00029d1a       ??$extract_argument_from_va_list@H_J@?$positional_parameter_base@DV?$stream_output_adapter@D@__crt_stdio_output@@@__crt_stdio_output@@IAE_NAA_J@Z 1002ad1a f i libucrt:output.obj
 0001:00029dae       ??$extract_argument_from_va_list@H_J@?$positional_parameter_base@DV?$string_output_adapter@D@__crt_stdio_output@@@__crt_stdio_output@@IAE_NAA_J@Z 1002adae f i libucrt:output.obj
 0001:00029e42       ??$extract_argument_from_va_list@H_J@?$positional_parameter_base@_WV?$stream_output_adapter@_W@__crt_stdio_output@@@__crt_stdio_output@@IAE_NAA_J@Z 1002ae42 f i libucrt:output.obj
 0001:00029ed6       ??$extract_argument_from_va_list@H_J@?$positional_parameter_base@_WV?$string_output_adapter@_W@__crt_stdio_output@@@__crt_stdio_output@@IAE_NAA_J@Z 1002aed6 f i libucrt:output.obj
 0001:00029f6a       ??$extract_argument_from_va_list@H_J@?$standard_base@DV?$stream_output_adapter@D@__crt_stdio_output@@@__crt_stdio_output@@IAE_NAA_J@Z 1002af6a f i libucrt:output.obj
 0001:00029f8f       ??$extract_argument_from_va_list@H_J@?$standard_base@DV?$string_output_adapter@D@__crt_stdio_output@@@__crt_stdio_output@@IAE_NAA_J@Z 1002af8f f i libucrt:output.obj
 0001:00029fb4       ??$extract_argument_from_va_list@H_J@?$standard_base@_WV?$stream_output_adapter@_W@__crt_stdio_output@@@__crt_stdio_output@@IAE_NAA_J@Z 1002afb4 f i libucrt:output.obj
 0001:00029fd9       ??$extract_argument_from_va_list@H_J@?$standard_base@_WV?$string_output_adapter@_W@__crt_stdio_output@@@__crt_stdio_output@@IAE_NAA_J@Z 1002afd9 f i libucrt:output.obj
 0001:00029ffe       ??$extract_argument_from_va_list@I_J@?$positional_parameter_base@DV?$stream_output_adapter@D@__crt_stdio_output@@@__crt_stdio_output@@IAE_NAA_J@Z 1002affe f i libucrt:output.obj
 0001:0002a09e       ??$extract_argument_from_va_list@I_J@?$positional_parameter_base@DV?$string_output_adapter@D@__crt_stdio_output@@@__crt_stdio_output@@IAE_NAA_J@Z 1002b09e f i libucrt:output.obj
 0001:0002a13e       ??$extract_argument_from_va_list@I_J@?$positional_parameter_base@_WV?$stream_output_adapter@_W@__crt_stdio_output@@@__crt_stdio_output@@IAE_NAA_J@Z 1002b13e f i libucrt:output.obj
 0001:0002a1de       ??$extract_argument_from_va_list@I_J@?$positional_parameter_base@_WV?$string_output_adapter@_W@__crt_stdio_output@@@__crt_stdio_output@@IAE_NAA_J@Z 1002b1de f i libucrt:output.obj
 0001:0002a27e       ??$extract_argument_from_va_list@I_J@?$standard_base@DV?$stream_output_adapter@D@__crt_stdio_output@@@__crt_stdio_output@@IAE_NAA_J@Z 1002b27e f i libucrt:output.obj
 0001:0002a2a3       ??$extract_argument_from_va_list@I_J@?$standard_base@DV?$string_output_adapter@D@__crt_stdio_output@@@__crt_stdio_output@@IAE_NAA_J@Z 1002b2a3 f i libucrt:output.obj
 0001:0002a2c8       ??$extract_argument_from_va_list@I_J@?$standard_base@_WV?$stream_output_adapter@_W@__crt_stdio_output@@@__crt_stdio_output@@IAE_NAA_J@Z 1002b2c8 f i libucrt:output.obj
 0001:0002a2ed       ??$extract_argument_from_va_list@I_J@?$standard_base@_WV?$string_output_adapter@_W@__crt_stdio_output@@@__crt_stdio_output@@IAE_NAA_J@Z 1002b2ed f i libucrt:output.obj
 0001:0002a312       ??$extract_argument_from_va_list@PADPAD@?$positional_parameter_base@DV?$stream_output_adapter@D@__crt_stdio_output@@@__crt_stdio_output@@IAE_NAAPAD@Z 1002b312 f i libucrt:output.obj
 0001:0002a3a8       ??$extract_argument_from_va_list@PADPAD@?$positional_parameter_base@DV?$string_output_adapter@D@__crt_stdio_output@@@__crt_stdio_output@@IAE_NAAPAD@Z 1002b3a8 f i libucrt:output.obj
 0001:0002a43e       ??$extract_argument_from_va_list@PADPAD@?$positional_parameter_base@_WV?$stream_output_adapter@_W@__crt_stdio_output@@@__crt_stdio_output@@IAE_NAAPAD@Z 1002b43e f i libucrt:output.obj
 0001:0002a4d4       ??$extract_argument_from_va_list@PADPAD@?$positional_parameter_base@_WV?$string_output_adapter@_W@__crt_stdio_output@@@__crt_stdio_output@@IAE_NAAPAD@Z 1002b4d4 f i libucrt:output.obj
 0001:0002a56a       ??$extract_argument_from_va_list@PADPAD@?$standard_base@DV?$stream_output_adapter@D@__crt_stdio_output@@@__crt_stdio_output@@IAE_NAAPAD@Z 1002b56a f i libucrt:output.obj
 0001:0002a58a       ??$extract_argument_from_va_list@PADPAD@?$standard_base@DV?$string_output_adapter@D@__crt_stdio_output@@@__crt_stdio_output@@IAE_NAAPAD@Z 1002b58a f i libucrt:output.obj
 0001:0002a5aa       ??$extract_argument_from_va_list@PADPAD@?$standard_base@_WV?$stream_output_adapter@_W@__crt_stdio_output@@@__crt_stdio_output@@IAE_NAAPAD@Z 1002b5aa f i libucrt:output.obj
 0001:0002a5ca       ??$extract_argument_from_va_list@PADPAD@?$standard_base@_WV?$string_output_adapter@_W@__crt_stdio_output@@@__crt_stdio_output@@IAE_NAAPAD@Z 1002b5ca f i libucrt:output.obj
 0001:0002a9c2       ??$extract_argument_from_va_list@PAXPAX@?$positional_parameter_base@DV?$stream_output_adapter@D@__crt_stdio_output@@@__crt_stdio_output@@IAE_NAAPAX@Z 1002b9c2 f i libucrt:output.obj
 0001:0002aa58       ??$extract_argument_from_va_list@PAXPAX@?$positional_parameter_base@DV?$string_output_adapter@D@__crt_stdio_output@@@__crt_stdio_output@@IAE_NAAPAX@Z 1002ba58 f i libucrt:output.obj
 0001:0002aaee       ??$extract_argument_from_va_list@PAXPAX@?$positional_parameter_base@_WV?$stream_output_adapter@_W@__crt_stdio_output@@@__crt_stdio_output@@IAE_NAAPAX@Z 1002baee f i libucrt:output.obj
 0001:0002ab84       ??$extract_argument_from_va_list@PAXPAX@?$positional_parameter_base@_WV?$string_output_adapter@_W@__crt_stdio_output@@@__crt_stdio_output@@IAE_NAAPAX@Z 1002bb84 f i libucrt:output.obj
 0001:0002ac1a       ??$extract_argument_from_va_list@PAXPAX@?$standard_base@DV?$stream_output_adapter@D@__crt_stdio_output@@@__crt_stdio_output@@IAE_NAAPAX@Z 1002bc1a f i libucrt:output.obj
 0001:0002ac3a       ??$extract_argument_from_va_list@PAXPAX@?$standard_base@DV?$string_output_adapter@D@__crt_stdio_output@@@__crt_stdio_output@@IAE_NAAPAX@Z 1002bc3a f i libucrt:output.obj
 0001:0002ac5a       ??$extract_argument_from_va_list@PAXPAX@?$standard_base@_WV?$stream_output_adapter@_W@__crt_stdio_output@@@__crt_stdio_output@@IAE_NAAPAX@Z 1002bc5a f i libucrt:output.obj
 0001:0002ac7a       ??$extract_argument_from_va_list@PAXPAX@?$standard_base@_WV?$string_output_adapter@_W@__crt_stdio_output@@@__crt_stdio_output@@IAE_NAAPAX@Z 1002bc7a f i libucrt:output.obj
 0001:0002ac9a       ??$extract_argument_from_va_list@U_CRT_DOUBLE@@U1@@?$positional_parameter_base@DV?$stream_output_adapter@D@__crt_stdio_output@@@__crt_stdio_output@@IAE_NAAU_CRT_DOUBLE@@@Z 1002bc9a f i libucrt:output.obj
 0001:0002ad41       ??$extract_argument_from_va_list@U_CRT_DOUBLE@@U1@@?$positional_parameter_base@DV?$string_output_adapter@D@__crt_stdio_output@@@__crt_stdio_output@@IAE_NAAU_CRT_DOUBLE@@@Z 1002bd41 f i libucrt:output.obj
 0001:0002ade8       ??$extract_argument_from_va_list@U_CRT_DOUBLE@@U1@@?$positional_parameter_base@_WV?$stream_output_adapter@_W@__crt_stdio_output@@@__crt_stdio_output@@IAE_NAAU_CRT_DOUBLE@@@Z 1002bde8 f i libucrt:output.obj
 0001:0002ae8f       ??$extract_argument_from_va_list@U_CRT_DOUBLE@@U1@@?$positional_parameter_base@_WV?$string_output_adapter@_W@__crt_stdio_output@@@__crt_stdio_output@@IAE_NAAU_CRT_DOUBLE@@@Z 1002be8f f i libucrt:output.obj
 0001:0002af36       ??$extract_argument_from_va_list@U_CRT_DOUBLE@@U1@@?$standard_base@DV?$stream_output_adapter@D@__crt_stdio_output@@@__crt_stdio_output@@IAE_NAAU_CRT_DOUBLE@@@Z 1002bf36 f i libucrt:output.obj
 0001:0002af5e       ??$extract_argument_from_va_list@U_CRT_DOUBLE@@U1@@?$standard_base@DV?$string_output_adapter@D@__crt_stdio_output@@@__crt_stdio_output@@IAE_NAAU_CRT_DOUBLE@@@Z 1002bf5e f i libucrt:output.obj
 0001:0002af86       ??$extract_argument_from_va_list@U_CRT_DOUBLE@@U1@@?$standard_base@_WV?$stream_output_adapter@_W@__crt_stdio_output@@@__crt_stdio_output@@IAE_NAAU_CRT_DOUBLE@@@Z 1002bf86 f i libucrt:output.obj
 0001:0002afae       ??$extract_argument_from_va_list@U_CRT_DOUBLE@@U1@@?$standard_base@_WV?$string_output_adapter@_W@__crt_stdio_output@@@__crt_stdio_output@@IAE_NAAU_CRT_DOUBLE@@@Z 1002bfae f i libucrt:output.obj
 0001:0002afd6       ??$extract_argument_from_va_list@_J_J@?$positional_parameter_base@DV?$stream_output_adapter@D@__crt_stdio_output@@@__crt_stdio_output@@IAE_NAA_J@Z 1002bfd6 f i libucrt:output.obj
 0001:0002b07d       ??$extract_argument_from_va_list@_J_J@?$positional_parameter_base@DV?$string_output_adapter@D@__crt_stdio_output@@@__crt_stdio_output@@IAE_NAA_J@Z 1002c07d f i libucrt:output.obj
 0001:0002b124       ??$extract_argument_from_va_list@_J_J@?$positional_parameter_base@_WV?$stream_output_adapter@_W@__crt_stdio_output@@@__crt_stdio_output@@IAE_NAA_J@Z 1002c124 f i libucrt:output.obj
 0001:0002b1cb       ??$extract_argument_from_va_list@_J_J@?$positional_parameter_base@_WV?$string_output_adapter@_W@__crt_stdio_output@@@__crt_stdio_output@@IAE_NAA_J@Z 1002c1cb f i libucrt:output.obj
 0001:0002b272       ??$extract_argument_from_va_list@_J_J@?$standard_base@DV?$stream_output_adapter@D@__crt_stdio_output@@@__crt_stdio_output@@IAE_NAA_J@Z 1002c272 f i libucrt:output.obj
 0001:0002b29a       ??$extract_argument_from_va_list@_J_J@?$standard_base@DV?$string_output_adapter@D@__crt_stdio_output@@@__crt_stdio_output@@IAE_NAA_J@Z 1002c29a f i libucrt:output.obj
 0001:0002b2c2       ??$extract_argument_from_va_list@_J_J@?$standard_base@_WV?$stream_output_adapter@_W@__crt_stdio_output@@@__crt_stdio_output@@IAE_NAA_J@Z 1002c2c2 f i libucrt:output.obj
 0001:0002b2ea       ??$extract_argument_from_va_list@_J_J@?$standard_base@_WV?$string_output_adapter@_W@__crt_stdio_output@@@__crt_stdio_output@@IAE_NAA_J@Z 1002c2ea f i libucrt:output.obj
 0001:0002b312       ??$extract_argument_from_va_list@_K_J@?$positional_parameter_base@DV?$stream_output_adapter@D@__crt_stdio_output@@@__crt_stdio_output@@IAE_NAA_J@Z 1002c312 f i libucrt:output.obj
 0001:0002b3b9       ??$extract_argument_from_va_list@_K_J@?$positional_parameter_base@DV?$string_output_adapter@D@__crt_stdio_output@@@__crt_stdio_output@@IAE_NAA_J@Z 1002c3b9 f i libucrt:output.obj
 0001:0002b460       ??$extract_argument_from_va_list@_K_J@?$positional_parameter_base@_WV?$stream_output_adapter@_W@__crt_stdio_output@@@__crt_stdio_output@@IAE_NAA_J@Z 1002c460 f i libucrt:output.obj
 0001:0002b507       ??$extract_argument_from_va_list@_K_J@?$positional_parameter_base@_WV?$string_output_adapter@_W@__crt_stdio_output@@@__crt_stdio_output@@IAE_NAA_J@Z 1002c507 f i libucrt:output.obj
 0001:0002b5ae       ??$extract_argument_from_va_list@_K_J@?$standard_base@DV?$stream_output_adapter@D@__crt_stdio_output@@@__crt_stdio_output@@IAE_NAA_J@Z 1002c5ae f i libucrt:output.obj
 0001:0002b5d6       ??$extract_argument_from_va_list@_K_J@?$standard_base@DV?$string_output_adapter@D@__crt_stdio_output@@@__crt_stdio_output@@IAE_NAA_J@Z 1002c5d6 f i libucrt:output.obj
 0001:0002b5fe       ??$extract_argument_from_va_list@_K_J@?$standard_base@_WV?$stream_output_adapter@_W@__crt_stdio_output@@@__crt_stdio_output@@IAE_NAA_J@Z 1002c5fe f i libucrt:output.obj
 0001:0002b626       ??$extract_argument_from_va_list@_K_J@?$standard_base@_WV?$string_output_adapter@_W@__crt_stdio_output@@@__crt_stdio_output@@IAE_NAA_J@Z 1002c626 f i libucrt:output.obj
 0001:0002b64e       ??$extract_argument_from_va_list@_W_W@?$positional_parameter_base@DV?$stream_output_adapter@D@__crt_stdio_output@@@__crt_stdio_output@@IAE_NAA_W@Z 1002c64e f i libucrt:output.obj
[...]
 0002:00013c70       __sehtable$??$?RV<lambda_69a2805e680e0e292e8ba93315fe43a8>@@AAV<lambda_f03950bc5685219e0bcd2087efbe011e>@@V<lambda_03fcd07e894ec930e3f35da366ca99d6>@@@?$__crt_seh_guarded_call@H@@QAEH$$QAV<lambda_69a2805e680e0e292e8ba93315fe43a8>@@AAV<lambda_f03950bc5685219e0bcd2087efbe011e>@@$$QAV<lambda_03fcd07e894ec930e3f35da366ca99d6>@@@Z 10097c70     libucrt:onexit.obj
 0002:00013c90       __sehtable$_terminate      10097c90     libucrt:terminate.obj
 0002:00013cb0       __sehtable$??$?RV<lambda_93797fb4802c957ba6a7f08e1250235b>@@AAV<lambda_1f3ce6bd48e0aa2e72a71c02eee379d3>@@V<lambda_56cae30c9364c9b6c15aeaac05d0418e>@@@?$__crt_seh_guarded_call@H@@QAEH$$QAV<lambda_93797fb4802c957ba6a7f08e1250235b>@@AAV<lambda_1f3ce6bd48e0aa2e72a71c02eee379d3>@@$$QAV<lambda_56cae30c9364c9b6c15aeaac05d0418e>@@@Z 10097cb0     libucrt:winapi_thunks.obj
 0002:00013cd0       __sehtable$__fcloseall     10097cd0     libucrt:closeall.obj
 0002:00013cf0       __sehtable$??$?RV<lambda_2866be3712abc81a800a822484c830d8>@@AAV<lambda_39ca0ed439415581b5b15c265174cece>@@V<lambda_2b24c74d71094a6cd0cb82e44167d71b>@@@?$__crt_seh_guarded_call@X@@QAEX$$QAV<lambda_2866be3712abc81a800a822484c830d8>@@AAV<lambda_39ca0ed439415581b5b15c265174cece>@@$$QAV<lambda_2b24c74d71094a6cd0cb82e44167d71b>@@@Z 10097cf0     libucrt:fflush.obj
 0002:00013d10       __sehtable$??$?RV<lambda_2cc53f568c5a2bb6f192f930a45d44ea>@@AAV<lambda_ab61a845afdef5b7c387490eaf3616ee>@@V<lambda_c2ffc0b7726aa6be21d5f0026187e748>@@@?$__crt_seh_guarded_call@X@@QAEX$$QAV<lambda_2cc53f568c5a2bb6f192f930a45d44ea>@@AAV<lambda_ab61a845afdef5b7c387490eaf3616ee>@@$$QAV<lambda_c2ffc0b7726aa6be21d5f0026187e748>@@@Z 10097d10     libucrt:fflush.obj
 0002:00013d30       __sehtable$??$?RV<lambda_6d20deecaf4856105ebacbad442d1079>@@AAV<lambda_9a32fed5bf61b6b509b2d3f6003082a1>@@V<lambda_63ea2239ed67c638ddbae41947fdf875>@@@?$__crt_seh_guarded_call@H@@QAEH$$QAV<lambda_6d20deecaf4856105ebacbad442d1079>@@AAV<lambda_9a32fed5bf61b6b509b2d3f6003082a1>@@$$QAV<lambda_63ea2239ed67c638ddbae41947fdf875>@@@Z 10097d30     libucrt:fflush.obj
 0002:00013d50       __sehtable$___acrt_initialize_lowio 10097d50     libucrt:ioinit.obj
 0002:00013d70       __sehtable$??$?RV<lambda_15ade71b0218206bbe3333a0c9b79046>@@AAV<lambda_da44e0f8b0f19ba52fefafb335991732>@@V<lambda_207f2d024fc103971653565357d6cd41>@@@?$__crt_seh_guarded_call@X@@QAEX$$QAV<lambda_15ade71b0218206bbe3333a0c9b79046>@@AAV<lambda_da44e0f8b0f19ba52fefafb335991732>@@$$QAV<lambda_207f2d024fc103971653565357d6cd41>@@@Z 10097d70     libucrt:per_thread_data.obj
 0002:00013d90       __sehtable$??$?RV<lambda_a7e850c220f1c8d1e6efeecdedd162c6>@@AAV<lambda_46720907175c18b6c9d2717bc0d2d362>@@V<lambda_9048902d66e8d99359bc9897bbb930a8>@@@?$__crt_seh_guarded_call@X@@QAEX$$QAV<lambda_a7e850c220f1c8d1e6efeecdedd162c6>@@AAV<lambda_46720907175c18b6c9d2717bc0d2d362>@@$$QAV<lambda_9048902d66e8d99359bc9897bbb930a8>@@@Z 10097d90     libucrt:per_thread_data.obj
 0002:00013db0       __sehtable$??$?RV<lambda_38edbb1296d33220d7e4dd0ed76b244a>@@AAV<lambda_5ce1d447e08cb34b2473517608e21441>@@V<lambda_fb385d3da700c9147fc39e65dd577a8c>@@@?$__crt_seh_guarded_call@X@@QAEX$$QAV<lambda_38edbb1296d33220d7e4dd0ed76b244a>@@AAV<lambda_5ce1d447e08cb34b2473517608e21441>@@$$QAV<lambda_fb385d3da700c9147fc39e65dd577a8c>@@@Z 10097db0     libucrt:per_thread_data.obj
 0002:00013dd0       __sehtable$??$?RV<lambda_6affb1475c98b40b75cdec977db92e3c>@@AAV<lambda_b8d4b9c228a6ecc3f80208dbb4b4a104>@@V<lambda_608742c3c92a14382c1684fc64f96c88>@@@?$__crt_seh_guarded_call@X@@QAEX$$QAV<lambda_6affb1475c98b40b75cdec977db92e3c>@@AAV<lambda_b8d4b9c228a6ecc3f80208dbb4b4a104>@@$$QAV<lambda_608742c3c92a14382c1684fc64f96c88>@@@Z 10097dd0     libucrt:per_thread_data.obj
 0002:00013df0       __sehtable$_fputwc         10097df0     libucrt:fputwc.obj
 0002:00013e10       __sehtable$_fputc          10097e10     libucrt:fputc.obj
 0002:00013e30       __sehtable$__free_locale   10097e30     libucrt:wsetlocale.obj
 0002:00013e60       __sehtable$??$?RV<lambda_e5124f882df8998aaf41531e079ba474>@@AAV<lambda_3e16ef9562a7dcce91392c22ab16ea36>@@V<lambda_e25ca0880e6ef98be67edffd8c599615>@@@?$__crt_seh_guarded_call@X@@QAEX$$QAV<lambda_e5124f882df8998aaf41531e079ba474>@@AAV<lambda_3e16ef9562a7dcce91392c22ab16ea36>@@$$QAV<lambda_e25ca0880e6ef98be67edffd8c599615>@@@Z 10097e60     libucrt:wsetlocale.obj
 0002:00013e80       __sehtable$??$?RV<lambda_82aef432098b982f9ede325b418aa67a>@@AAV<lambda_862e9a3f04921db6ca1ce3faa2bf3edf>@@V<lambda_ffabc152e504b53d7492b9889b10c020>@@@?$__crt_seh_guarded_call@X@@QAEX$$QAV<lambda_82aef432098b982f9ede325b418aa67a>@@AAV<lambda_862e9a3f04921db6ca1ce3faa2bf3edf>@@$$QAV<lambda_ffabc152e504b53d7492b9889b10c020>@@@Z 10097e80     libucrt:wsetlocale.obj
 0002:00013ea0       __sehtable$??$?RV<lambda_6673f7c4c09a5d469d0c27ae364621ce>@@AAV<lambda_ebab98244f73a74f49db879bf13fa982>@@V<lambda_be20789b7a146653eab82509ec35b419>@@@?$__crt_seh_guarded_call@X@@QAEX$$QAV<lambda_6673f7c4c09a5d469d0c27ae364621ce>@@AAV<lambda_ebab98244f73a74f49db879bf13fa982>@@$$QAV<lambda_be20789b7a146653eab82509ec35b419>@@@Z 10097ea0     libucrt:wsetlocale.obj
 0002:00013ec0       __sehtable$??$?RV<lambda_4fdada1b837b2abbf20876fac97688ad>@@AAV<lambda_b57350f2640456a0859d250846f69caf>@@V<lambda_eed5e4f92b5b7d55fa22c48c484aaa54>@@@?$__crt_seh_guarded_call@X@@QAEX$$QAV<lambda_4fdada1b837b2abbf20876fac97688ad>@@AAV<lambda_b57350f2640456a0859d250846f69caf>@@$$QAV<lambda_eed5e4f92b5b7d55fa22c48c484aaa54>@@@Z 10097ec0     libucrt:wsetlocale.obj
 0002:00013ee0       __sehtable$??$?RV<lambda_135d2772fca65dc1248eeaa1b56e886a>@@AAV<lambda_2a444430fde8c29194d880d93eed5e8f>@@AAV<lambda_8dff2cf36a5417162780cd64fa2883ef>@@@?$__crt_seh_guarded_call@X@@QAEX$$QAV<lambda_135d2772fca65dc1248eeaa1b56e886a>@@AAV<lambda_2a444430fde8c29194d880d93eed5e8f>@@AAV<lambda_8dff2cf36a5417162780cd64fa2883ef>@@@Z 10097ee0     libucrt:wsetlocale.obj
 0002:00013f00       __sehtable$??$?RV<lambda_218ce3db14220d0be481dae8ef3383b6>@@AAV<lambda_628dfdc04ba53c8bfc02c9951375f3f5>@@V<lambda_57dc472bd5c9d5f3b2cbca59b8a843ae>@@@?$__crt_seh_guarded_call@H@@QAEH$$QAV<lambda_218ce3db14220d0be481dae8ef3383b6>@@AAV<lambda_628dfdc04ba53c8bfc02c9951375f3f5>@@$$QAV<lambda_57dc472bd5c9d5f3b2cbca59b8a843ae>@@@Z 10097f00     libucrt:close.obj
 0002:00013f20       __sehtable$?__acrt_stdio_allocate_stream@@YA?AV__crt_stdio_stream@@XZ 10097f20     libucrt:stream.obj
 0002:00013f40       __sehtable$__read          10097f40     libucrt:read.obj
 0002:00013f60       __sehtable$__write         10097f60     libucrt:write.obj
 0002:00013f80       __sehtable$??$common_lseek@J@@YAJHJH@Z 10097f80     libucrt:lseek.obj
 0002:00013fa0       __sehtable$??$common_lseek@_J@@YA_JH_JH@Z 10097fa0     libucrt:lseek.obj
 0002:00013fc0       __sehtable$___set_fpsr_sse2 10097fc0     libucrt:fpctrl.obj
 0002:00013fe0       __sehtable$??$?RV<lambda_70c0770dcc4f6ec6272bb01dc82d3c91>@@AAV<lambda_ca71763b3c0644891230e4f79ea54fa6>@@V<lambda_ca266f0f09348b8765c113e3a39a2bc1>@@@?$__crt_seh_guarded_call@H@@QAEH$$QAV<lambda_70c0770dcc4f6ec6272bb01dc82d3c91>@@AAV<lambda_ca71763b3c0644891230e4f79ea54fa6>@@$$QAV<lambda_ca266f0f09348b8765c113e3a39a2bc1>@@@Z 10097fe0     libucrt:setvbuf.obj
 0002:00014000       __sehtable$_signal         10098000     libucrt:signal.obj
 0002:00014020       __sehtable$_raise          10098020     libucrt:signal.obj
 0002:00014040       __sehtable$?ctrlevent_capture@@YGHK@Z 10098040     libucrt:signal.obj
 0002:00014060       __sehtable$??$?RV<lambda_cbab9ec6f41b0180b23cc171c22676b0>@@AAV<lambda_44731a7d0e6d81c3e6aa82d741081786>@@V<lambda_4b292cb8dd18144e164572427af410ab>@@@?$__crt_seh_guarded_call@P6AXH@Z@@QAEP6AXH@Z$$QAV<lambda_cbab9ec6f41b0180b23cc171c22676b0>@@AAV<lambda_44731a7d0e6d81c3e6aa82d741081786>@@$$QAV<lambda_4b292cb8dd18144e164572427af410ab>@@@Z 10098060     libucrt:signal.obj
 0002:00014080       __sehtable$_fgetwc         10098080     libucrt:fgetwc.obj
 0002:000140a0       __sehtable$_ungetwc        100980a0     libucrt:ungetwc.obj
 0002:000140c0       __sehtable$_fgetc          100980c0     libucrt:fgetc.obj
 0002:000140e0       __sehtable$_ungetc         100980e0     libucrt:ungetc.obj
 0002:00014100       __sehtable$?update_thread_multibyte_data_internal@@YAPAU__crt_multibyte_data@@QAU__acrt_ptd@@QAPAU1@@Z 10098100     libucrt:mbctype.obj
 0002:00014120       __sehtable$??$?RV<lambda_ceb1ee4838e85a9d631eb091e2fbe199>@@AAV<lambda_ae742caa10f662c28703da3d2ea5e57e>@@V<lambda_cd08b5d6af4937fe54fc07d0c9bf6b37>@@@?$__crt_seh_guarded_call@X@@QAEX$$QAV<lambda_ceb1ee4838e85a9d631eb091e2fbe199>@@AAV<lambda_ae742caa10f662c28703da3d2ea5e57e>@@$$QAV<lambda_cd08b5d6af4937fe54fc07d0c9bf6b37>@@@Z 10098120     libucrt:mbctype.obj
 0002:00014140       __sehtable$__query_new_handler 10098140     libucrt:new_handler.obj
 0002:00014160       __sehtable$__set_new_handler 10098160     libucrt:new_handler.obj
 0002:00014180       __sehtable$??$?RV<lambda_9e9de3de5fa147e2223d7db92bc10aa6>@@AAV<lambda_38ce7e780aa69e748d6df282ebc68efe>@@V<lambda_8ca6da459f0f6780f1cff60fdc3d00e5>@@@?$__crt_seh_guarded_call@H@@QAEH$$QAV<lambda_9e9de3de5fa147e2223d7db92bc10aa6>@@AAV<lambda_38ce7e780aa69e748d6df282ebc68efe>@@$$QAV<lambda_8ca6da459f0f6780f1cff60fdc3d00e5>@@@Z 10098180     libucrt:commit.obj
 0002:000141a0       __sehtable$__open_osfhandle 100981a0     libucrt:osfinfo.obj
 0002:000141c0       __sehtable$__alloc_osfhnd  100981c0     libucrt:osfinfo.obj
 0002:000141e0       __sehtable$___acrt_lowio_ensure_fh_exists 100981e0     libucrt:osfinfo.obj
 0002:00014200       __sehtable$___acrt_update_thread_locale_data 10098200     libucrt:locale_refcounting.obj
 0002:00014220       __sehtable$??$common_open@D@@YAHQBDHH@Z 10098220     libucrt:open.obj
 0002:00014240       __sehtable$??$common_open@_W@@YAHQB_WHH@Z 10098240     libucrt:open.obj
 0002:00014260       __sehtable$??$common_sopen_dispatch@D@@YAHQBDHHHQAHH@Z 10098260     libucrt:open.obj
 0002:00014280       __sehtable$??$common_sopen_dispatch@_W@@YAHQB_WHHHQAHH@Z 10098280     libucrt:open.obj
 0002:000142a0       __sehtable$??$?RV<lambda_f828341fbe69b7c0d4c527b01f22877f>@@AAV<lambda_9e0b6ab72a5b3ae37ad997d08b519f50>@@V<lambda_f01deac0a8d65d6e0411edf7e0af5775>@@@?$__crt_seh_guarded_call@G@@QAEG$$QAV<lambda_f828341fbe69b7c0d4c527b01f22877f>@@AAV<lambda_9e0b6ab72a5b3ae37ad997d08b519f50>@@$$QAV<lambda_f01deac0a8d65d6e0411edf7e0af5775>@@@Z 100982a0     libucrt:putwch.obj
 0002:000142c0       __sehtable$__setmode       100982c0     libucrt:setmode.obj
 0002:000142e0       __sehtable$??$?RV<lambda_3b12a17125e8c5b5e6e6f6c6050db0c1>@@AAV<lambda_522ac1b1e1a1180d6f374a882b81d1c8>@@V<lambda_e92b96cac182f562f30acc9fb7872857>@@@?$__crt_seh_guarded_call@H@@QAEH$$QAV<lambda_3b12a17125e8c5b5e6e6f6c6050db0c1>@@AAV<lambda_522ac1b1e1a1180d6f374a882b81d1c8>@@$$QAV<lambda_e92b96cac182f562f30acc9fb7872857>@@@Z 100982e0     libucrt:chsize.obj
 0002:00014300       __unwindtable$?_wcstombs_l_helper@@YAIPADPB_WIPAU__crt_locale_pointers@@@Z 10098300     libucrt:wcstombs.obj
 0002:00014308       __ehfuncinfo$?_wcstombs_l_helper@@YAIPADPB_WIPAU__crt_locale_pointers@@@Z 10098308     libucrt:wcstombs.obj
 0002:00014330       __sehtable$__IsNonwritableInCurrentImage 10098330     LIBCMT:pesect.obj
 0002:000145b0       .edata                     100985b0     hil_tuning_slrt.exp
 0002:000145d8       rgpv                       100985d8     hil_tuning_slrt.exp
 0002:000145f4       rgszName                   100985f4     hil_tuning_slrt.exp
 0002:00014610       rgwOrd                     10098610     hil_tuning_slrt.exp
 0002:0001461e       szName                     1009861e     hil_tuning_slrt.exp
 0002:00014632       $N00001                    10098632     hil_tuning_slrt.exp
 0002:0001463d       $N00002                    1009863d     hil_tuning_slrt.exp
 0002:00014646       $N00003                    10098646     hil_tuning_slrt.exp
 0002:00014653       $N00004                    10098653     hil_tuning_slrt.exp
 0002:0001465d       $N00005                    1009865d     hil_tuning_slrt.exp
 0002:0001466d       $N00006                    1009866d     hil_tuning_slrt.exp
 0002:0001467b       $N00007                    1009867b     hil_tuning_slrt.exp
 0003:00000010       _mdlInfo                   10099010     xpctarget.obj
 0003:00000110       _rtDataAddrMap             10099110     hil_tuning_capi.obj
 0003:00000470       _mmiStatic                 10099470     hil_tuning_capi.obj
 0003:00003480       _rtwCAPI_mallocError       1009c480     rtw_modelmap_utils.obj
 0003:000034d0       ?__vcrt_flsindex@@3KA      1009c4d0     libvcruntime:per_thread_data.obj
 0003:000035d4       ?errno_no_memory@@3HA      1009c5d4     libucrt:errno.obj
 0003:000035d8       ?doserrno_no_memory@@3KA   1009c5d8     libucrt:errno.obj
 0003:0000361c       ?__acrt_flsindex@@3KA      1009c61c     libucrt:per_thread_data.obj
 0003:00003620       __ctype_loc_style          1009c620     libucrt:wsetlocale.obj
 0003:0000384c       ?__DAZ_ENABLED@?1??__set_fpsr_sse2@@9@9 1009c84c     libucrt:fpctrl.obj
 0003:00003ae8       __mbctypes                 1009cae8     libucrt:mbctype.obj
 0003:00003c20       __mbcasemaps               1009cc20     libucrt:mbctype.obj
 0003:00003d54       ?__rgctypeflag@@3PADA      1009cd54     libucrt:mbctype.obj
 0003:00003d58       ?__rgcode_page_info@@3PAUcode_page_info@@A 1009cd58     libucrt:mbctype.obj
 0003:00003ef0       ?__dcrt_lowio_console_output_handle@@3PAXA 1009cef0     libucrt:initcon.obj
 0003:000042c4       _rtm                       1009d2c4     xpctarget.obj
 0003:000042d8       ?dims@?1??rt_mxGetDimensions@@9@9 1009d2d8     rt_matrx.obj
 0003:000042e8       ?rt_DataLoggingInfo@?5??hil_tuning@@9@9 1009d2e8     hil_tuning.obj
 0003:00004340       _rtVarDimsAddrMap          1009d340     hil_tuning_capi.obj
 0003:00004378       _msg                       1009d378     asciidecode.obj
 0003:000044b0       _msg                       1009d4b0     asciiencode.obj
 0003:000045e8       _msg                       1009d5e8     slrtIPConfig.obj
 0003:000046e8       _modelInitErr              1009d6e8     slrtIPConfig.obj
 0003:00004720       _msg                       1009d720     slrtUDPReceive.obj
 0003:00004858       _msg                       1009d858     slrtUDPSend.obj
 0003:00004990       _GS_ExceptionRecord        1009d990     LIBCMT:gs_report.obj
 0003:000049e0       _GS_ContextRecord          1009d9e0     LIBCMT:gs_report.obj
 0003:00004d58       ?__proc_attached@@3HA      1009dd58     LIBCMT:dll_dllmain.obj
 0003:00004d94       ?is_initialized_as_dll@@3_NA 1009dd94     LIBCMT:utility.obj
 0003:00004d95       ?module_local_atexit_table_initialized@@3_NA 1009dd95     LIBCMT:utility.obj
 0003:00004d98       ?module_local_atexit_table@@3U_onexit_table_t@@A 1009dd98     LIBCMT:utility.obj
 0003:00004da4       ?module_local_at_quick_exit_table@@3U_onexit_table_t@@A 1009dda4     LIBCMT:utility.obj
 0003:00004de4       ?heap@@3V_HeapManager@@A   1009dde4     libvcruntime:undname.obj
 0003:00004e04       ?__vcrt_startup_thread_ptd@@3U__vcrt_ptd@@A 1009de04     libvcruntime:per_thread_data.obj
 0003:00004e34       ___vcrt_lock_table         1009de34     libvcruntime:locks.obj
 0003:00004e4c       ___vcrt_locks_initialized  1009de4c     libvcruntime:locks.obj
 0003:00004e58       ?module_handles@@3PAPAUHINSTANCE__@@A 1009de58     libvcruntime:winapi_downlevel.obj
 0003:00004e64       ?encoded_function_pointers@@3PAPAXA 1009de64     libvcruntime:winapi_downlevel.obj
 0003:00004e98       ?c_termination_complete@@3JA 1009de98     libucrt:exit.obj
 0003:00004e9c       ?thread_local_exit_callback_func@@3P6GXPAXK0@ZA 1009de9c     libucrt:exit.obj
 0003:00004ea8       ?program_name@?1???$common_configure_argv@D@@YAHW4_crt_argv_mode@@@Z@4PADA 1009dea8     libucrt:argv_parsing.obj
 0003:00004fe8       ?program_name@?1???$common_configure_argv@_W@@YAHW4_crt_argv_mode@@@Z@4PA_WA 1009dfe8     libucrt:argv_parsing.obj
 0003:00005290       ?__acrt_invalid_parameter_handler@@3V?$dual_state_global@P6AXPB_W00II@Z@__crt_state_management@@A 1009e290     libucrt:invalid_parameter.obj
 0003:00005298       ?module_handles@@3PAPAUHINSTANCE__@@A 1009e298     libucrt:winapi_thunks.obj
 0003:000052e8       ?encoded_function_pointers@@3PAPAXA 1009e2e8     libucrt:winapi_thunks.obj
 0003:0000539c       ?static_enum_proc@?1??enum_system_locales_ex_nolock@@YAHQ6GHPA_WKJ@Z@Z@4P6GH0KJ@ZA 1009e39c     libucrt:winapi_thunks.obj
 0003:0000560c       ?internal_state@?1??_mbtowc_l@@9@4U_Mbstatet@@A 1009e60c     libucrt:mbtowc.obj
 0003:00005618       ?enable_percent_n@@3IA     1009e618     libucrt:printf_count_output.obj
 0003:00005630       ?__acrt_lock_table@@3PAU_RTL_CRITICAL_SECTION@@A 1009e630     libucrt:locks.obj
 0003:00005780       ?__acrt_locks_initialized@@3IA 1009e780     libucrt:locks.obj
 0003:000057c8       ?state_cache@?1???$get_cached_win_policy@Ubegin_thread_init_policy_properties@?1??__acrt_get_begin_thread_init_policy@@YA?AW4begin_thread_init_policy@@XZ@@@YA?AW4begin_thread_init_policy@@W4AppPolicyThreadInitializationType@@@Z@4JA 1009e7c8     libucrt:win_policies.obj
 0003:000057cc       ?state_cache@?1???$get_cached_win_policy@Udeveloper_information_policy_properties@?1??__acrt_get_developer_information_policy@@YA?AW4developer_information_policy@@XZ@@@YA?AW4developer_information_policy@@W4AppPolicyShowDeveloperDiagnostic@@@Z@4JA 1009e7cc     libucrt:win_policies.obj
 0003:000057d0       ?state_cache@?1???$get_cached_win_policy@Uwindowing_model_policy_properties@?1??__acrt_get_windowing_model_policy@@YA?AW4windowing_model_policy@@XZ@@@YA?AW4windowing_model_policy@@W4AppPolicyWindowingModel@@@Z@4JA 1009e7d0     libucrt:win_policies.obj
 0003:000057d4       __pmatherr_set             1009e7d4     libucrt:libm_error.obj
 0003:000057d8       ?__acrt_app_type@@3W4_crt_app_type@@A 1009e7d8     libucrt:report_runtime_error.obj
 0003:000057e0       ?outmsg@?9??__acrt_report_runtime_error@@9@4PA_WA 1009e7e0     libucrt:report_runtime_error.obj
 0003:00005f44       ___acrt_error_mode         1009ef44     libucrt:set_error_mode.obj
 0003:00005f48       ?console_ctrl_handler_installed@@3_NA 1009ef48     libucrt:signal.obj
 0003:00005f4c       ?ctrlc_action@@3V?$dual_state_global@P6AXH@Z@__crt_state_management@@A 1009ef4c     libucrt:signal.obj
 0003:00005f50       ?ctrlbreak_action@@3V?$dual_state_global@P6AXH@Z@__crt_state_management@@A 1009ef50     libucrt:signal.obj
 0003:00005f54       ?abort_action@@3V?$dual_state_global@P6AXH@Z@__crt_state_management@@A 1009ef54     libucrt:signal.obj
 0003:00005f58       ?term_action@@3V?$dual_state_global@P6AXH@Z@__crt_state_management@@A 1009ef58     libucrt:signal.obj
 0003:00005f60       ?user_matherr@@3V?$dual_state_global@P6AHPAU_exception@@@Z@__crt_state_management@@A 1009ef60     libucrt:matherr.obj
 0003:00005f70       ?fSystemSet@@3HA           1009ef70     libucrt:mbctype.obj
 0003:00005f77       ?initialized@?1??__acrt_initialize_multibyte@@9@4_NA 1009ef77     libucrt:mbctype.obj
 0003:00005f98       ?__acrt_new_handler@@3V?$dual_state_global@P6AHI@Z@__crt_state_management@@A 1009ef98     libucrt:new_handler.obj
 0003:00005f9c       ?__acrt_global_new_mode@@3V?$dual_state_global@J@__crt_state_management@@A 1009ef9c     libucrt:new_mode.obj
 0003:00005fa0       ?mbst@?1??mbrlen@@9@4U_Mbstatet@@A 1009efa0     libucrt:mbrtowc.obj
 0003:00005fac       ?mbst@?1??mbrtowc@@9@4U_Mbstatet@@A 1009efac     libucrt:mbrtowc.obj
 0003:00005fb8       ?mbst@?1??_mbsrtowcs_helper@@YAIPA_WPAPBDIPAU_Mbstatet@@@Z@4U2@A 1009efb8     libucrt:mbrtowc.obj
 0003:00005fd0       ?internal_pst@?1??__mbrtoc32_utf8@__crt_mbstring@@YAIPA_UPBDIPAU_Mbstatet@@@Z@4U3@A 1009efd0     libucrt:mbrtoc32.obj
 0003:00005fe4       ?internal_pst@?1??__c16rtomb_utf8@__crt_mbstring@@YAIPAD_SPAU_Mbstatet@@@Z@4U3@A 1009efe4     libucrt:c16rtomb.obj
 0004:000004e4       .idata$6                   100b44e4     kernel32:KERNEL32.dll
